Archive member included to satisfy reference by file (symbol)

/home/eidengenossen/code/ware/warey/gnu/elf/rtld-libc.a(rtld-check_fds.os)
                              /home/eidengenossen/code/ware/warey/gnu/elf/dl-allobjs.os (__libc_check_standard_fds)
/home/eidengenossen/code/ware/warey/gnu/elf/rtld-libc.a(rtld-errno.os)
                              /home/eidengenossen/code/ware/warey/gnu/elf/dl-allobjs.os (rtld_errno)
/home/eidengenossen/code/ware/warey/gnu/elf/rtld-libc.a(rtld-closedir.os)
                              /home/eidengenossen/code/ware/warey/gnu/elf/dl-allobjs.os (__closedir)
/home/eidengenossen/code/ware/warey/gnu/elf/rtld-libc.a(rtld-fdopendir.os)
                              /home/eidengenossen/code/ware/warey/gnu/elf/dl-allobjs.os (__fdopendir)
/home/eidengenossen/code/ware/warey/gnu/elf/rtld-libc.a(rtld-readdir64.os)
                              /home/eidengenossen/code/ware/warey/gnu/elf/dl-allobjs.os (__readdir64)
/home/eidengenossen/code/ware/warey/gnu/elf/rtld-libc.a(rtld-rewinddir.os)
                              /home/eidengenossen/code/ware/warey/gnu/elf/dl-allobjs.os (__rewinddir)
/home/eidengenossen/code/ware/warey/gnu/elf/rtld-libc.a(rtld-getdents64.os)
                              /home/eidengenossen/code/ware/warey/gnu/elf/rtld-libc.a(rtld-readdir64.os) (__getdents64)
/home/eidengenossen/code/ware/warey/gnu/elf/rtld-libc.a(rtld-dl-addr-obj.os)
                              /home/eidengenossen/code/ware/warey/gnu/elf/dl-allobjs.os (_dl_addr_inside_object)
/home/eidengenossen/code/ware/warey/gnu/elf/rtld-libc.a(rtld-prof-freq.os)
                              /home/eidengenossen/code/ware/warey/gnu/elf/dl-allobjs.os (__profile_frequency)
/home/eidengenossen/code/ware/warey/gnu/elf/rtld-libc.a(rtld-profil.os)
                              /home/eidengenossen/code/ware/warey/gnu/elf/dl-allobjs.os (__profil)
/home/eidengenossen/code/ware/warey/gnu/elf/rtld-libc.a(rtld-access.os)
                              /home/eidengenossen/code/ware/warey/gnu/elf/dl-allobjs.os (__access)
/home/eidengenossen/code/ware/warey/gnu/elf/rtld-libc.a(rtld-fstat64.os)
                              /home/eidengenossen/code/ware/warey/gnu/elf/dl-allobjs.os (__GI___fstat64)
/home/eidengenossen/code/ware/warey/gnu/elf/rtld-libc.a(rtld-fstatat64.os)
                              /home/eidengenossen/code/ware/warey/gnu/elf/dl-allobjs.os (__GI___fstatat64)
/home/eidengenossen/code/ware/warey/gnu/elf/rtld-libc.a(rtld-lseek64.os)
                              /home/eidengenossen/code/ware/warey/gnu/elf/dl-allobjs.os (__lseek)
/home/eidengenossen/code/ware/warey/gnu/elf/rtld-libc.a(rtld-lstat64.os)
                              /home/eidengenossen/code/ware/warey/gnu/elf/dl-allobjs.os (__GI___lstat64)
/home/eidengenossen/code/ware/warey/gnu/elf/rtld-libc.a(rtld-openat64.os)
                              /home/eidengenossen/code/ware/warey/gnu/elf/dl-allobjs.os (__openat64)
/home/eidengenossen/code/ware/warey/gnu/elf/rtld-libc.a(rtld-stat64.os)
                              /home/eidengenossen/code/ware/warey/gnu/elf/dl-allobjs.os (__GI___stat64)
/home/eidengenossen/code/ware/warey/gnu/elf/rtld-libc.a(rtld-close_nocancel.os)
                              /home/eidengenossen/code/ware/warey/gnu/elf/dl-allobjs.os (__GI___close_nocancel)
/home/eidengenossen/code/ware/warey/gnu/elf/rtld-libc.a(rtld-close_nocancel_nostatus.os)
                              /home/eidengenossen/code/ware/warey/gnu/elf/dl-allobjs.os (__GI___close_nocancel_nostatus)
/home/eidengenossen/code/ware/warey/gnu/elf/rtld-libc.a(rtld-fcntl_nocancel.os)
                              /home/eidengenossen/code/ware/warey/gnu/elf/dl-allobjs.os (__GI___fcntl64_nocancel)
/home/eidengenossen/code/ware/warey/gnu/elf/rtld-libc.a(rtld-open64_nocancel.os)
                              /home/eidengenossen/code/ware/warey/gnu/elf/dl-allobjs.os (__GI___open64_nocancel)
/home/eidengenossen/code/ware/warey/gnu/elf/rtld-libc.a(rtld-pread64_nocancel.os)
                              /home/eidengenossen/code/ware/warey/gnu/elf/dl-allobjs.os (__GI___pread64_nocancel)
/home/eidengenossen/code/ware/warey/gnu/elf/rtld-libc.a(rtld-read_nocancel.os)
                              /home/eidengenossen/code/ware/warey/gnu/elf/dl-allobjs.os (__GI___read_nocancel)
/home/eidengenossen/code/ware/warey/gnu/elf/rtld-libc.a(rtld-write_nocancel.os)
                              /home/eidengenossen/code/ware/warey/gnu/elf/dl-allobjs.os (__GI___write_nocancel)
/home/eidengenossen/code/ware/warey/gnu/elf/rtld-libc.a(rtld-scratch_buffer_set_array_size.os)
                              /home/eidengenossen/code/ware/warey/gnu/elf/dl-allobjs.os (__libc_scratch_buffer_set_array_size)
/home/eidengenossen/code/ware/warey/gnu/elf/rtld-libc.a(rtld-fd_to_filename.os)
                              /home/eidengenossen/code/ware/warey/gnu/elf/dl-allobjs.os (__fd_to_filename)
/home/eidengenossen/code/ware/warey/gnu/elf/rtld-libc.a(rtld-mmap64.os)
[...]
Memory Configuration

Name             Origin             Length             Attributes
*default*        0x0000000000000000 0xffffffffffffffff

Linker script and memory map

START GROUP
LOAD /home/eidengenossen/code/ware/warey/gnu/elf/dl-allobjs.os
LOAD /home/eidengenossen/code/ware/warey/gnu/elf/rtld-libc.a
LOAD /usr/lib/gcc/x86_64-redhat-linux/15/libgcc.a
END GROUP

.note.gnu.build-id
 *(.note.gnu.build-id)

.interp
 *(.interp)

.note.gnu.property
                0x0000000000000000       0x30
 .note.gnu.property
                0x0000000000000000       0x30 /home/eidengenossen/code/ware/warey/gnu/elf/dl-allobjs.os

.hash
 *(.hash)

.gnu.hash
 *(.gnu.hash)

.dynsym
 *(.dynsym)

.dynstr
 *(.dynstr)

.gnu.version
 *(.gnu.version)

.gnu.version_d
 *(.gnu.version_d)

.gnu.version_r
 *(.gnu.version_r)

.rela.init
 *(.rela.init)

.rela.text
 *(.rela.text)

.rela.fini
 *(.rela.fini)

.rela.rodata
 *(.rela.rodata)

.rela.data.rel.ro
 *(.rela.data.rel.ro)

.rela.data
 *(.rela.data)

.rela.tdata
 *(.rela.tdata)

.rela.tbss
 *(.rela.tbss)

.rela.ctors
 *(.rela.ctors)

.rela.dtors
 *(.rela.dtors)

.rela.got
 *(.rela.got)

.rela.bss
 *(.rela.bss)

.rela.ldata
 *(.rela.ldata)

.rela.lbss
 *(.rela.lbss)

.rela.lrodata
 *(.rela.lrodata)

.rela.ifunc
 *(.rela.ifunc)

.rela.plt
 *(.rela.plt)

.relr.dyn
 *(.relr.dyn)

.init
 *(SORT_NONE(.init))

.plt
 *(.plt)

.plt.got
 *(.plt.got)

.plt.sec
 *(.plt.sec)

.text           0x0000000000000000    0x26513
 *(.text .stub)
 .text          0x0000000000000000    0x20e3c /home/eidengenossen/code/ware/warey/gnu/elf/dl-allobjs.os
                0x0000000000000000                _dl_call_libc_early_init
                0x0000000000000070                _dl_call_fini
                0x00000000000001c0                _dl_signal_exception
                0x00000000000001c0                __GI__dl_signal_exception
                0x0000000000000220                __GI__dl_signal_error
                0x0000000000000220                _dl_signal_error
                0x0000000000000290                _dl_signal_cexception
                0x0000000000000320                _dl_signal_cerror
                0x00000000000003b0                _dl_receive_error
                0x0000000000000440                _dl_catch_exception
                0x0000000000000440                __GI__dl_catch_exception
                0x00000000000005c0                _dl_catch_error
                0x0000000000000750                _dl_close_worker
                0x0000000000001530                _dl_close
                0x00000000000015a0                _dl_debug_post_relocate
                0x0000000000001630                _dl_debug_update
                0x0000000000001670                _dl_debug_change_state
                0x00000000000016a0                _dl_debug_initialize
                0x00000000000017b0                _dl_debug_state
                0x00000000000017b0                __GI__dl_debug_state
                0x0000000000001800                _dl_map_object_deps
                0x0000000000002780                _dl_error_free
                0x00000000000027a0                _dl_exception_create
                0x00000000000027a0                __GI__dl_exception_create
                0x0000000000002880                __GI__dl_exception_create_format
                0x0000000000002880                _dl_exception_create_format
                0x0000000000002c90                _dl_exception_free
                0x0000000000002c90                __GI__dl_exception_free
                0x0000000000002cb0                _dl_make_stack_executable
                0x0000000000002cf0                _dl_handle_execstack_tunable
                0x0000000000003090                __GI__dl_find_object
                0x0000000000003090                _dl_find_object
                0x0000000000003440                _dlfo_sort_mappings
                0x0000000000003500                _dl_find_object_init
                0x00000000000036c0                _dl_find_object_update
                0x0000000000003b90                _dl_find_object_dlclose
                0x0000000000003c70                _dl_find_object_freeres
                0x0000000000003cc0                _dl_fini
                0x0000000000004010                _dl_init
                0x0000000000005050                _dl_dst_count
                0x00000000000050e0                _dl_dst_substitute
                0x00000000000058e0                _dl_init_paths
                0x0000000000005c80                _dl_process_pt_gnu_property
                0x00000000000077d0                _dl_lookup_map
                0x0000000000007900                _dl_map_new_object
                0x00000000000082f0                _dl_map_object
                0x0000000000008350                _dl_rtld_di_serinfo
                0x0000000000009360                _dl_lookup_symbol_x
                0x0000000000009f20                _dl_lookup_direct
                0x000000000000a0c0                __minimal_malloc
                0x000000000000a200                __minimal_calloc
                0x000000000000a240                __minimal_free
                0x000000000000a280                __minimal_realloc
                0x000000000000a300                _dl_sysdep_read_whole_file
                0x000000000000a3b0                _dl_name_match_p
                0x000000000000a420                _dl_higher_prime_number
                0x000000000000a480                _dl_strtoul
                0x000000000000a640                _dl_add_to_namespace_list
                0x000000000000a6d0                _dl_new_object
                0x000000000000aed0                __GI__dl_find_dso_for_object
                0x000000000000aed0                _dl_find_dso_for_object
                0x000000000000af70                _dl_open
                0x000000000000b350                _dl_show_scope
                0x000000000000be80                _dl_get_origin
                0x000000000000c000                _dl_canonicalize
                0x000000000000c630                _dl_debug_printf
                0x000000000000c6e0                _dl_debug_printf_c
                0x000000000000c790                _dl_dprintf
                0x000000000000c830                _dl_printf
                0x000000000000c8d0                _dl_error_printf
                0x000000000000c970                _dl_fatal_printf
                0x000000000000c970                __GI__dl_fatal_printf
                0x000000000000ca10                _dl_readonly_area
                0x000000000000cb80                _dl_try_allocate_static_tls
                0x000000000000ccb0                _dl_allocate_static_tls
                0x000000000000cce0                _dl_protect_relro
                0x000000000000cd50                _dl_reloc_bad_type
                0x000000000000ce20                _dl_relocate_object_no_relro
                0x000000000000f670                _dl_relocate_object
                0x000000000000f6a0                _dl_fixup
                0x000000000000f950                _dl_profile_fixup
                0x000000000000fc90                _dl_scope_free
                0x000000000000fd60                _dl_setup_hash
                0x000000000000ff30                _dl_sort_maps_init
                0x000000000000ff60                _dl_sort_maps
                0x00000000000103d0                __thread_gscope_wait
                0x00000000000108b0                _dl_tls_static_surplus_init
                0x0000000000010940                _dl_assign_tls_modid
                0x0000000000010a30                _dl_count_modids
                0x0000000000010ab0                _dl_determine_tlsoffset
                0x0000000000010c90                _dl_get_tls_static_info
                0x0000000000010cb0                _dl_allocate_tls_storage
                0x0000000000010db0                __GI__dl_allocate_tls_init
                0x0000000000010db0                _dl_allocate_tls_init
                0x0000000000010fb0                __GI__dl_allocate_tls
                0x0000000000010fb0                _dl_allocate_tls
                0x0000000000010ff0                _dl_deallocate_tls
                0x0000000000010ff0                __GI__dl_deallocate_tls
                0x00000000000110a0                _dl_update_slotinfo
                0x0000000000011290                __GI___tls_get_addr
                0x0000000000011290                ___tls_get_addr
                0x00000000000112f0                _dl_tls_get_addr_soft
                0x0000000000011370                _dl_tls_initial_modid_limit_setup
                0x00000000000113c0                _dl_add_to_slotinfo
                0x0000000000011520                _dl_init_static_tls
                0x0000000000011650                __tls_get_addr_slow
                0x00000000000116a0                __tls_pre_init_tp
                0x00000000000116f0                __tls_init_tp
                0x0000000000011850                _dl_runtime_profile_sse
                0x00000000000119e0                _dl_runtime_resolve_fxsave
                0x0000000000011a60                _dl_runtime_resolve_xsave
                0x0000000000011b30                _dl_runtime_resolve_xsavec
                0x0000000000011df0                __tunable_is_initialized
                0x0000000000011df0                __GI___tunable_is_initialized
                0x0000000000011e10                __GI___tunable_set_val
                0x0000000000011e30                __GI___tunables_init
                0x00000000000122d0                __GI___tunables_print
                0x00000000000123d0                __tunable_get_default
                0x00000000000123d0                __GI___tunable_get_default
                0x0000000000012420                __tunable_get_val
                0x0000000000012420                __GI___tunable_get_val
                0x0000000000012480                _dl_check_map_versions
                0x0000000000012cf0                _dl_check_all_versions
                0x0000000000012d70                _dl_write
                0x0000000000012d80                _dl_cache_libcmp
                0x00000000000134f0                _dl_load_cache_lookup
                0x0000000000013810                _dl_unload_cache
                0x00000000000163b0                __x86_cpu_features
                0x00000000000163d0                _dl_x86_init_cpu_features
                0x00000000000163f0                _dl_x86_get_cpu_features
                0x0000000000016400                _dl_tlsdesc_return
                0x0000000000016410                _dl_tlsdesc_undefweak
                0x0000000000016420                _dl_tlsdesc_dynamic_fxsave
                0x00000000000164d0                _dl_tlsdesc_dynamic_xsave
                0x00000000000165e0                _dl_tlsdesc_dynamic_xsavec
                0x00000000000166e0                __tls_get_addr
                0x0000000000016740                _dl_make_tlsdesc_dynamic
                0x0000000000016a70                _dl_unmap
                0x0000000000016af0                _dl_audit_activity_map
                0x0000000000016ba0                _dl_audit_activity_nsid
                0x0000000000016bd0                _dl_audit_objsearch
                0x0000000000016ca0                _dl_audit_objopen
                0x0000000000016d80                _dl_audit_objclose
                0x0000000000016e30                _dl_audit_preinit
                0x0000000000016ec0                _dl_audit_symbind_alt
                0x0000000000016ec0                __GI__dl_audit_symbind_alt
                0x0000000000017070                _dl_audit_symbind
                0x00000000000172e0                _dl_audit_pltenter
                0x00000000000174f0                _dl_audit_pltexit
                0x00000000000176f0                _dl_diagnostics_print_string
                0x0000000000017770                _dl_diagnostics_print_labeled_string
                0x00000000000177b0                _dl_diagnostics_print_labeled_value
                0x00000000000177d0                _dl_print_diagnostics
                0x0000000000018580                _dl_diagnostics_cpu
                0x0000000000018d80                _dl_diagnostics_kernel
                0x0000000000018e20                _dl_next_ld_env_entry
                0x0000000000018e80                unsetenv
                0x0000000000018fc0                _dl_important_hwcaps
                0x0000000000019340                _dl_hwcaps_subdirs_active
                0x00000000000193c0                _dl_hwcaps_split
                0x0000000000019450                _dl_hwcaps_contains
                0x0000000000019500                _dl_hwcaps_split_masked
                0x00000000000195c0                __rtld_libc_freeres
                0x0000000000019740                __rtld_malloc_init_stubs
                0x0000000000019780                __sigjmp_save
                0x0000000000019790                __strerror_r
                0x0000000000019840                __GI___libc_fatal
                0x0000000000019840                __libc_fatal
                0x0000000000019860                __GI___chk_fail
                0x0000000000019860                __chk_fail
                0x0000000000019870                __rtld_malloc_is_complete
                0x0000000000019960                __rtld_malloc_init_real
                0x0000000000019a70                _itoa
                0x0000000000019ac0                __strsep
                0x0000000000019ac0                strsep
                0x0000000000019ac0                __strsep_g
                0x0000000000019b20                __rtld_mutex_init
                0x0000000000019c00                _dl_start_profile
                0x000000000001a350                __GI__dl_mcount
                0x000000000001a350                _dl_mcount
                0x000000000001a780                _dl_tunable_set_hwcaps
                0x000000000001b320                _dl_sysdep_start
                0x000000000001b3e0                _dl_sysdep_start_cleanup
                0x000000000001b3f0                _dl_show_auxv
                0x000000000001b5a0                _dl_usage
                0x000000000001b5f0                _dl_version
                0x000000000001b610                _dl_help
                0x000000000001b900                _start
                0x000000000001b908                _dl_start_user
                0x000000000001ca30                handle_preload_list
                0x00000000000205e0                __brk
                0x00000000000205e0                brk
                0x0000000000020610                __getcwd
                0x0000000000020610                getcwd
                0x0000000000020c10                openat64
                0x0000000000020c50                __alloc_dir
                0x0000000000020d20                __opendir
                0x0000000000020d20                opendir
                0x0000000000020db0                sbrk
                0x0000000000020db0                __sbrk
 *fill*         0x0000000000020e3c        0x4 
 .text          0x0000000000020e40       0xe2 /home/eidengenossen/code/ware/warey/gnu/elf/rtld-libc.a(rtld-check_fds.os)
                0x0000000000020ef0                __libc_check_standard_fds
 .text          0x0000000000020f22        0x0 /home/eidengenossen/code/ware/warey/gnu/elf/rtld-libc.a(rtld-errno.os)
 *fill*         0x0000000000020f22        0xe 
 .text          0x0000000000020f30       0x26 /home/eidengenossen/code/ware/warey/gnu/elf/rtld-libc.a(rtld-closedir.os)
                0x0000000000020f30                __closedir
                0x0000000000020f30                closedir
 *fill*         0x0000000000020f56        0xa 
 .text          0x0000000000020f60       0x9e /home/eidengenossen/code/ware/warey/gnu/elf/rtld-libc.a(rtld-fdopendir.os)
                0x0000000000020f60                fdopendir
                0x0000000000020f60                __fdopendir
 *fill*         0x0000000000020ffe        0x2 
 .text          0x0000000000021000       0xfd /home/eidengenossen/code/ware/warey/gnu/elf/rtld-libc.a(rtld-readdir64.os)
                0x0000000000021000                readdir
                0x0000000000021000                __readdir64
                0x0000000000021000                __readdir
                0x0000000000021000                readdir64
 *fill*         0x00000000000210fd        0x3 
 .text          0x0000000000021100       0x28 /home/eidengenossen/code/ware/warey/gnu/elf/rtld-libc.a(rtld-rewinddir.os)
                0x0000000000021100                rewinddir
                0x0000000000021100                __rewinddir
 *fill*         0x0000000000021128        0x8 
 .text          0x0000000000021130       0x30 /home/eidengenossen/code/ware/warey/gnu/elf/rtld-libc.a(rtld-getdents64.os)
                0x0000000000021130                getdents64
                0x0000000000021130                __getdents64
 .text          0x0000000000021160       0x6b /home/eidengenossen/code/ware/warey/gnu/elf/rtld-libc.a(rtld-dl-addr-obj.os)
                0x0000000000021160                _dl_addr_inside_object
 *fill*         0x00000000000211cb        0x5 
 .text          0x00000000000211d0        0x7 /home/eidengenossen/code/ware/warey/gnu/elf/rtld-libc.a(rtld-prof-freq.os)
                0x00000000000211d0                __profile_frequency
 *fill*         0x00000000000211d7        0x9 
 .text          0x00000000000211e0       0xf7 /home/eidengenossen/code/ware/warey/gnu/elf/rtld-libc.a(rtld-profil.os)
                0x0000000000021230                __profil
                0x0000000000021230                profil
 *fill*         0x00000000000212d7        0x9 
 .text          0x00000000000212e0       0x1e /home/eidengenossen/code/ware/warey/gnu/elf/rtld-libc.a(rtld-access.os)
                0x00000000000212e0                access
                0x00000000000212e0                __access
 *fill*         0x00000000000212fe        0x2 
 .text          0x0000000000021300       0x1e /home/eidengenossen/code/ware/warey/gnu/elf/rtld-libc.a(rtld-fstat64.os)
                0x0000000000021300                __GI___fstat64
                0x0000000000021300                fstat64
                0x0000000000021300                fstat
                0x0000000000021300                __fstat64
                0x0000000000021300                __fstat
 *fill*         0x000000000002131e        0x2 
 .text          0x0000000000021320       0x26 /home/eidengenossen/code/ware/warey/gnu/elf/rtld-libc.a(rtld-fstatat64.os)
                0x0000000000021320                fstatat
                0x0000000000021320                __fstatat
                0x0000000000021320                fstatat64
                0x0000000000021320                __fstatat64
                0x0000000000021320                __GI___fstatat
                0x0000000000021320                __GI___fstatat64
 *fill*         0x0000000000021346        0xa 
 .text          0x0000000000021350       0x20 /home/eidengenossen/code/ware/warey/gnu/elf/rtld-libc.a(rtld-lseek64.os)
                0x0000000000021350                __lseek64
                0x0000000000021350                lseek
                0x0000000000021350                __libc_lseek64
                0x0000000000021350                __lseek
                0x0000000000021350                __libc_lseek
                0x0000000000021350                lseek64
 .text          0x0000000000021370       0x15 /home/eidengenossen/code/ware/warey/gnu/elf/rtld-libc.a(rtld-lstat64.os)
                0x0000000000021370                __lstat64
                0x0000000000021370                lstat
                0x0000000000021370                lstat64
                0x0000000000021370                __GI___lstat64
                0x0000000000021370                __lstat
 *fill*         0x0000000000021385        0xb 
 .text          0x0000000000021390       0x66 /home/eidengenossen/code/ware/warey/gnu/elf/rtld-libc.a(rtld-openat64.os)
                0x0000000000021390                __openat64
                0x0000000000021390                __libc_openat64
                0x0000000000021390                __openat
                0x0000000000021390                openat
 *fill*         0x00000000000213f6        0xa 
 .text          0x0000000000021400       0x12 /home/eidengenossen/code/ware/warey/gnu/elf/rtld-libc.a(rtld-stat64.os)
                0x0000000000021400                stat64
                0x0000000000021400                __stat
                0x0000000000021400                __stat64
                0x0000000000021400                stat
                0x0000000000021400                __GI___stat64
 *fill*         0x0000000000021412        0xe 
 .text          0x0000000000021420       0x1e /home/eidengenossen/code/ware/warey/gnu/elf/rtld-libc.a(rtld-close_nocancel.os)
                0x0000000000021420                __GI___close_nocancel
 *fill*         0x000000000002143e        0x2 
 .text          0x0000000000021440        0x8 /home/eidengenossen/code/ware/warey/gnu/elf/rtld-libc.a(rtld-close_nocancel_nostatus.os)
                0x0000000000021440                __GI___close_nocancel_nostatus
 *fill*         0x0000000000021448        0x8 
 .text          0x0000000000021450       0xe1 /home/eidengenossen/code/ware/warey/gnu/elf/rtld-libc.a(rtld-fcntl_nocancel.os)
                0x0000000000021450                __fcntl64_nocancel
                0x0000000000021450                __GI___fcntl64_nocancel
                0x00000000000214e0                __fcntl64_nocancel_adjusted
 *fill*         0x0000000000021531        0xf 
 .text          0x0000000000021540       0x6e /home/eidengenossen/code/ware/warey/gnu/elf/rtld-libc.a(rtld-open64_nocancel.os)
                0x0000000000021540                __GI___open_nocancel
                0x0000000000021540                __open_nocancel
                0x0000000000021540                __GI___open64_nocancel
                0x0000000000021540                __open64_nocancel
 *fill*         0x00000000000215ae        0x2 
 .text          0x00000000000215b0       0x28 /home/eidengenossen/code/ware/warey/gnu/elf/rtld-libc.a(rtld-pread64_nocancel.os)
                0x00000000000215b0                __GI___pread64_nocancel
                0x00000000000215b0                __pread64_nocancel
 *fill*         0x00000000000215d8        0x8 
 .text          0x00000000000215e0       0x20 /home/eidengenossen/code/ware/warey/gnu/elf/rtld-libc.a(rtld-read_nocancel.os)
                0x00000000000215e0                __read_nocancel
                0x00000000000215e0                __GI___read_nocancel
 .text          0x0000000000021600       0x20 /home/eidengenossen/code/ware/warey/gnu/elf/rtld-libc.a(rtld-write_nocancel.os)
                0x0000000000021600                __GI___write_nocancel
                0x0000000000021600                __write_nocancel
 .text          0x0000000000021620       0xaf /home/eidengenossen/code/ware/warey/gnu/elf/rtld-libc.a(rtld-scratch_buffer_set_array_size.os)
                0x0000000000021620                __libc_scratch_buffer_set_array_size
 *fill*         0x00000000000216cf        0x1 
 .text          0x00000000000216d0       0x43 /home/eidengenossen/code/ware/warey/gnu/elf/rtld-libc.a(rtld-fd_to_filename.os)
                0x00000000000216d0                __fd_to_filename
 *fill*         0x0000000000021713        0xd 
 .text          0x0000000000021720       0x99 /home/eidengenossen/code/ware/warey/gnu/elf/rtld-libc.a(rtld-mmap64.os)
                0x0000000000021720                __mmap
                0x0000000000021720                mmap
                0x0000000000021720                __mmap64
                0x0000000000021720                mmap64
 *fill*         0x00000000000217b9        0x7 
 .text          0x00000000000217c0       0x20 /home/eidengenossen/code/ware/warey/gnu/elf/rtld-libc.a(rtld-mprotect.os)
                0x00000000000217c0                __mprotect
                0x00000000000217c0                __GI___mprotect
                0x00000000000217c0                __GI_mprotect
                0x00000000000217c0                mprotect
 .text          0x00000000000217e0       0x20 /home/eidengenossen/code/ware/warey/gnu/elf/rtld-libc.a(rtld-munmap.os)
                0x00000000000217e0                munmap
                0x00000000000217e0                __GI___munmap
                0x00000000000217e0                __GI_munmap
                0x00000000000217e0                __munmap
 .text          0x0000000000021800       0xc0 /home/eidengenossen/code/ware/warey/gnu/elf/rtld-libc.a(rtld-setvmaname.os)
                0x0000000000021800                __is_decorate_maps_enabled
                0x0000000000021870                __set_vma_name
 .text          0x00000000000218c0       0xe4 /home/eidengenossen/code/ware/warey/gnu/elf/rtld-libc.a(rtld-lowlevellock.os)
                0x00000000000218c0                __lll_lock_wait_private
                0x0000000000021910                __lll_lock_wait
                0x0000000000021970                __lll_lock_wake_private
                0x0000000000021990                __lll_lock_wake
 *fill*         0x00000000000219a4        0xc 
 .text          0x00000000000219b0       0x22 /home/eidengenossen/code/ware/warey/gnu/elf/rtld-libc.a(rtld-_exit.os)
                0x00000000000219b0                _Exit
                0x00000000000219b0                __GI__exit
                0x00000000000219b0                _exit
 *fill*         0x00000000000219d2        0xe 
 .text          0x00000000000219e0        0x8 /home/eidengenossen/code/ware/warey/gnu/elf/rtld-libc.a(rtld-getpid.os)
                0x00000000000219e0                __getpid
                0x00000000000219e0                getpid
                0x00000000000219e0                __GI_getpid
                0x00000000000219e0                __GI___getpid
 *fill*         0x00000000000219e8        0x8 
 .text          0x00000000000219f0       0x20 /home/eidengenossen/code/ware/warey/gnu/elf/rtld-libc.a(rtld-uname.os)
                0x00000000000219f0                uname
                0x00000000000219f0                __GI_uname
                0x00000000000219f0                __uname
                0x00000000000219f0                __GI___uname
 .text          0x0000000000021a10        0x0 /home/eidengenossen/code/ware/warey/gnu/elf/rtld-libc.a(rtld-environ.os)
 .text          0x0000000000021a10       0x4f /home/eidengenossen/code/ware/warey/gnu/elf/rtld-libc.a(rtld-setjmp.os)
                0x0000000000021a10                __sigsetjmp
                0x0000000000021a10                __GI___sigsetjmp
 *fill*         0x0000000000021a5f        0x1 
 .text          0x0000000000021a60       0x4a /home/eidengenossen/code/ware/warey/gnu/elf/rtld-libc.a(rtld-__longjmp.os)
                0x0000000000021a60                __longjmp
 *fill*         0x0000000000021aaa        0x6 
 .text          0x0000000000021ab0      0x1a7 /home/eidengenossen/code/ware/warey/gnu/elf/rtld-libc.a(rtld-libc_sigaction.os)
                0x0000000000021ad0                __libc_sigaction
 *fill*         0x0000000000021c57       0x29 
 .text          0x0000000000021c80      0x188 /home/eidengenossen/code/ware/warey/gnu/elf/rtld-libc.a(rtld-_fitoa_word.os)
                0x0000000000021c80                _itoa_word
                0x0000000000021db0                _fitoa_word
 .text          0x0000000000021e08        0x0 /home/eidengenossen/code/ware/warey/gnu/elf/rtld-libc.a(rtld-itoa-udigits.os)
 *fill*         0x0000000000021e08       0x18 
 .text          0x0000000000021e20       0xa5 /home/eidengenossen/code/ware/warey/gnu/elf/rtld-libc.a(rtld-getenv.os)
                0x0000000000021e20                getenv
 *fill*         0x0000000000021ec5        0xb 
 .text          0x0000000000021ed0      0x323 /home/eidengenossen/code/ware/warey/gnu/elf/rtld-libc.a(rtld-memchr.os)
                0x0000000000021ed0                memchr
                0x0000000000021ed0                __memchr
 *fill*         0x00000000000221f3        0xd 
 .text          0x0000000000022200      0x2d0 /home/eidengenossen/code/ware/warey/gnu/elf/rtld-libc.a(rtld-memcmp.os)
                0x0000000000022200                bcmp
                0x0000000000022200                memcmp
 .text          0x00000000000224d0      0x1e1 /home/eidengenossen/code/ware/warey/gnu/elf/rtld-libc.a(rtld-memmove.os)
                0x00000000000224d0                mempcpy
                0x00000000000224d0                __mempcpy
                0x00000000000224e0                memmove
                0x00000000000224e0                memcpy
 *fill*         0x00000000000226b1        0xf 
 .text          0x00000000000226c0       0xc9 /home/eidengenossen/code/ware/warey/gnu/elf/rtld-libc.a(rtld-memset.os)
                0x00000000000226c0                memset
 *fill*         0x0000000000022789        0x7 
 .text          0x0000000000022790      0x6b0 /home/eidengenossen/code/ware/warey/gnu/elf/rtld-libc.a(rtld-stpcpy.os)
                0x0000000000022790                stpcpy
                0x0000000000022790                __stpcpy
 .text          0x0000000000022e40      0x21a /home/eidengenossen/code/ware/warey/gnu/elf/rtld-libc.a(rtld-strchr.os)
                0x0000000000022e40                index
                0x0000000000022e40                strchr
 *fill*         0x000000000002305a        0x6 
 .text          0x0000000000023060     0x1439 /home/eidengenossen/code/ware/warey/gnu/elf/rtld-libc.a(rtld-strcmp.os)
                0x0000000000023060                strcmp
 *fill*         0x0000000000024499       0x27 
 .text          0x00000000000244c0      0x17d /home/eidengenossen/code/ware/warey/gnu/elf/rtld-libc.a(rtld-strcspn.os)
                0x00000000000244c0                strcspn
 *fill*         0x000000000002463d        0x3 
 .text          0x0000000000024640       0x41 /home/eidengenossen/code/ware/warey/gnu/elf/rtld-libc.a(rtld-strdup.os)
                0x0000000000024640                __strdup
                0x0000000000024640                strdup
 *fill*         0x0000000000024681        0xf 
 .text          0x0000000000024690        0x5 /home/eidengenossen/code/ware/warey/gnu/elf/rtld-libc.a(rtld-strerrorname_np.os)
                0x0000000000024690                strerrorname_np
 *fill*         0x0000000000024695        0xb 
 .text          0x00000000000246a0      0x19c /home/eidengenossen/code/ware/warey/gnu/elf/rtld-libc.a(rtld-strlen.os)
                0x00000000000246a0                strlen
 *fill*         0x000000000002483c        0x4 
 .text          0x0000000000024840     0x1849 /home/eidengenossen/code/ware/warey/gnu/elf/rtld-libc.a(rtld-strncmp.os)
                0x0000000000024840                strncmp
 *fill*         0x0000000000026089        0x7 
 .text          0x0000000000026090      0x218 /home/eidengenossen/code/ware/warey/gnu/elf/rtld-libc.a(rtld-strnlen.os)
                0x0000000000026090                __strnlen
                0x0000000000026090                strnlen
 *fill*         0x00000000000262a8        0x8 
 .text          0x00000000000262b0      0x20a /home/eidengenossen/code/ware/warey/gnu/elf/rtld-libc.a(rtld-strchrnul.os)
                0x00000000000262b0                __strchrnul
                0x00000000000262b0                strchrnul
 *fill*         0x00000000000264ba        0x6 
 .text          0x00000000000264c0       0x1e /home/eidengenossen/code/ware/warey/gnu/elf/rtld-libc.a(rtld-setitimer.os)
                0x00000000000264c0                setitimer
                0x00000000000264c0                __setitimer
 *fill*         0x00000000000264de        0x2 
 .text          0x00000000000264e0       0x33 /home/eidengenossen/code/ware/warey/gnu/elf/rtld-libc.a(rtld-errname.os)
                0x00000000000264e0                __get_errname
 *(.gnu.warning)

.text.unlikely  0x0000000000000000      0xf07
 .text.unlikely
                0x0000000000000000      0xee8 /home/eidengenossen/code/ware/warey/gnu/elf/dl-allobjs.os
                0x0000000000000916                __GI___assert_fail
                0x0000000000000916                __assert_fail
                0x000000000000097d                __GI___assert_perror_fail
                0x000000000000097d                __assert_perror_fail
 .text.unlikely
                0x0000000000000ee8       0x1f /home/eidengenossen/code/ware/warey/gnu/elf/rtld-libc.a(rtld-fd_to_filename.os)

.text.evex512   0x0000000000000000      0x3f9
 .text.evex512  0x0000000000000000      0x3f9 /home/eidengenossen/code/ware/warey/gnu/elf/dl-allobjs.os
                0x0000000000000000                _dl_runtime_profile_avx512

.text.avx       0x0000000000000000      0x3eb
 .text.avx      0x0000000000000000      0x3eb /home/eidengenossen/code/ware/warey/gnu/elf/dl-allobjs.os
                0x0000000000000000                _dl_runtime_profile_avx

.text.compat    0x0000000000000000        0x1
 .text.compat   0x0000000000000000        0x1 /home/eidengenossen/code/ware/warey/gnu/elf/dl-allobjs.os
                0x0000000000000000                __rtld_version_placeholder_1
                0x0000000000000000                __rtld_version_placeholder@GLIBC_2.34

.fini
 *(SORT_NONE(.fini))

.rodata         0x0000000000000000     0x1a35
 *(.rodata)
 .rodata        0x0000000000000000     0x13be /home/eidengenossen/code/ware/warey/gnu/elf/dl-allobjs.os
 .rodata        0x00000000000013be       0x80 /home/eidengenossen/code/ware/warey/gnu/elf/rtld-libc.a(rtld-stpcpy.os)
 *fill*         0x000000000000143e        0x2 
 .rodata        0x0000000000001440       0x40 /home/eidengenossen/code/ware/warey/gnu/elf/rtld-libc.a(rtld-strcmp.os)
 .rodata        0x0000000000001480       0x40 /home/eidengenossen/code/ware/warey/gnu/elf/rtld-libc.a(rtld-strncmp.os)
 .rodata        0x00000000000014c0      0x575 /home/eidengenossen/code/ware/warey/gnu/elf/rtld-libc.a(rtld-errname.os)

.rodata.str1.1  0x0000000000000000     0x192a
 .rodata.str1.1
                0x0000000000000000     0x18f5 /home/eidengenossen/code/ware/warey/gnu/elf/dl-allobjs.os
 .rodata.str1.1
                0x00000000000018f5       0x14 /home/eidengenossen/code/ware/warey/gnu/elf/rtld-libc.a(rtld-check_fds.os)
 .rodata.str1.1
                0x0000000000001909       0x21 /home/eidengenossen/code/ware/warey/gnu/elf/rtld-libc.a(rtld-fd_to_filename.os)

.rodata.str1.16
                0x0000000000000000      0x571
 .rodata.str1.16
                0x0000000000000000      0x555 /home/eidengenossen/code/ware/warey/gnu/elf/dl-allobjs.os
                0x0000000000000390                _dl_hwcaps_subdirs
                0x00000000000003f0                __GI__itoa_lower_digits
                0x00000000000003f0                _itoa_lower_digits
 *fill*         0x0000000000000555        0xb 
 .rodata.str1.16
                0x0000000000000560       0x11 /home/eidengenossen/code/ware/warey/gnu/elf/rtld-libc.a(rtld-fd_to_filename.os)

.rodata.str1.8  0x0000000000000000     0x317f
 .rodata.str1.8
                0x0000000000000000     0x3141 /home/eidengenossen/code/ware/warey/gnu/elf/dl-allobjs.os
 *fill*         0x0000000000003141        0x7 
 .rodata.str1.8
                0x0000000000003148       0x37 /home/eidengenossen/code/ware/warey/gnu/elf/rtld-libc.a(rtld-lowlevellock.os)

.rodata.str1.32
                0x0000000000000000       0x85
 .rodata.str1.32
                0x0000000000000000       0x5b /home/eidengenossen/code/ware/warey/gnu/elf/dl-allobjs.os
 *fill*         0x000000000000005b        0x5 
 .rodata.str1.32
                0x0000000000000060       0x25 /home/eidengenossen/code/ware/warey/gnu/elf/rtld-libc.a(rtld-itoa-udigits.os)
                0x0000000000000060                __GI__itoa_upper_digits

.rodata.cst4    0x0000000000000000        0x8
 .rodata.cst4   0x0000000000000000        0x8 /home/eidengenossen/code/ware/warey/gnu/elf/dl-allobjs.os
                0x0000000000000004                __rseq_flags

.rodata.cst16   0x0000000000000000       0x50
 .rodata.cst16  0x0000000000000000       0x50 /home/eidengenossen/code/ware/warey/gnu/elf/dl-allobjs.os

.rodata.cst2    0x0000000000000000        0x2
 .rodata.cst2   0x0000000000000000        0x2 /home/eidengenossen/code/ware/warey/gnu/elf/dl-allobjs.os

.rodata.cst8    0x0000000000000000        0x8
 .rodata.cst8   0x0000000000000000        0x8 /home/eidengenossen/code/ware/warey/gnu/elf/dl-allobjs.os

.rodata1
 *(.rodata1)

.eh_frame_hdr
 *(.eh_frame_hdr)

.eh_frame       0x0000000000000000     0x475c
 *(.eh_frame)
 .eh_frame      0x0000000000000000     0x3a68 /home/eidengenossen/code/ware/warey/gnu/elf/dl-allobjs.os
                                       0x3ae0 (size before relaxing)
 .eh_frame      0x0000000000003a68       0x60 /home/eidengenossen/code/ware/warey/gnu/elf/rtld-libc.a(rtld-check_fds.os)
 .eh_frame      0x0000000000003ac8       0x38 /home/eidengenossen/code/ware/warey/gnu/elf/rtld-libc.a(rtld-closedir.os)
 .eh_frame      0x0000000000003b00       0x50 /home/eidengenossen/code/ware/warey/gnu/elf/rtld-libc.a(rtld-fdopendir.os)
 .eh_frame      0x0000000000003b50       0x48 /home/eidengenossen/code/ware/warey/gnu/elf/rtld-libc.a(rtld-readdir64.os)
 .eh_frame      0x0000000000003b98       0x38 /home/eidengenossen/code/ware/warey/gnu/elf/rtld-libc.a(rtld-rewinddir.os)
 .eh_frame      0x0000000000003bd0       0x30 /home/eidengenossen/code/ware/warey/gnu/elf/rtld-libc.a(rtld-getdents64.os)
 .eh_frame      0x0000000000003c00       0x30 /home/eidengenossen/code/ware/warey/gnu/elf/rtld-libc.a(rtld-dl-addr-obj.os)
 .eh_frame      0x0000000000003c30       0x30 /home/eidengenossen/code/ware/warey/gnu/elf/rtld-libc.a(rtld-prof-freq.os)
 .eh_frame      0x0000000000003c60       0x48 /home/eidengenossen/code/ware/warey/gnu/elf/rtld-libc.a(rtld-profil.os)
 .eh_frame      0x0000000000003ca8       0x30 /home/eidengenossen/code/ware/warey/gnu/elf/rtld-libc.a(rtld-access.os)
 .eh_frame      0x0000000000003cd8       0x30 /home/eidengenossen/code/ware/warey/gnu/elf/rtld-libc.a(rtld-fstat64.os)
 .eh_frame      0x0000000000003d08       0x30 /home/eidengenossen/code/ware/warey/gnu/elf/rtld-libc.a(rtld-fstatat64.os)
 .eh_frame      0x0000000000003d38       0x30 /home/eidengenossen/code/ware/warey/gnu/elf/rtld-libc.a(rtld-lseek64.os)
 .eh_frame      0x0000000000003d68       0x30 /home/eidengenossen/code/ware/warey/gnu/elf/rtld-libc.a(rtld-lstat64.os)
 .eh_frame      0x0000000000003d98       0x30 /home/eidengenossen/code/ware/warey/gnu/elf/rtld-libc.a(rtld-openat64.os)
 .eh_frame      0x0000000000003dc8       0x30 /home/eidengenossen/code/ware/warey/gnu/elf/rtld-libc.a(rtld-stat64.os)
 .eh_frame      0x0000000000003df8       0x30 /home/eidengenossen/code/ware/warey/gnu/elf/rtld-libc.a(rtld-close_nocancel.os)
 .eh_frame      0x0000000000003e28       0x30 /home/eidengenossen/code/ware/warey/gnu/elf/rtld-libc.a(rtld-close_nocancel_nostatus.os)
 .eh_frame      0x0000000000003e58       0x40 /home/eidengenossen/code/ware/warey/gnu/elf/rtld-libc.a(rtld-fcntl_nocancel.os)
 .eh_frame      0x0000000000003e98       0x30 /home/eidengenossen/code/ware/warey/gnu/elf/rtld-libc.a(rtld-open64_nocancel.os)
 .eh_frame      0x0000000000003ec8       0x30 /home/eidengenossen/code/ware/warey/gnu/elf/rtld-libc.a(rtld-pread64_nocancel.os)
 .eh_frame      0x0000000000003ef8       0x30 /home/eidengenossen/code/ware/warey/gnu/elf/rtld-libc.a(rtld-read_nocancel.os)
 .eh_frame      0x0000000000003f28       0x30 /home/eidengenossen/code/ware/warey/gnu/elf/rtld-libc.a(rtld-write_nocancel.os)
 .eh_frame      0x0000000000003f58       0x58 /home/eidengenossen/code/ware/warey/gnu/elf/rtld-libc.a(rtld-scratch_buffer_set_array_size.os)
 .eh_frame      0x0000000000003fb0       0x50 /home/eidengenossen/code/ware/warey/gnu/elf/rtld-libc.a(rtld-fd_to_filename.os)
 .eh_frame      0x0000000000004000       0x48 /home/eidengenossen/code/ware/warey/gnu/elf/rtld-libc.a(rtld-mmap64.os)
 .eh_frame      0x0000000000004048       0x30 /home/eidengenossen/code/ware/warey/gnu/elf/rtld-libc.a(rtld-mprotect.os)
 .eh_frame      0x0000000000004078       0x30 /home/eidengenossen/code/ware/warey/gnu/elf/rtld-libc.a(rtld-munmap.os)
 .eh_frame      0x00000000000040a8       0x70 /home/eidengenossen/code/ware/warey/gnu/elf/rtld-libc.a(rtld-setvmaname.os)
 .eh_frame      0x0000000000004118       0x70 /home/eidengenossen/code/ware/warey/gnu/elf/rtld-libc.a(rtld-lowlevellock.os)
 .eh_frame      0x0000000000004188       0x30 /home/eidengenossen/code/ware/warey/gnu/elf/rtld-libc.a(rtld-_exit.os)
 .eh_frame      0x00000000000041b8       0x30 /home/eidengenossen/code/ware/warey/gnu/elf/rtld-libc.a(rtld-getpid.os)
 .eh_frame      0x00000000000041e8       0x30 /home/eidengenossen/code/ware/warey/gnu/elf/rtld-libc.a(rtld-uname.os)
 .eh_frame      0x0000000000004218       0x30 /home/eidengenossen/code/ware/warey/gnu/elf/rtld-libc.a(rtld-setjmp.os)
 .eh_frame      0x0000000000004248       0x48 /home/eidengenossen/code/ware/warey/gnu/elf/rtld-libc.a(rtld-__longjmp.os)
 .eh_frame      0x0000000000004290       0xc8 /home/eidengenossen/code/ware/warey/gnu/elf/rtld-libc.a(rtld-libc_sigaction.os)
                                         0xd0 (size before relaxing)
 .eh_frame      0x0000000000004358       0x50 /home/eidengenossen/code/ware/warey/gnu/elf/rtld-libc.a(rtld-_fitoa_word.os)
 .eh_frame      0x00000000000043a8       0x78 /home/eidengenossen/code/ware/warey/gnu/elf/rtld-libc.a(rtld-getenv.os)
 .eh_frame      0x0000000000004420       0x30 /home/eidengenossen/code/ware/warey/gnu/elf/rtld-libc.a(rtld-memchr.os)
 .eh_frame      0x0000000000004450       0x30 /home/eidengenossen/code/ware/warey/gnu/elf/rtld-libc.a(rtld-memcmp.os)
 .eh_frame      0x0000000000004480       0x40 /home/eidengenossen/code/ware/warey/gnu/elf/rtld-libc.a(rtld-memmove.os)
 .eh_frame      0x00000000000044c0       0x30 /home/eidengenossen/code/ware/warey/gnu/elf/rtld-libc.a(rtld-memset.os)
 .eh_frame      0x00000000000044f0       0x30 /home/eidengenossen/code/ware/warey/gnu/elf/rtld-libc.a(rtld-stpcpy.os)
 .eh_frame      0x0000000000004520       0x30 /home/eidengenossen/code/ware/warey/gnu/elf/rtld-libc.a(rtld-strchr.os)
 .eh_frame      0x0000000000004550       0x30 /home/eidengenossen/code/ware/warey/gnu/elf/rtld-libc.a(rtld-strcmp.os)
 .eh_frame      0x0000000000004580       0x40 /home/eidengenossen/code/ware/warey/gnu/elf/rtld-libc.a(rtld-strcspn.os)
 .eh_frame      0x00000000000045c0       0x50 /home/eidengenossen/code/ware/warey/gnu/elf/rtld-libc.a(rtld-strdup.os)
 .eh_frame      0x0000000000004610       0x30 /home/eidengenossen/code/ware/warey/gnu/elf/rtld-libc.a(rtld-strerrorname_np.os)
 .eh_frame      0x0000000000004640       0x30 /home/eidengenossen/code/ware/warey/gnu/elf/rtld-libc.a(rtld-strlen.os)
 .eh_frame      0x0000000000004670       0x30 /home/eidengenossen/code/ware/warey/gnu/elf/rtld-libc.a(rtld-strncmp.os)
 .eh_frame      0x00000000000046a0       0x30 /home/eidengenossen/code/ware/warey/gnu/elf/rtld-libc.a(rtld-strnlen.os)
 .eh_frame      0x00000000000046d0       0x30 /home/eidengenossen/code/ware/warey/gnu/elf/rtld-libc.a(rtld-strchrnul.os)
 .eh_frame      0x0000000000004700       0x30 /home/eidengenossen/code/ware/warey/gnu/elf/rtld-libc.a(rtld-setitimer.os)
 .eh_frame      0x0000000000004730       0x2c /home/eidengenossen/code/ware/warey/gnu/elf/rtld-libc.a(rtld-errname.os)
                                         0x30 (size before relaxing)

.sframe
 *(.sframe)

.gcc_except_table
 *(.gcc_except_table)

.gnu_extab
 *(.gnu_extab*)

.exception_ranges
 *(.exception_ranges)

.note.build-id
 *(.note.build-id)

.note.GNU-stack
                0x000000000000475c        0x0
 *(.note.GNU-stack)
 .note.GNU-stack
                0x000000000000475c        0x0 /home/eidengenossen/code/ware/warey/gnu/elf/dl-allobjs.os
 .note.GNU-stack
                0x000000000000475c        0x0 /home/eidengenossen/code/ware/warey/gnu/elf/rtld-libc.a(rtld-check_fds.os)
 .note.GNU-stack
                0x000000000000475c        0x0 /home/eidengenossen/code/ware/warey/gnu/elf/rtld-libc.a(rtld-errno.os)
 .note.GNU-stack
                0x000000000000475c        0x0 /home/eidengenossen/code/ware/warey/gnu/elf/rtld-libc.a(rtld-closedir.os)
 .note.GNU-stack
                0x000000000000475c        0x0 /home/eidengenossen/code/ware/warey/gnu/elf/rtld-libc.a(rtld-fdopendir.os)
 .note.GNU-stack
                0x000000000000475c        0x0 /home/eidengenossen/code/ware/warey/gnu/elf/rtld-libc.a(rtld-readdir64.os)
 .note.GNU-stack
                0x000000000000475c        0x0 /home/eidengenossen/code/ware/warey/gnu/elf/rtld-libc.a(rtld-rewinddir.os)
 .note.GNU-stack
                0x000000000000475c        0x0 /home/eidengenossen/code/ware/warey/gnu/elf/rtld-libc.a(rtld-getdents64.os)
 .note.GNU-stack
                0x000000000000475c        0x0 /home/eidengenossen/code/ware/warey/gnu/elf/rtld-libc.a(rtld-dl-addr-obj.os)
 .note.GNU-stack
                0x000000000000475c        0x0 /home/eidengenossen/code/ware/warey/gnu/elf/rtld-libc.a(rtld-prof-freq.os)
 .note.GNU-stack
                0x000000000000475c        0x0 /home/eidengenossen/code/ware/warey/gnu/elf/rtld-libc.a(rtld-profil.os)
 .note.GNU-stack
                0x000000000000475c        0x0 /home/eidengenossen/code/ware/warey/gnu/elf/rtld-libc.a(rtld-access.os)
 .note.GNU-stack
                0x000000000000475c        0x0 /home/eidengenossen/code/ware/warey/gnu/elf/rtld-libc.a(rtld-fstat64.os)
 .note.GNU-stack
                0x000000000000475c        0x0 /home/eidengenossen/code/ware/warey/gnu/elf/rtld-libc.a(rtld-fstatat64.os)
 .note.GNU-stack
                0x000000000000475c        0x0 /home/eidengenossen/code/ware/warey/gnu/elf/rtld-libc.a(rtld-lseek64.os)
 .note.GNU-stack
                0x000000000000475c        0x0 /home/eidengenossen/code/ware/warey/gnu/elf/rtld-libc.a(rtld-lstat64.os)
 .note.GNU-stack
                0x000000000000475c        0x0 /home/eidengenossen/code/ware/warey/gnu/elf/rtld-libc.a(rtld-openat64.os)
 .note.GNU-stack
                0x000000000000475c        0x0 /home/eidengenossen/code/ware/warey/gnu/elf/rtld-libc.a(rtld-stat64.os)
 .note.GNU-stack
                0x000000000000475c        0x0 /home/eidengenossen/code/ware/warey/gnu/elf/rtld-libc.a(rtld-close_nocancel.os)
 .note.GNU-stack
                0x000000000000475c        0x0 /home/eidengenossen/code/ware/warey/gnu/elf/rtld-libc.a(rtld-close_nocancel_nostatus.os)
 .note.GNU-stack
                0x000000000000475c        0x0 /home/eidengenossen/code/ware/warey/gnu/elf/rtld-libc.a(rtld-fcntl_nocancel.os)
 .note.GNU-stack
                0x000000000000475c        0x0 /home/eidengenossen/code/ware/warey/gnu/elf/rtld-libc.a(rtld-open64_nocancel.os)
 .note.GNU-stack
                0x000000000000475c        0x0 /home/eidengenossen/code/ware/warey/gnu/elf/rtld-libc.a(rtld-pread64_nocancel.os)
 .note.GNU-stack
                0x000000000000475c        0x0 /home/eidengenossen/code/ware/warey/gnu/elf/rtld-libc.a(rtld-read_nocancel.os)
 .note.GNU-stack
                0x000000000000475c        0x0 /home/eidengenossen/code/ware/warey/gnu/elf/rtld-libc.a(rtld-write_nocancel.os)
 .note.GNU-stack
                0x000000000000475c        0x0 /home/eidengenossen/code/ware/warey/gnu/elf/rtld-libc.a(rtld-scratch_buffer_set_array_size.os)
 .note.GNU-stack
                0x000000000000475c        0x0 /home/eidengenossen/code/ware/warey/gnu/elf/rtld-libc.a(rtld-fd_to_filename.os)
 .note.GNU-stack
                0x000000000000475c        0x0 /home/eidengenossen/code/ware/warey/gnu/elf/rtld-libc.a(rtld-mmap64.os)
 .note.GNU-stack
                0x000000000000475c        0x0 /home/eidengenossen/code/ware/warey/gnu/elf/rtld-libc.a(rtld-mprotect.os)
 .note.GNU-stack
                0x000000000000475c        0x0 /home/eidengenossen/code/ware/warey/gnu/elf/rtld-libc.a(rtld-munmap.os)
 .note.GNU-stack
                0x000000000000475c        0x0 /home/eidengenossen/code/ware/warey/gnu/elf/rtld-libc.a(rtld-setvmaname.os)
 .note.GNU-stack
                0x000000000000475c        0x0 /home/eidengenossen/code/ware/warey/gnu/elf/rtld-libc.a(rtld-lowlevellock.os)
 .note.GNU-stack
                0x000000000000475c        0x0 /home/eidengenossen/code/ware/warey/gnu/elf/rtld-libc.a(rtld-_exit.os)
 .note.GNU-stack
                0x000000000000475c        0x0 /home/eidengenossen/code/ware/warey/gnu/elf/rtld-libc.a(rtld-getpid.os)
 .note.GNU-stack
                0x000000000000475c        0x0 /home/eidengenossen/code/ware/warey/gnu/elf/rtld-libc.a(rtld-uname.os)
 .note.GNU-stack
                0x000000000000475c        0x0 /home/eidengenossen/code/ware/warey/gnu/elf/rtld-libc.a(rtld-environ.os)
 .note.GNU-stack
                0x000000000000475c        0x0 /home/eidengenossen/code/ware/warey/gnu/elf/rtld-libc.a(rtld-setjmp.os)
 .note.GNU-stack
                0x000000000000475c        0x0 /home/eidengenossen/code/ware/warey/gnu/elf/rtld-libc.a(rtld-__longjmp.os)
 .note.GNU-stack
                0x000000000000475c        0x0 /home/eidengenossen/code/ware/warey/gnu/elf/rtld-libc.a(rtld-libc_sigaction.os)
 .note.GNU-stack
                0x000000000000475c        0x0 /home/eidengenossen/code/ware/warey/gnu/elf/rtld-libc.a(rtld-_fitoa_word.os)
 .note.GNU-stack
                0x000000000000475c        0x0 /home/eidengenossen/code/ware/warey/gnu/elf/rtld-libc.a(rtld-itoa-udigits.os)
 .note.GNU-stack
                0x000000000000475c        0x0 /home/eidengenossen/code/ware/warey/gnu/elf/rtld-libc.a(rtld-getenv.os)
 .note.GNU-stack
                0x000000000000475c        0x0 /home/eidengenossen/code/ware/warey/gnu/elf/rtld-libc.a(rtld-memchr.os)
 .note.GNU-stack
                0x000000000000475c        0x0 /home/eidengenossen/code/ware/warey/gnu/elf/rtld-libc.a(rtld-memcmp.os)
 .note.GNU-stack
                0x000000000000475c        0x0 /home/eidengenossen/code/ware/warey/gnu/elf/rtld-libc.a(rtld-memmove.os)
 .note.GNU-stack
                0x000000000000475c        0x0 /home/eidengenossen/code/ware/warey/gnu/elf/rtld-libc.a(rtld-memset.os)
 .note.GNU-stack
                0x000000000000475c        0x0 /home/eidengenossen/code/ware/warey/gnu/elf/rtld-libc.a(rtld-stpcpy.os)
 .note.GNU-stack
                0x000000000000475c        0x0 /home/eidengenossen/code/ware/warey/gnu/elf/rtld-libc.a(rtld-strchr.os)
 .note.GNU-stack
                0x000000000000475c        0x0 /home/eidengenossen/code/ware/warey/gnu/elf/rtld-libc.a(rtld-strcmp.os)
 .note.GNU-stack
                0x000000000000475c        0x0 /home/eidengenossen/code/ware/warey/gnu/elf/rtld-libc.a(rtld-strcspn.os)
 .note.GNU-stack
                0x000000000000475c        0x0 /home/eidengenossen/code/ware/warey/gnu/elf/rtld-libc.a(rtld-strdup.os)
 .note.GNU-stack
                0x000000000000475c        0x0 /home/eidengenossen/code/ware/warey/gnu/elf/rtld-libc.a(rtld-strerrorname_np.os)
 .note.GNU-stack
                0x000000000000475c        0x0 /home/eidengenossen/code/ware/warey/gnu/elf/rtld-libc.a(rtld-strlen.os)
 .note.GNU-stack
                0x000000000000475c        0x0 /home/eidengenossen/code/ware/warey/gnu/elf/rtld-libc.a(rtld-strncmp.os)
 .note.GNU-stack
                0x000000000000475c        0x0 /home/eidengenossen/code/ware/warey/gnu/elf/rtld-libc.a(rtld-strnlen.os)
 .note.GNU-stack
                0x000000000000475c        0x0 /home/eidengenossen/code/ware/warey/gnu/elf/rtld-libc.a(rtld-strchrnul.os)
 .note.GNU-stack
                0x000000000000475c        0x0 /home/eidengenossen/code/ware/warey/gnu/elf/rtld-libc.a(rtld-setitimer.os)
 .note.GNU-stack
                0x000000000000475c        0x0 /home/eidengenossen/code/ware/warey/gnu/elf/rtld-libc.a(rtld-errname.os)

.note.gnu-property
 *(.note.gnu-property)

.note.ABI-tag
 *(.note.ABI-tag)

.note.package
 *(.note.package)

.note.dlopen
 *(.note.dlopen)

.note.netbsd.ident
 *(.note.netbsd.ident)

.note.openbsd.ident
 *(.note.openbsd.ident)

.eh_frame
 *(.eh_frame)

.sframe
 *(.sframe)

.gnu_extab
 *(.gnu_extab)

.gcc_except_table
 *(.gcc_except_table)

.exception_ranges
 *(.exception_ranges)

.tdata
 *(.tdata)

.tbss
 *(.tbss)

.jcr
 *(.jcr)

.dynamic
 *(.dynamic)

.got
 *(.got)

.got.plt
 *(.got.plt)

.data           0x0000000000000000      0x84c
 *(.data)
 .data          0x0000000000000000      0x848 /home/eidengenossen/code/ware/warey/gnu/elf/dl-allobjs.os
                0x0000000000000000                _rtld_global
                0x0000000000000000                _rtld_local
 .data          0x0000000000000848        0x0 /home/eidengenossen/code/ware/warey/gnu/elf/rtld-libc.a(rtld-check_fds.os)
 .data          0x0000000000000848        0x0 /home/eidengenossen/code/ware/warey/gnu/elf/rtld-libc.a(rtld-errno.os)
 .data          0x0000000000000848        0x0 /home/eidengenossen/code/ware/warey/gnu/elf/rtld-libc.a(rtld-closedir.os)
 .data          0x0000000000000848        0x0 /home/eidengenossen/code/ware/warey/gnu/elf/rtld-libc.a(rtld-fdopendir.os)
 .data          0x0000000000000848        0x0 /home/eidengenossen/code/ware/warey/gnu/elf/rtld-libc.a(rtld-readdir64.os)
 .data          0x0000000000000848        0x0 /home/eidengenossen/code/ware/warey/gnu/elf/rtld-libc.a(rtld-rewinddir.os)
 .data          0x0000000000000848        0x0 /home/eidengenossen/code/ware/warey/gnu/elf/rtld-libc.a(rtld-getdents64.os)
 .data          0x0000000000000848        0x0 /home/eidengenossen/code/ware/warey/gnu/elf/rtld-libc.a(rtld-dl-addr-obj.os)
 .data          0x0000000000000848        0x0 /home/eidengenossen/code/ware/warey/gnu/elf/rtld-libc.a(rtld-prof-freq.os)
 .data          0x0000000000000848        0x0 /home/eidengenossen/code/ware/warey/gnu/elf/rtld-libc.a(rtld-profil.os)
 .data          0x0000000000000848        0x0 /home/eidengenossen/code/ware/warey/gnu/elf/rtld-libc.a(rtld-access.os)
 .data          0x0000000000000848        0x0 /home/eidengenossen/code/ware/warey/gnu/elf/rtld-libc.a(rtld-fstat64.os)
 .data          0x0000000000000848        0x0 /home/eidengenossen/code/ware/warey/gnu/elf/rtld-libc.a(rtld-fstatat64.os)
 .data          0x0000000000000848        0x0 /home/eidengenossen/code/ware/warey/gnu/elf/rtld-libc.a(rtld-lseek64.os)
 .data          0x0000000000000848        0x0 /home/eidengenossen/code/ware/warey/gnu/elf/rtld-libc.a(rtld-lstat64.os)
 .data          0x0000000000000848        0x0 /home/eidengenossen/code/ware/warey/gnu/elf/rtld-libc.a(rtld-openat64.os)
 .data          0x0000000000000848        0x0 /home/eidengenossen/code/ware/warey/gnu/elf/rtld-libc.a(rtld-stat64.os)
 .data          0x0000000000000848        0x0 /home/eidengenossen/code/ware/warey/gnu/elf/rtld-libc.a(rtld-close_nocancel.os)
 .data          0x0000000000000848        0x0 /home/eidengenossen/code/ware/warey/gnu/elf/rtld-libc.a(rtld-close_nocancel_nostatus.os)
 .data          0x0000000000000848        0x0 /home/eidengenossen/code/ware/warey/gnu/elf/rtld-libc.a(rtld-fcntl_nocancel.os)
 .data          0x0000000000000848        0x0 /home/eidengenossen/code/ware/warey/gnu/elf/rtld-libc.a(rtld-open64_nocancel.os)
 .data          0x0000000000000848        0x0 /home/eidengenossen/code/ware/warey/gnu/elf/rtld-libc.a(rtld-pread64_nocancel.os)
 .data          0x0000000000000848        0x0 /home/eidengenossen/code/ware/warey/gnu/elf/rtld-libc.a(rtld-read_nocancel.os)
 .data          0x0000000000000848        0x0 /home/eidengenossen/code/ware/warey/gnu/elf/rtld-libc.a(rtld-write_nocancel.os)
 .data          0x0000000000000848        0x0 /home/eidengenossen/code/ware/warey/gnu/elf/rtld-libc.a(rtld-scratch_buffer_set_array_size.os)
 .data          0x0000000000000848        0x0 /home/eidengenossen/code/ware/warey/gnu/elf/rtld-libc.a(rtld-fd_to_filename.os)
 .data          0x0000000000000848        0x0 /home/eidengenossen/code/ware/warey/gnu/elf/rtld-libc.a(rtld-mmap64.os)
 .data          0x0000000000000848        0x0 /home/eidengenossen/code/ware/warey/gnu/elf/rtld-libc.a(rtld-mprotect.os)
 .data          0x0000000000000848        0x0 /home/eidengenossen/code/ware/warey/gnu/elf/rtld-libc.a(rtld-munmap.os)
 .data          0x0000000000000848        0x4 /home/eidengenossen/code/ware/warey/gnu/elf/rtld-libc.a(rtld-setvmaname.os)
 .data          0x000000000000084c        0x0 /home/eidengenossen/code/ware/warey/gnu/elf/rtld-libc.a(rtld-lowlevellock.os)
 .data          0x000000000000084c        0x0 /home/eidengenossen/code/ware/warey/gnu/elf/rtld-libc.a(rtld-_exit.os)
 .data          0x000000000000084c        0x0 /home/eidengenossen/code/ware/warey/gnu/elf/rtld-libc.a(rtld-getpid.os)
 .data          0x000000000000084c        0x0 /home/eidengenossen/code/ware/warey/gnu/elf/rtld-libc.a(rtld-uname.os)
 .data          0x000000000000084c        0x0 /home/eidengenossen/code/ware/warey/gnu/elf/rtld-libc.a(rtld-environ.os)
 .data          0x000000000000084c        0x0 /home/eidengenossen/code/ware/warey/gnu/elf/rtld-libc.a(rtld-setjmp.os)
 .data          0x000000000000084c        0x0 /home/eidengenossen/code/ware/warey/gnu/elf/rtld-libc.a(rtld-__longjmp.os)
 .data          0x000000000000084c        0x0 /home/eidengenossen/code/ware/warey/gnu/elf/rtld-libc.a(rtld-libc_sigaction.os)
 .data          0x000000000000084c        0x0 /home/eidengenossen/code/ware/warey/gnu/elf/rtld-libc.a(rtld-_fitoa_word.os)
 .data          0x000000000000084c        0x0 /home/eidengenossen/code/ware/warey/gnu/elf/rtld-libc.a(rtld-itoa-udigits.os)
 .data          0x000000000000084c        0x0 /home/eidengenossen/code/ware/warey/gnu/elf/rtld-libc.a(rtld-getenv.os)
 .data          0x000000000000084c        0x0 /home/eidengenossen/code/ware/warey/gnu/elf/rtld-libc.a(rtld-memchr.os)
 .data          0x000000000000084c        0x0 /home/eidengenossen/code/ware/warey/gnu/elf/rtld-libc.a(rtld-memcmp.os)
 .data          0x000000000000084c        0x0 /home/eidengenossen/code/ware/warey/gnu/elf/rtld-libc.a(rtld-memmove.os)
 .data          0x000000000000084c        0x0 /home/eidengenossen/code/ware/warey/gnu/elf/rtld-libc.a(rtld-memset.os)
 .data          0x000000000000084c        0x0 /home/eidengenossen/code/ware/warey/gnu/elf/rtld-libc.a(rtld-stpcpy.os)
 .data          0x000000000000084c        0x0 /home/eidengenossen/code/ware/warey/gnu/elf/rtld-libc.a(rtld-strchr.os)
 .data          0x000000000000084c        0x0 /home/eidengenossen/code/ware/warey/gnu/elf/rtld-libc.a(rtld-strcmp.os)
 .data          0x000000000000084c        0x0 /home/eidengenossen/code/ware/warey/gnu/elf/rtld-libc.a(rtld-strcspn.os)
 .data          0x000000000000084c        0x0 /home/eidengenossen/code/ware/warey/gnu/elf/rtld-libc.a(rtld-strdup.os)
 .data          0x000000000000084c        0x0 /home/eidengenossen/code/ware/warey/gnu/elf/rtld-libc.a(rtld-strerrorname_np.os)
 .data          0x000000000000084c        0x0 /home/eidengenossen/code/ware/warey/gnu/elf/rtld-libc.a(rtld-strlen.os)
 .data          0x000000000000084c        0x0 /home/eidengenossen/code/ware/warey/gnu/elf/rtld-libc.a(rtld-strncmp.os)
 .data          0x000000000000084c        0x0 /home/eidengenossen/code/ware/warey/gnu/elf/rtld-libc.a(rtld-strnlen.os)
 .data          0x000000000000084c        0x0 /home/eidengenossen/code/ware/warey/gnu/elf/rtld-libc.a(rtld-strchrnul.os)
 .data          0x000000000000084c        0x0 /home/eidengenossen/code/ware/warey/gnu/elf/rtld-libc.a(rtld-setitimer.os)
 .data          0x000000000000084c        0x0 /home/eidengenossen/code/ware/warey/gnu/elf/rtld-libc.a(rtld-errname.os)

.data.rel.ro.local
                0x0000000000000000       0x30
 .data.rel.ro.local
                0x0000000000000000       0x30 /home/eidengenossen/code/ware/warey/gnu/elf/dl-allobjs.os
                0x0000000000000008                __x86_cpu_features_p

.data.rel.ro    0x0000000000000000     0x1880
 .data.rel.ro   0x0000000000000000     0x1880 /home/eidengenossen/code/ware/warey/gnu/elf/dl-allobjs.os
                0x0000000000000050                __rtld_search_dirs
                0x0000000000000080                __rtld_env_path_list
                0x0000000000000090                _dl_tls_initial_modid_limit
                0x0000000000001448                __GI___rseq_size
                0x0000000000001448                _rseq_size
                0x0000000000001448                __rseq_size
                0x0000000000001450                __rseq_offset
                0x0000000000001450                __GI___rseq_offset
                0x0000000000001450                _rseq_offset
                0x0000000000001458                __rtld_realloc
                0x0000000000001460                __rtld_malloc
                0x0000000000001468                __rtld_free
                0x0000000000001470                __rtld_calloc
                0x0000000000001478                ___rtld_mutex_unlock
                0x0000000000001480                ___rtld_mutex_lock
                0x0000000000001488                _dl_random
                0x0000000000001490                __libc_stack_end
                0x0000000000001490                __GI___libc_stack_end
                0x0000000000001498                __GI___libc_enable_secure
                0x0000000000001498                __libc_enable_secure
                0x00000000000014b0                __pointer_chk_guard_local
                0x00000000000014b8                __GI__dl_argv
                0x00000000000014b8                _dl_argv
                0x00000000000014c0                _dl_argc
                0x00000000000014e0                _rtld_global_ro
                0x00000000000014e0                _rtld_local_ro

.data1
 *(.data1)

.bss            0x0000000000000000      0xa80
 *(.bss)
 .bss           0x0000000000000000      0xa40 /home/eidengenossen/code/ware/warey/gnu/elf/dl-allobjs.os
                0x0000000000000020                _r_debug_array
                0x00000000000002f8                __GI__r_debug
                0x00000000000002f8                _r_debug_extended
                0x00000000000002f8                _r_debug
                0x0000000000000370                _dl_tls_threads_in_update
                0x0000000000000378                _rseq_align
                0x0000000000000380                __nptl_initial_report_events
                0x0000000000000380                __GI___nptl_initial_report_events
                0x00000000000003b8                _dl_x86_features_tlsdesc_state_size
                0x00000000000003c0                _dl_hwcaps_priorities_length
                0x00000000000003c8                _dl_hwcaps_priorities
                0x0000000000000420                __rtld_tls_init_tp_called
                0x0000000000000440                _dl_rtld_auditstate
                0x0000000000000540                _dl_rtld_map
                0x0000000000000a38                __curbrk
 .bss           0x0000000000000a40        0x0 /home/eidengenossen/code/ware/warey/gnu/elf/rtld-libc.a(rtld-check_fds.os)
 .bss           0x0000000000000a40        0x4 /home/eidengenossen/code/ware/warey/gnu/elf/rtld-libc.a(rtld-errno.os)
                0x0000000000000a40                rtld_errno
 .bss           0x0000000000000a44        0x0 /home/eidengenossen/code/ware/warey/gnu/elf/rtld-libc.a(rtld-closedir.os)
 .bss           0x0000000000000a44        0x0 /home/eidengenossen/code/ware/warey/gnu/elf/rtld-libc.a(rtld-fdopendir.os)
 .bss           0x0000000000000a44        0x0 /home/eidengenossen/code/ware/warey/gnu/elf/rtld-libc.a(rtld-readdir64.os)
 .bss           0x0000000000000a44        0x0 /home/eidengenossen/code/ware/warey/gnu/elf/rtld-libc.a(rtld-rewinddir.os)
 .bss           0x0000000000000a44        0x0 /home/eidengenossen/code/ware/warey/gnu/elf/rtld-libc.a(rtld-getdents64.os)
 .bss           0x0000000000000a44        0x0 /home/eidengenossen/code/ware/warey/gnu/elf/rtld-libc.a(rtld-dl-addr-obj.os)
 .bss           0x0000000000000a44        0x0 /home/eidengenossen/code/ware/warey/gnu/elf/rtld-libc.a(rtld-prof-freq.os)
 *fill*         0x0000000000000a44        0x4 
 .bss           0x0000000000000a48       0x20 /home/eidengenossen/code/ware/warey/gnu/elf/rtld-libc.a(rtld-profil.os)
 .bss           0x0000000000000a68        0x0 /home/eidengenossen/code/ware/warey/gnu/elf/rtld-libc.a(rtld-access.os)
 .bss           0x0000000000000a68        0x0 /home/eidengenossen/code/ware/warey/gnu/elf/rtld-libc.a(rtld-fstat64.os)
 .bss           0x0000000000000a68        0x0 /home/eidengenossen/code/ware/warey/gnu/elf/rtld-libc.a(rtld-fstatat64.os)
 .bss           0x0000000000000a68        0x0 /home/eidengenossen/code/ware/warey/gnu/elf/rtld-libc.a(rtld-lseek64.os)
 .bss           0x0000000000000a68        0x0 /home/eidengenossen/code/ware/warey/gnu/elf/rtld-libc.a(rtld-lstat64.os)
 .bss           0x0000000000000a68        0x0 /home/eidengenossen/code/ware/warey/gnu/elf/rtld-libc.a(rtld-openat64.os)
 .bss           0x0000000000000a68        0x0 /home/eidengenossen/code/ware/warey/gnu/elf/rtld-libc.a(rtld-stat64.os)
 .bss           0x0000000000000a68        0x0 /home/eidengenossen/code/ware/warey/gnu/elf/rtld-libc.a(rtld-close_nocancel.os)
 .bss           0x0000000000000a68        0x0 /home/eidengenossen/code/ware/warey/gnu/elf/rtld-libc.a(rtld-close_nocancel_nostatus.os)
 .bss           0x0000000000000a68        0x0 /home/eidengenossen/code/ware/warey/gnu/elf/rtld-libc.a(rtld-fcntl_nocancel.os)
 .bss           0x0000000000000a68        0x0 /home/eidengenossen/code/ware/warey/gnu/elf/rtld-libc.a(rtld-open64_nocancel.os)
 .bss           0x0000000000000a68        0x0 /home/eidengenossen/code/ware/warey/gnu/elf/rtld-libc.a(rtld-pread64_nocancel.os)
 .bss           0x0000000000000a68        0x0 /home/eidengenossen/code/ware/warey/gnu/elf/rtld-libc.a(rtld-read_nocancel.os)
 .bss           0x0000000000000a68        0x0 /home/eidengenossen/code/ware/warey/gnu/elf/rtld-libc.a(rtld-write_nocancel.os)
 .bss           0x0000000000000a68        0x0 /home/eidengenossen/code/ware/warey/gnu/elf/rtld-libc.a(rtld-scratch_buffer_set_array_size.os)
 .bss           0x0000000000000a68        0x0 /home/eidengenossen/code/ware/warey/gnu/elf/rtld-libc.a(rtld-fd_to_filename.os)
 .bss           0x0000000000000a68        0x0 /home/eidengenossen/code/ware/warey/gnu/elf/rtld-libc.a(rtld-mmap64.os)
 .bss           0x0000000000000a68        0x0 /home/eidengenossen/code/ware/warey/gnu/elf/rtld-libc.a(rtld-mprotect.os)
 .bss           0x0000000000000a68        0x0 /home/eidengenossen/code/ware/warey/gnu/elf/rtld-libc.a(rtld-munmap.os)
 .bss           0x0000000000000a68        0x0 /home/eidengenossen/code/ware/warey/gnu/elf/rtld-libc.a(rtld-setvmaname.os)
 .bss           0x0000000000000a68        0x0 /home/eidengenossen/code/ware/warey/gnu/elf/rtld-libc.a(rtld-lowlevellock.os)
 .bss           0x0000000000000a68        0x0 /home/eidengenossen/code/ware/warey/gnu/elf/rtld-libc.a(rtld-_exit.os)
 .bss           0x0000000000000a68        0x0 /home/eidengenossen/code/ware/warey/gnu/elf/rtld-libc.a(rtld-getpid.os)
 .bss           0x0000000000000a68        0x0 /home/eidengenossen/code/ware/warey/gnu/elf/rtld-libc.a(rtld-uname.os)
 .bss           0x0000000000000a68       0x18 /home/eidengenossen/code/ware/warey/gnu/elf/rtld-libc.a(rtld-environ.os)
                0x0000000000000a68                __environ_counter
                0x0000000000000a70                __environ_array_list
                0x0000000000000a78                _environ
                0x0000000000000a78                __environ
                0x0000000000000a78                environ
 .bss           0x0000000000000a80        0x0 /home/eidengenossen/code/ware/warey/gnu/elf/rtld-libc.a(rtld-setjmp.os)
 .bss           0x0000000000000a80        0x0 /home/eidengenossen/code/ware/warey/gnu/elf/rtld-libc.a(rtld-__longjmp.os)
 .bss           0x0000000000000a80        0x0 /home/eidengenossen/code/ware/warey/gnu/elf/rtld-libc.a(rtld-libc_sigaction.os)
 .bss           0x0000000000000a80        0x0 /home/eidengenossen/code/ware/warey/gnu/elf/rtld-libc.a(rtld-_fitoa_word.os)
 .bss           0x0000000000000a80        0x0 /home/eidengenossen/code/ware/warey/gnu/elf/rtld-libc.a(rtld-itoa-udigits.os)
 .bss           0x0000000000000a80        0x0 /home/eidengenossen/code/ware/warey/gnu/elf/rtld-libc.a(rtld-getenv.os)
 .bss           0x0000000000000a80        0x0 /home/eidengenossen/code/ware/warey/gnu/elf/rtld-libc.a(rtld-memchr.os)
 .bss           0x0000000000000a80        0x0 /home/eidengenossen/code/ware/warey/gnu/elf/rtld-libc.a(rtld-memcmp.os)
 .bss           0x0000000000000a80        0x0 /home/eidengenossen/code/ware/warey/gnu/elf/rtld-libc.a(rtld-memmove.os)
 .bss           0x0000000000000a80        0x0 /home/eidengenossen/code/ware/warey/gnu/elf/rtld-libc.a(rtld-memset.os)
 .bss           0x0000000000000a80        0x0 /home/eidengenossen/code/ware/warey/gnu/elf/rtld-libc.a(rtld-stpcpy.os)
 .bss           0x0000000000000a80        0x0 /home/eidengenossen/code/ware/warey/gnu/elf/rtld-libc.a(rtld-strchr.os)
 .bss           0x0000000000000a80        0x0 /home/eidengenossen/code/ware/warey/gnu/elf/rtld-libc.a(rtld-strcmp.os)
 .bss           0x0000000000000a80        0x0 /home/eidengenossen/code/ware/warey/gnu/elf/rtld-libc.a(rtld-strcspn.os)
 .bss           0x0000000000000a80        0x0 /home/eidengenossen/code/ware/warey/gnu/elf/rtld-libc.a(rtld-strdup.os)
 .bss           0x0000000000000a80        0x0 /home/eidengenossen/code/ware/warey/gnu/elf/rtld-libc.a(rtld-strerrorname_np.os)
 .bss           0x0000000000000a80        0x0 /home/eidengenossen/code/ware/warey/gnu/elf/rtld-libc.a(rtld-strlen.os)
 .bss           0x0000000000000a80        0x0 /home/eidengenossen/code/ware/warey/gnu/elf/rtld-libc.a(rtld-strncmp.os)
 .bss           0x0000000000000a80        0x0 /home/eidengenossen/code/ware/warey/gnu/elf/rtld-libc.a(rtld-strnlen.os)
 .bss           0x0000000000000a80        0x0 /home/eidengenossen/code/ware/warey/gnu/elf/rtld-libc.a(rtld-strchrnul.os)
 .bss           0x0000000000000a80        0x0 /home/eidengenossen/code/ware/warey/gnu/elf/rtld-libc.a(rtld-setitimer.os)
 .bss           0x0000000000000a80        0x0 /home/eidengenossen/code/ware/warey/gnu/elf/rtld-libc.a(rtld-errname.os)

.lbss
 *(.lbss)

.lrodata
 *(.lrodata)

.ldata
 *(.ldata)

.stab
 *(.stab)

.stabstr
 *(.stabstr)

.stab.excl
 *(.stab.excl)

.stab.exclstr
 *(.stab.exclstr)

.stab.index
 *(.stab.index)

.stab.indexstr
 *(.stab.indexstr)

.comment        0x0000000000000000     0x11fe
 *(.comment)
 .comment       0x0000000000000000      0xaa6 /home/eidengenossen/code/ware/warey/gnu/elf/dl-allobjs.os
 .comment       0x0000000000000aa6       0x2f /home/eidengenossen/code/ware/warey/gnu/elf/rtld-libc.a(rtld-check_fds.os)
 .comment       0x0000000000000ad5       0x2f /home/eidengenossen/code/ware/warey/gnu/elf/rtld-libc.a(rtld-errno.os)
 .comment       0x0000000000000b04       0x2f /home/eidengenossen/code/ware/warey/gnu/elf/rtld-libc.a(rtld-closedir.os)
 .comment       0x0000000000000b33       0x2f /home/eidengenossen/code/ware/warey/gnu/elf/rtld-libc.a(rtld-fdopendir.os)
 .comment       0x0000000000000b62       0x2f /home/eidengenossen/code/ware/warey/gnu/elf/rtld-libc.a(rtld-readdir64.os)
 .comment       0x0000000000000b91       0x2f /home/eidengenossen/code/ware/warey/gnu/elf/rtld-libc.a(rtld-rewinddir.os)
 .comment       0x0000000000000bc0       0x2f /home/eidengenossen/code/ware/warey/gnu/elf/rtld-libc.a(rtld-getdents64.os)
 .comment       0x0000000000000bef       0x2f /home/eidengenossen/code/ware/warey/gnu/elf/rtld-libc.a(rtld-dl-addr-obj.os)
 .comment       0x0000000000000c1e       0x2f /home/eidengenossen/code/ware/warey/gnu/elf/rtld-libc.a(rtld-prof-freq.os)
 .comment       0x0000000000000c4d       0x2f /home/eidengenossen/code/ware/warey/gnu/elf/rtld-libc.a(rtld-profil.os)
 .comment       0x0000000000000c7c       0x2f /home/eidengenossen/code/ware/warey/gnu/elf/rtld-libc.a(rtld-access.os)
 .comment       0x0000000000000cab       0x2f /home/eidengenossen/code/ware/warey/gnu/elf/rtld-libc.a(rtld-fstat64.os)
 .comment       0x0000000000000cda       0x2f /home/eidengenossen/code/ware/warey/gnu/elf/rtld-libc.a(rtld-fstatat64.os)
 .comment       0x0000000000000d09       0x2f /home/eidengenossen/code/ware/warey/gnu/elf/rtld-libc.a(rtld-lseek64.os)
 .comment       0x0000000000000d38       0x2f /home/eidengenossen/code/ware/warey/gnu/elf/rtld-libc.a(rtld-lstat64.os)
 .comment       0x0000000000000d67       0x2f /home/eidengenossen/code/ware/warey/gnu/elf/rtld-libc.a(rtld-openat64.os)
 .comment       0x0000000000000d96       0x2f /home/eidengenossen/code/ware/warey/gnu/elf/rtld-libc.a(rtld-stat64.os)
 .comment       0x0000000000000dc5       0x2f /home/eidengenossen/code/ware/warey/gnu/elf/rtld-libc.a(rtld-close_nocancel.os)
 .comment       0x0000000000000df4       0x2f /home/eidengenossen/code/ware/warey/gnu/elf/rtld-libc.a(rtld-close_nocancel_nostatus.os)
 .comment       0x0000000000000e23       0x2f /home/eidengenossen/code/ware/warey/gnu/elf/rtld-libc.a(rtld-fcntl_nocancel.os)
 .comment       0x0000000000000e52       0x2f /home/eidengenossen/code/ware/warey/gnu/elf/rtld-libc.a(rtld-open64_nocancel.os)
 .comment       0x0000000000000e81       0x2f /home/eidengenossen/code/ware/warey/gnu/elf/rtld-libc.a(rtld-pread64_nocancel.os)
 .comment       0x0000000000000eb0       0x2f /home/eidengenossen/code/ware/warey/gnu/elf/rtld-libc.a(rtld-read_nocancel.os)
 .comment       0x0000000000000edf       0x2f /home/eidengenossen/code/ware/warey/gnu/elf/rtld-libc.a(rtld-write_nocancel.os)
 .comment       0x0000000000000f0e       0x2f /home/eidengenossen/code/ware/warey/gnu/elf/rtld-libc.a(rtld-scratch_buffer_set_array_size.os)
 .comment       0x0000000000000f3d       0x2f /home/eidengenossen/code/ware/warey/gnu/elf/rtld-libc.a(rtld-fd_to_filename.os)
 .comment       0x0000000000000f6c       0x2f /home/eidengenossen/code/ware/warey/gnu/elf/rtld-libc.a(rtld-mmap64.os)
 .comment       0x0000000000000f9b       0x2f /home/eidengenossen/code/ware/warey/gnu/elf/rtld-libc.a(rtld-setvmaname.os)
 .comment       0x0000000000000fca       0x2f /home/eidengenossen/code/ware/warey/gnu/elf/rtld-libc.a(rtld-lowlevellock.os)
 .comment       0x0000000000000ff9       0x2f /home/eidengenossen/code/ware/warey/gnu/elf/rtld-libc.a(rtld-_exit.os)
 .comment       0x0000000000001028       0x2f /home/eidengenossen/code/ware/warey/gnu/elf/rtld-libc.a(rtld-environ.os)
 .comment       0x0000000000001057       0x2f /home/eidengenossen/code/ware/warey/gnu/elf/rtld-libc.a(rtld-libc_sigaction.os)
 .comment       0x0000000000001086       0x2f /home/eidengenossen/code/ware/warey/gnu/elf/rtld-libc.a(rtld-_fitoa_word.os)
 .comment       0x00000000000010b5       0x2f /home/eidengenossen/code/ware/warey/gnu/elf/rtld-libc.a(rtld-itoa-udigits.os)
 .comment       0x00000000000010e4       0x2f /home/eidengenossen/code/ware/warey/gnu/elf/rtld-libc.a(rtld-getenv.os)
 .comment       0x0000000000001113       0x2f /home/eidengenossen/code/ware/warey/gnu/elf/rtld-libc.a(rtld-strcspn.os)
 .comment       0x0000000000001142       0x2f /home/eidengenossen/code/ware/warey/gnu/elf/rtld-libc.a(rtld-strdup.os)
 .comment       0x0000000000001171       0x2f /home/eidengenossen/code/ware/warey/gnu/elf/rtld-libc.a(rtld-strerrorname_np.os)
 .comment       0x00000000000011a0       0x2f /home/eidengenossen/code/ware/warey/gnu/elf/rtld-libc.a(rtld-setitimer.os)
 .comment       0x00000000000011cf       0x2f /home/eidengenossen/code/ware/warey/gnu/elf/rtld-libc.a(rtld-errname.os)

.gnu.build.attributes
 *(.gnu.build.attributes)

.debug
 *(.debug)

.line
 *(.line)

.debug_srcinfo
 *(.debug_srcinfo)

.debug_sfnames
 *(.debug_sfnames)

.debug_aranges  0x0000000000000000     0x1800
 *(.debug_aranges)
 .debug_aranges
                0x0000000000000000      0xd70 /home/eidengenossen/code/ware/warey/gnu/elf/dl-allobjs.os
 .debug_aranges
                0x0000000000000d70       0x30 /home/eidengenossen/code/ware/warey/gnu/elf/rtld-libc.a(rtld-check_fds.os)
 .debug_aranges
                0x0000000000000da0       0x20 /home/eidengenossen/code/ware/warey/gnu/elf/rtld-libc.a(rtld-errno.os)
 .debug_aranges
                0x0000000000000dc0       0x30 /home/eidengenossen/code/ware/warey/gnu/elf/rtld-libc.a(rtld-closedir.os)
 .debug_aranges
                0x0000000000000df0       0x30 /home/eidengenossen/code/ware/warey/gnu/elf/rtld-libc.a(rtld-fdopendir.os)
 .debug_aranges
                0x0000000000000e20       0x30 /home/eidengenossen/code/ware/warey/gnu/elf/rtld-libc.a(rtld-readdir64.os)
 .debug_aranges
                0x0000000000000e50       0x30 /home/eidengenossen/code/ware/warey/gnu/elf/rtld-libc.a(rtld-rewinddir.os)
 .debug_aranges
                0x0000000000000e80       0x30 /home/eidengenossen/code/ware/warey/gnu/elf/rtld-libc.a(rtld-getdents64.os)
 .debug_aranges
                0x0000000000000eb0       0x30 /home/eidengenossen/code/ware/warey/gnu/elf/rtld-libc.a(rtld-dl-addr-obj.os)
 .debug_aranges
                0x0000000000000ee0       0x30 /home/eidengenossen/code/ware/warey/gnu/elf/rtld-libc.a(rtld-prof-freq.os)
 .debug_aranges
                0x0000000000000f10       0x30 /home/eidengenossen/code/ware/warey/gnu/elf/rtld-libc.a(rtld-profil.os)
 .debug_aranges
                0x0000000000000f40       0x30 /home/eidengenossen/code/ware/warey/gnu/elf/rtld-libc.a(rtld-access.os)
 .debug_aranges
                0x0000000000000f70       0x30 /home/eidengenossen/code/ware/warey/gnu/elf/rtld-libc.a(rtld-fstat64.os)
 .debug_aranges
                0x0000000000000fa0       0x30 /home/eidengenossen/code/ware/warey/gnu/elf/rtld-libc.a(rtld-fstatat64.os)
 .debug_aranges
                0x0000000000000fd0       0x30 /home/eidengenossen/code/ware/warey/gnu/elf/rtld-libc.a(rtld-lseek64.os)
 .debug_aranges
                0x0000000000001000       0x30 /home/eidengenossen/code/ware/warey/gnu/elf/rtld-libc.a(rtld-lstat64.os)
 .debug_aranges
                0x0000000000001030       0x30 /home/eidengenossen/code/ware/warey/gnu/elf/rtld-libc.a(rtld-openat64.os)
 .debug_aranges
                0x0000000000001060       0x30 /home/eidengenossen/code/ware/warey/gnu/elf/rtld-libc.a(rtld-stat64.os)
 .debug_aranges
                0x0000000000001090       0x30 /home/eidengenossen/code/ware/warey/gnu/elf/rtld-libc.a(rtld-close_nocancel.os)
 .debug_aranges
                0x00000000000010c0       0x30 /home/eidengenossen/code/ware/warey/gnu/elf/rtld-libc.a(rtld-close_nocancel_nostatus.os)
 .debug_aranges
                0x00000000000010f0       0x30 /home/eidengenossen/code/ware/warey/gnu/elf/rtld-libc.a(rtld-fcntl_nocancel.os)
 .debug_aranges
                0x0000000000001120       0x30 /home/eidengenossen/code/ware/warey/gnu/elf/rtld-libc.a(rtld-open64_nocancel.os)
 .debug_aranges
                0x0000000000001150       0x30 /home/eidengenossen/code/ware/warey/gnu/elf/rtld-libc.a(rtld-pread64_nocancel.os)
 .debug_aranges
                0x0000000000001180       0x30 /home/eidengenossen/code/ware/warey/gnu/elf/rtld-libc.a(rtld-read_nocancel.os)
 .debug_aranges
                0x00000000000011b0       0x30 /home/eidengenossen/code/ware/warey/gnu/elf/rtld-libc.a(rtld-write_nocancel.os)
 .debug_aranges
                0x00000000000011e0       0x30 /home/eidengenossen/code/ware/warey/gnu/elf/rtld-libc.a(rtld-scratch_buffer_set_array_size.os)
 .debug_aranges
                0x0000000000001210       0x40 /home/eidengenossen/code/ware/warey/gnu/elf/rtld-libc.a(rtld-fd_to_filename.os)
 .debug_aranges
                0x0000000000001250       0x30 /home/eidengenossen/code/ware/warey/gnu/elf/rtld-libc.a(rtld-mmap64.os)
 .debug_aranges
                0x0000000000001280       0x30 /home/eidengenossen/code/ware/warey/gnu/elf/rtld-libc.a(rtld-mprotect.os)
 .debug_aranges
                0x00000000000012b0       0x30 /home/eidengenossen/code/ware/warey/gnu/elf/rtld-libc.a(rtld-munmap.os)
 .debug_aranges
                0x00000000000012e0       0x30 /home/eidengenossen/code/ware/warey/gnu/elf/rtld-libc.a(rtld-setvmaname.os)
 .debug_aranges
                0x0000000000001310       0x30 /home/eidengenossen/code/ware/warey/gnu/elf/rtld-libc.a(rtld-lowlevellock.os)
 .debug_aranges
                0x0000000000001340       0x30 /home/eidengenossen/code/ware/warey/gnu/elf/rtld-libc.a(rtld-_exit.os)
 .debug_aranges
                0x0000000000001370       0x30 /home/eidengenossen/code/ware/warey/gnu/elf/rtld-libc.a(rtld-getpid.os)
 .debug_aranges
                0x00000000000013a0       0x30 /home/eidengenossen/code/ware/warey/gnu/elf/rtld-libc.a(rtld-uname.os)
 .debug_aranges
                0x00000000000013d0       0x20 /home/eidengenossen/code/ware/warey/gnu/elf/rtld-libc.a(rtld-environ.os)
 .debug_aranges
                0x00000000000013f0       0x30 /home/eidengenossen/code/ware/warey/gnu/elf/rtld-libc.a(rtld-setjmp.os)
 .debug_aranges
                0x0000000000001420       0x30 /home/eidengenossen/code/ware/warey/gnu/elf/rtld-libc.a(rtld-__longjmp.os)
 .debug_aranges
                0x0000000000001450       0x30 /home/eidengenossen/code/ware/warey/gnu/elf/rtld-libc.a(rtld-libc_sigaction.os)
 .debug_aranges
                0x0000000000001480       0x30 /home/eidengenossen/code/ware/warey/gnu/elf/rtld-libc.a(rtld-_fitoa_word.os)
 .debug_aranges
                0x00000000000014b0       0x20 /home/eidengenossen/code/ware/warey/gnu/elf/rtld-libc.a(rtld-itoa-udigits.os)
 .debug_aranges
                0x00000000000014d0       0x30 /home/eidengenossen/code/ware/warey/gnu/elf/rtld-libc.a(rtld-getenv.os)
 .debug_aranges
                0x0000000000001500       0x30 /home/eidengenossen/code/ware/warey/gnu/elf/rtld-libc.a(rtld-memchr.os)
 .debug_aranges
                0x0000000000001530       0x30 /home/eidengenossen/code/ware/warey/gnu/elf/rtld-libc.a(rtld-memcmp.os)
 .debug_aranges
                0x0000000000001560       0x30 /home/eidengenossen/code/ware/warey/gnu/elf/rtld-libc.a(rtld-memmove.os)
 .debug_aranges
                0x0000000000001590       0x30 /home/eidengenossen/code/ware/warey/gnu/elf/rtld-libc.a(rtld-memset.os)
 .debug_aranges
                0x00000000000015c0       0x30 /home/eidengenossen/code/ware/warey/gnu/elf/rtld-libc.a(rtld-stpcpy.os)
 .debug_aranges
                0x00000000000015f0       0x30 /home/eidengenossen/code/ware/warey/gnu/elf/rtld-libc.a(rtld-strchr.os)
 .debug_aranges
                0x0000000000001620       0x30 /home/eidengenossen/code/ware/warey/gnu/elf/rtld-libc.a(rtld-strcmp.os)
 .debug_aranges
                0x0000000000001650       0x30 /home/eidengenossen/code/ware/warey/gnu/elf/rtld-libc.a(rtld-strcspn.os)
 .debug_aranges
                0x0000000000001680       0x30 /home/eidengenossen/code/ware/warey/gnu/elf/rtld-libc.a(rtld-strdup.os)
 .debug_aranges
                0x00000000000016b0       0x30 /home/eidengenossen/code/ware/warey/gnu/elf/rtld-libc.a(rtld-strerrorname_np.os)
 .debug_aranges
                0x00000000000016e0       0x30 /home/eidengenossen/code/ware/warey/gnu/elf/rtld-libc.a(rtld-strlen.os)
 .debug_aranges
                0x0000000000001710       0x30 /home/eidengenossen/code/ware/warey/gnu/elf/rtld-libc.a(rtld-strncmp.os)
 .debug_aranges
                0x0000000000001740       0x30 /home/eidengenossen/code/ware/warey/gnu/elf/rtld-libc.a(rtld-strnlen.os)
 .debug_aranges
                0x0000000000001770       0x30 /home/eidengenossen/code/ware/warey/gnu/elf/rtld-libc.a(rtld-strchrnul.os)
 .debug_aranges
                0x00000000000017a0       0x30 /home/eidengenossen/code/ware/warey/gnu/elf/rtld-libc.a(rtld-setitimer.os)
 .debug_aranges
                0x00000000000017d0       0x30 /home/eidengenossen/code/ware/warey/gnu/elf/rtld-libc.a(rtld-errname.os)

.debug_pubnames
 *(.debug_pubnames)

.debug_info     0x0000000000000000    0x9b9ae
 *(.debug_info)
 .debug_info    0x0000000000000000    0x8fa72 /home/eidengenossen/code/ware/warey/gnu/elf/dl-allobjs.os
 .debug_info    0x000000000008fa72      0x4d7 /home/eidengenossen/code/ware/warey/gnu/elf/rtld-libc.a(rtld-check_fds.os)
 .debug_info    0x000000000008ff49       0xa6 /home/eidengenossen/code/ware/warey/gnu/elf/rtld-libc.a(rtld-errno.os)
 .debug_info    0x000000000008ffef      0x250 /home/eidengenossen/code/ware/warey/gnu/elf/rtld-libc.a(rtld-closedir.os)
 .debug_info    0x000000000009023f      0x40f /home/eidengenossen/code/ware/warey/gnu/elf/rtld-libc.a(rtld-fdopendir.os)
 .debug_info    0x000000000009064e      0x3e3 /home/eidengenossen/code/ware/warey/gnu/elf/rtld-libc.a(rtld-readdir64.os)
 .debug_info    0x0000000000090a31      0x1c3 /home/eidengenossen/code/ware/warey/gnu/elf/rtld-libc.a(rtld-rewinddir.os)
 .debug_info    0x0000000000090bf4      0x192 /home/eidengenossen/code/ware/warey/gnu/elf/rtld-libc.a(rtld-getdents64.os)
 .debug_info    0x0000000000090d86      0xb08 /home/eidengenossen/code/ware/warey/gnu/elf/rtld-libc.a(rtld-dl-addr-obj.os)
 .debug_info    0x000000000009188e     0x1ead /home/eidengenossen/code/ware/warey/gnu/elf/rtld-libc.a(rtld-prof-freq.os)
 .debug_info    0x000000000009373b      0xb5a /home/eidengenossen/code/ware/warey/gnu/elf/rtld-libc.a(rtld-profil.os)
 .debug_info    0x0000000000094295      0x158 /home/eidengenossen/code/ware/warey/gnu/elf/rtld-libc.a(rtld-access.os)
 .debug_info    0x00000000000943ed      0x2da /home/eidengenossen/code/ware/warey/gnu/elf/rtld-libc.a(rtld-fstat64.os)
 .debug_info    0x00000000000946c7      0x405 /home/eidengenossen/code/ware/warey/gnu/elf/rtld-libc.a(rtld-fstatat64.os)
 .debug_info    0x0000000000094acc      0x18e /home/eidengenossen/code/ware/warey/gnu/elf/rtld-libc.a(rtld-lseek64.os)
 .debug_info    0x0000000000094c5a      0x2b6 /home/eidengenossen/code/ware/warey/gnu/elf/rtld-libc.a(rtld-lstat64.os)
 .debug_info    0x0000000000094f10      0x263 /home/eidengenossen/code/ware/warey/gnu/elf/rtld-libc.a(rtld-openat64.os)
 .debug_info    0x0000000000095173      0x2b4 /home/eidengenossen/code/ware/warey/gnu/elf/rtld-libc.a(rtld-stat64.os)
 .debug_info    0x0000000000095427      0x12d /home/eidengenossen/code/ware/warey/gnu/elf/rtld-libc.a(rtld-close_nocancel.os)
 .debug_info    0x0000000000095554      0x104 /home/eidengenossen/code/ware/warey/gnu/elf/rtld-libc.a(rtld-close_nocancel_nostatus.os)
 .debug_info    0x0000000000095658      0x597 /home/eidengenossen/code/ware/warey/gnu/elf/rtld-libc.a(rtld-fcntl_nocancel.os)
 .debug_info    0x0000000000095bef      0x253 /home/eidengenossen/code/ware/warey/gnu/elf/rtld-libc.a(rtld-open64_nocancel.os)
 .debug_info    0x0000000000095e42      0x1dc /home/eidengenossen/code/ware/warey/gnu/elf/rtld-libc.a(rtld-pread64_nocancel.os)
 .debug_info    0x000000000009601e      0x1a0 /home/eidengenossen/code/ware/warey/gnu/elf/rtld-libc.a(rtld-read_nocancel.os)
 .debug_info    0x00000000000961be      0x1a5 /home/eidengenossen/code/ware/warey/gnu/elf/rtld-libc.a(rtld-write_nocancel.os)
 .debug_info    0x0000000000096363      0x3ba /home/eidengenossen/code/ware/warey/gnu/elf/rtld-libc.a(rtld-scratch_buffer_set_array_size.os)
 .debug_info    0x000000000009671d      0x208 /home/eidengenossen/code/ware/warey/gnu/elf/rtld-libc.a(rtld-fd_to_filename.os)
 .debug_info    0x0000000000096925     0x238b /home/eidengenossen/code/ware/warey/gnu/elf/rtld-libc.a(rtld-mmap64.os)
 .debug_info    0x0000000000098cb0       0x6a /home/eidengenossen/code/ware/warey/gnu/elf/rtld-libc.a(rtld-mprotect.os)
 .debug_info    0x0000000000098d1a       0x6a /home/eidengenossen/code/ware/warey/gnu/elf/rtld-libc.a(rtld-munmap.os)
 .debug_info    0x0000000000098d84      0x579 /home/eidengenossen/code/ware/warey/gnu/elf/rtld-libc.a(rtld-setvmaname.os)
 .debug_info    0x00000000000992fd      0x5db /home/eidengenossen/code/ware/warey/gnu/elf/rtld-libc.a(rtld-lowlevellock.os)
 .debug_info    0x00000000000998d8      0x130 /home/eidengenossen/code/ware/warey/gnu/elf/rtld-libc.a(rtld-_exit.os)
 .debug_info    0x0000000000099a08       0x6a /home/eidengenossen/code/ware/warey/gnu/elf/rtld-libc.a(rtld-getpid.os)
 .debug_info    0x0000000000099a72       0x6a /home/eidengenossen/code/ware/warey/gnu/elf/rtld-libc.a(rtld-uname.os)
 .debug_info    0x0000000000099adc      0x157 /home/eidengenossen/code/ware/warey/gnu/elf/rtld-libc.a(rtld-environ.os)
 .debug_info    0x0000000000099c33       0x48 /home/eidengenossen/code/ware/warey/gnu/elf/rtld-libc.a(rtld-setjmp.os)
 .debug_info    0x0000000000099c7b       0x39 /home/eidengenossen/code/ware/warey/gnu/elf/rtld-libc.a(rtld-__longjmp.os)
 .debug_info    0x0000000000099cb4      0x609 /home/eidengenossen/code/ware/warey/gnu/elf/rtld-libc.a(rtld-libc_sigaction.os)
 .debug_info    0x000000000009a2bd      0x1d0 /home/eidengenossen/code/ware/warey/gnu/elf/rtld-libc.a(rtld-_fitoa_word.os)
 .debug_info    0x000000000009a48d       0x7d /home/eidengenossen/code/ware/warey/gnu/elf/rtld-libc.a(rtld-itoa-udigits.os)
 .debug_info    0x000000000009a50a      0x1f1 /home/eidengenossen/code/ware/warey/gnu/elf/rtld-libc.a(rtld-getenv.os)
 .debug_info    0x000000000009a6fb       0x4d /home/eidengenossen/code/ware/warey/gnu/elf/rtld-libc.a(rtld-memchr.os)
 .debug_info    0x000000000009a748       0x4d /home/eidengenossen/code/ware/warey/gnu/elf/rtld-libc.a(rtld-memcmp.os)
 .debug_info    0x000000000009a795       0x6d /home/eidengenossen/code/ware/warey/gnu/elf/rtld-libc.a(rtld-memmove.os)
 .debug_info    0x000000000009a802       0x3b /home/eidengenossen/code/ware/warey/gnu/elf/rtld-libc.a(rtld-memset.os)
 .debug_info    0x000000000009a83d       0x4d /home/eidengenossen/code/ware/warey/gnu/elf/rtld-libc.a(rtld-stpcpy.os)
 .debug_info    0x000000000009a88a       0x4d /home/eidengenossen/code/ware/warey/gnu/elf/rtld-libc.a(rtld-strchr.os)
 .debug_info    0x000000000009a8d7       0x3b /home/eidengenossen/code/ware/warey/gnu/elf/rtld-libc.a(rtld-strcmp.os)
 .debug_info    0x000000000009a912      0x1f5 /home/eidengenossen/code/ware/warey/gnu/elf/rtld-libc.a(rtld-strcspn.os)
 .debug_info    0x000000000009ab07      0x1ec /home/eidengenossen/code/ware/warey/gnu/elf/rtld-libc.a(rtld-strdup.os)
 .debug_info    0x000000000009acf3       0xd7 /home/eidengenossen/code/ware/warey/gnu/elf/rtld-libc.a(rtld-strerrorname_np.os)
 .debug_info    0x000000000009adca       0x3b /home/eidengenossen/code/ware/warey/gnu/elf/rtld-libc.a(rtld-strlen.os)
 .debug_info    0x000000000009ae05       0x3b /home/eidengenossen/code/ware/warey/gnu/elf/rtld-libc.a(rtld-strncmp.os)
 .debug_info    0x000000000009ae40       0x4d /home/eidengenossen/code/ware/warey/gnu/elf/rtld-libc.a(rtld-strnlen.os)
 .debug_info    0x000000000009ae8d       0x4d /home/eidengenossen/code/ware/warey/gnu/elf/rtld-libc.a(rtld-strchrnul.os)
 .debug_info    0x000000000009aeda      0x22c /home/eidengenossen/code/ware/warey/gnu/elf/rtld-libc.a(rtld-setitimer.os)
 .debug_info    0x000000000009b106      0x8a8 /home/eidengenossen/code/ware/warey/gnu/elf/rtld-libc.a(rtld-errname.os)

.debug_abbrev   0x0000000000000000    0x15702
 *(.debug_abbrev)
 .debug_abbrev  0x0000000000000000    0x11f0b /home/eidengenossen/code/ware/warey/gnu/elf/dl-allobjs.os
 .debug_abbrev  0x0000000000011f0b      0x1bb /home/eidengenossen/code/ware/warey/gnu/elf/rtld-libc.a(rtld-check_fds.os)
 .debug_abbrev  0x00000000000120c6       0x48 /home/eidengenossen/code/ware/warey/gnu/elf/rtld-libc.a(rtld-errno.os)
 .debug_abbrev  0x000000000001210e      0x19c /home/eidengenossen/code/ware/warey/gnu/elf/rtld-libc.a(rtld-closedir.os)
 .debug_abbrev  0x00000000000122aa      0x194 /home/eidengenossen/code/ware/warey/gnu/elf/rtld-libc.a(rtld-fdopendir.os)
 .debug_abbrev  0x000000000001243e      0x21b /home/eidengenossen/code/ware/warey/gnu/elf/rtld-libc.a(rtld-readdir64.os)
 .debug_abbrev  0x0000000000012659      0x10e /home/eidengenossen/code/ware/warey/gnu/elf/rtld-libc.a(rtld-rewinddir.os)
 .debug_abbrev  0x0000000000012767       0xc7 /home/eidengenossen/code/ware/warey/gnu/elf/rtld-libc.a(rtld-getdents64.os)
 .debug_abbrev  0x000000000001282e      0x218 /home/eidengenossen/code/ware/warey/gnu/elf/rtld-libc.a(rtld-dl-addr-obj.os)
 .debug_abbrev  0x0000000000012a46      0x32f /home/eidengenossen/code/ware/warey/gnu/elf/rtld-libc.a(rtld-prof-freq.os)
 .debug_abbrev  0x0000000000012d75      0x2df /home/eidengenossen/code/ware/warey/gnu/elf/rtld-libc.a(rtld-profil.os)
 .debug_abbrev  0x0000000000013054       0xb6 /home/eidengenossen/code/ware/warey/gnu/elf/rtld-libc.a(rtld-access.os)
 .debug_abbrev  0x000000000001310a       0xf8 /home/eidengenossen/code/ware/warey/gnu/elf/rtld-libc.a(rtld-fstat64.os)
 .debug_abbrev  0x0000000000013202      0x1a2 /home/eidengenossen/code/ware/warey/gnu/elf/rtld-libc.a(rtld-fstatat64.os)
 .debug_abbrev  0x00000000000133a4       0xc6 /home/eidengenossen/code/ware/warey/gnu/elf/rtld-libc.a(rtld-lseek64.os)
 .debug_abbrev  0x000000000001346a       0xfa /home/eidengenossen/code/ware/warey/gnu/elf/rtld-libc.a(rtld-lstat64.os)
 .debug_abbrev  0x0000000000013564      0x125 /home/eidengenossen/code/ware/warey/gnu/elf/rtld-libc.a(rtld-openat64.os)
 .debug_abbrev  0x0000000000013689       0xfa /home/eidengenossen/code/ware/warey/gnu/elf/rtld-libc.a(rtld-stat64.os)
 .debug_abbrev  0x0000000000013783       0xa3 /home/eidengenossen/code/ware/warey/gnu/elf/rtld-libc.a(rtld-close_nocancel.os)
 .debug_abbrev  0x0000000000013826       0x93 /home/eidengenossen/code/ware/warey/gnu/elf/rtld-libc.a(rtld-close_nocancel_nostatus.os)
 .debug_abbrev  0x00000000000138b9      0x202 /home/eidengenossen/code/ware/warey/gnu/elf/rtld-libc.a(rtld-fcntl_nocancel.os)
 .debug_abbrev  0x0000000000013abb      0x119 /home/eidengenossen/code/ware/warey/gnu/elf/rtld-libc.a(rtld-open64_nocancel.os)
 .debug_abbrev  0x0000000000013bd4       0xda /home/eidengenossen/code/ware/warey/gnu/elf/rtld-libc.a(rtld-pread64_nocancel.os)
 .debug_abbrev  0x0000000000013cae       0xcf /home/eidengenossen/code/ware/warey/gnu/elf/rtld-libc.a(rtld-read_nocancel.os)
 .debug_abbrev  0x0000000000013d7d       0xd6 /home/eidengenossen/code/ware/warey/gnu/elf/rtld-libc.a(rtld-write_nocancel.os)
 .debug_abbrev  0x0000000000013e53      0x24c /home/eidengenossen/code/ware/warey/gnu/elf/rtld-libc.a(rtld-scratch_buffer_set_array_size.os)
 .debug_abbrev  0x000000000001409f      0x139 /home/eidengenossen/code/ware/warey/gnu/elf/rtld-libc.a(rtld-fd_to_filename.os)
 .debug_abbrev  0x00000000000141d8      0x41b /home/eidengenossen/code/ware/warey/gnu/elf/rtld-libc.a(rtld-mmap64.os)
 .debug_abbrev  0x00000000000145f3       0x28 /home/eidengenossen/code/ware/warey/gnu/elf/rtld-libc.a(rtld-mprotect.os)
 .debug_abbrev  0x000000000001461b       0x28 /home/eidengenossen/code/ware/warey/gnu/elf/rtld-libc.a(rtld-munmap.os)