Archive member included to satisfy reference by file (symbol)

/home/eidengenossen/code/ware/warey/gnu/libc_pic.a(check_fds.os)
                              /home/eidengenossen/code/ware/warey/gnu/elf/dl-allobjs.os (__libc_check_standard_fds)
/home/eidengenossen/code/ware/warey/gnu/libc_pic.a(errno.os)
                              /home/eidengenossen/code/ware/warey/gnu/libc_pic.a(check_fds.os) (__libc_errno)
/home/eidengenossen/code/ware/warey/gnu/libc_pic.a(setjmp.os)
                              /home/eidengenossen/code/ware/warey/gnu/elf/dl-allobjs.os (__sigsetjmp)
/home/eidengenossen/code/ware/warey/gnu/libc_pic.a(__longjmp.os)
                              /home/eidengenossen/code/ware/warey/gnu/elf/dl-allobjs.os (__longjmp)
/home/eidengenossen/code/ware/warey/gnu/libc_pic.a(getenv.os)
                              /home/eidengenossen/code/ware/warey/gnu/elf/dl-allobjs.os (getenv)
/home/eidengenossen/code/ware/warey/gnu/libc_pic.a(_fitoa_word.os)
                              /home/eidengenossen/code/ware/warey/gnu/elf/dl-allobjs.os (_itoa_word)
/home/eidengenossen/code/ware/warey/gnu/libc_pic.a(itoa-udigits.os)
                              /home/eidengenossen/code/ware/warey/gnu/libc_pic.a(_fitoa_word.os) (__GI__itoa_upper_digits)
/home/eidengenossen/code/ware/warey/gnu/libc_pic.a(lowlevellock.os)
                              /home/eidengenossen/code/ware/warey/gnu/elf/dl-allobjs.os (__lll_lock_wait_private)
/home/eidengenossen/code/ware/warey/gnu/libc_pic.a(scratch_buffer_set_array_size.os)
                              /home/eidengenossen/code/ware/warey/gnu/elf/dl-allobjs.os (__libc_scratch_buffer_set_array_size)
/home/eidengenossen/code/ware/warey/gnu/libc_pic.a(memchr.os)
                              /home/eidengenossen/code/ware/warey/gnu/elf/dl-allobjs.os (memchr)
/home/eidengenossen/code/ware/warey/gnu/libc_pic.a(memcmp.os)
                              /home/eidengenossen/code/ware/warey/gnu/elf/dl-allobjs.os (memcmp)
/home/eidengenossen/code/ware/warey/gnu/libc_pic.a(memcpy.os)
                              /home/eidengenossen/code/ware/warey/gnu/libc_pic.a(check_fds.os) (__GI_memcpy)
/home/eidengenossen/code/ware/warey/gnu/libc_pic.a(memmove.os)
                              /home/eidengenossen/code/ware/warey/gnu/elf/dl-allobjs.os (memmove)
/home/eidengenossen/code/ware/warey/gnu/libc_pic.a(mempcpy.os)
                              /home/eidengenossen/code/ware/warey/gnu/elf/dl-allobjs.os (mempcpy)
/home/eidengenossen/code/ware/warey/gnu/libc_pic.a(memset.os)
                              /home/eidengenossen/code/ware/warey/gnu/elf/dl-allobjs.os (memset)
/home/eidengenossen/code/ware/warey/gnu/libc_pic.a(stpcpy.os)
                              /home/eidengenossen/code/ware/warey/gnu/elf/dl-allobjs.os (stpcpy)
/home/eidengenossen/code/ware/warey/gnu/libc_pic.a(strcat.os)
                              /home/eidengenossen/code/ware/warey/gnu/libc_pic.a(check_fds.os) (__GI_strcat)
/home/eidengenossen/code/ware/warey/gnu/libc_pic.a(strchr.os)
                              /home/eidengenossen/code/ware/warey/gnu/elf/dl-allobjs.os (strchr)
/home/eidengenossen/code/ware/warey/gnu/libc_pic.a(strcmp.os)
                              /home/eidengenossen/code/ware/warey/gnu/elf/dl-allobjs.os (strcmp)
/home/eidengenossen/code/ware/warey/gnu/libc_pic.a(strcpy.os)
                              /home/eidengenossen/code/ware/warey/gnu/libc_pic.a(check_fds.os) (__GI_strcpy)
/home/eidengenossen/code/ware/warey/gnu/libc_pic.a(strcspn.os)
                              /home/eidengenossen/code/ware/warey/gnu/elf/dl-allobjs.os (strcspn)
/home/eidengenossen/code/ware/warey/gnu/libc_pic.a(strdup.os)
                              /home/eidengenossen/code/ware/warey/gnu/elf/dl-allobjs.os (__strdup)
/home/eidengenossen/code/ware/warey/gnu/libc_pic.a(strerrorname_np.os)
                              /home/eidengenossen/code/ware/warey/gnu/elf/dl-allobjs.os (strerrorname_np)
/home/eidengenossen/code/ware/warey/gnu/libc_pic.a(strlen.os)
                              /home/eidengenossen/code/ware/warey/gnu/elf/dl-allobjs.os (strlen)
/home/eidengenossen/code/ware/warey/gnu/libc_pic.a(strncmp.os)
                              /home/eidengenossen/code/ware/warey/gnu/elf/dl-allobjs.os (strncmp)
/home/eidengenossen/code/ware/warey/gnu/libc_pic.a(strncpy.os)
                              /home/eidengenossen/code/ware/warey/gnu/libc_pic.a(check_fds.os) (__GI_strncpy)
/home/eidengenossen/code/ware/warey/gnu/libc_pic.a(strnlen.os)
                              /home/eidengenossen/code/ware/warey/gnu/elf/dl-allobjs.os (strnlen)
/home/eidengenossen/code/ware/warey/gnu/libc_pic.a(memchr-avx2.os)
                              /home/eidengenossen/code/ware/warey/gnu/libc_pic.a(memchr.os) (__memchr_avx2)
/home/eidengenossen/code/ware/warey/gnu/libc_pic.a(memchr-avx2-rtm.os)
                              /home/eidengenossen/code/ware/warey/gnu/libc_pic.a(memchr.os) (__memchr_avx2_rtm)
[...]
Memory Configuration

Name             Origin             Length             Attributes
*default*        0x0000000000000000 0xffffffffffffffff

Linker script and memory map

LOAD /home/eidengenossen/code/ware/warey/gnu/elf/librtld.mapT.o
START GROUP
LOAD /home/eidengenossen/code/ware/warey/gnu/elf/dl-allobjs.os
LOAD /home/eidengenossen/code/ware/warey/gnu/libc_pic.a
LOAD /usr/lib/gcc/x86_64-redhat-linux/15/libgcc.a
END GROUP

.note.gnu.build-id
 *(.note.gnu.build-id)

.interp
 *(.interp)

.note.gnu.property
                0x0000000000000000       0x30
 .note.gnu.property
                0x0000000000000000       0x30 /home/eidengenossen/code/ware/warey/gnu/elf/librtld.mapT.o

.hash
 *(.hash)

.gnu.hash
 *(.gnu.hash)

.dynsym
 *(.dynsym)

.dynstr
 *(.dynstr)

.gnu.version
 *(.gnu.version)

.gnu.version_d
 *(.gnu.version_d)

.gnu.version_r
 *(.gnu.version_r)

.rela.init
 *(.rela.init)

.rela.text
 *(.rela.text)

.rela.fini
 *(.rela.fini)

.rela.rodata
 *(.rela.rodata)

.rela.data.rel.ro
 *(.rela.data.rel.ro)

.rela.data
 *(.rela.data)

.rela.tdata
 *(.rela.tdata)

.rela.tbss
 *(.rela.tbss)

.rela.ctors
 *(.rela.ctors)

.rela.dtors
 *(.rela.dtors)

.rela.got
 *(.rela.got)

.rela.bss
 *(.rela.bss)

.rela.ldata
 *(.rela.ldata)

.rela.lbss
 *(.rela.lbss)

.rela.lrodata
 *(.rela.lrodata)

.rela.ifunc
 *(.rela.ifunc)

.rela.plt
 *(.rela.plt)

.relr.dyn
 *(.relr.dyn)

.init
 *(SORT_NONE(.init))

.plt
 *(.plt)

.plt.got
 *(.plt.got)

.plt.sec
 *(.plt.sec)

.text           0x0000000000000000    0x2a364
 *(.text .stub)
 .text          0x0000000000000000        0x0 /home/eidengenossen/code/ware/warey/gnu/elf/librtld.mapT.o
                0x0000000000000000                __stack_chk_fail_local
                0x0000000000000000                __GI___vsprintf_chk
                0x0000000000000000                malloc
                0x0000000000000000                __libc_assert_fail
                0x0000000000000000                __stack_chk_fail
                0x0000000000000000                calloc
                0x0000000000000000                realloc
                0x0000000000000000                __GI_abort
                0x0000000000000000                __GI___vfprintf_chk
                0x0000000000000000                __GI___vsyslog_chk
                0x0000000000000000                __syscall_cancel
                0x0000000000000000                free
 .text          0x0000000000000000    0x20e3c /home/eidengenossen/code/ware/warey/gnu/elf/dl-allobjs.os
                0x0000000000000000                _dl_call_libc_early_init
                0x0000000000000070                _dl_call_fini
                0x00000000000001c0                _dl_signal_exception
                0x00000000000001c0                __GI__dl_signal_exception
                0x0000000000000220                __GI__dl_signal_error
                0x0000000000000220                _dl_signal_error
                0x0000000000000290                _dl_signal_cexception
                0x0000000000000320                _dl_signal_cerror
                0x00000000000003b0                _dl_receive_error
                0x0000000000000440                _dl_catch_exception
                0x0000000000000440                __GI__dl_catch_exception
                0x00000000000005c0                _dl_catch_error
                0x0000000000000750                _dl_close_worker
                0x0000000000001530                _dl_close
                0x00000000000015a0                _dl_debug_post_relocate
                0x0000000000001630                _dl_debug_update
                0x0000000000001670                _dl_debug_change_state
                0x00000000000016a0                _dl_debug_initialize
                0x00000000000017b0                _dl_debug_state
                0x00000000000017b0                __GI__dl_debug_state
                0x0000000000001800                _dl_map_object_deps
                0x0000000000002780                _dl_error_free
                0x00000000000027a0                _dl_exception_create
                0x00000000000027a0                __GI__dl_exception_create
                0x0000000000002880                __GI__dl_exception_create_format
                0x0000000000002880                _dl_exception_create_format
                0x0000000000002c90                _dl_exception_free
                0x0000000000002c90                __GI__dl_exception_free
                0x0000000000002cb0                _dl_make_stack_executable
                0x0000000000002cf0                _dl_handle_execstack_tunable
                0x0000000000003090                __GI__dl_find_object
                0x0000000000003090                _dl_find_object
                0x0000000000003440                _dlfo_sort_mappings
                0x0000000000003500                _dl_find_object_init
                0x00000000000036c0                _dl_find_object_update
                0x0000000000003b90                _dl_find_object_dlclose
                0x0000000000003c70                _dl_find_object_freeres
                0x0000000000003cc0                _dl_fini
                0x0000000000004010                _dl_init
                0x0000000000005050                _dl_dst_count
                0x00000000000050e0                _dl_dst_substitute
                0x00000000000058e0                _dl_init_paths
                0x0000000000005c80                _dl_process_pt_gnu_property
                0x00000000000077d0                _dl_lookup_map
                0x0000000000007900                _dl_map_new_object
                0x00000000000082f0                _dl_map_object
                0x0000000000008350                _dl_rtld_di_serinfo
                0x0000000000009360                _dl_lookup_symbol_x
                0x0000000000009f20                _dl_lookup_direct
                0x000000000000a0c0                __minimal_malloc
                0x000000000000a200                __minimal_calloc
                0x000000000000a240                __minimal_free
                0x000000000000a280                __minimal_realloc
                0x000000000000a300                _dl_sysdep_read_whole_file
                0x000000000000a3b0                _dl_name_match_p
                0x000000000000a420                _dl_higher_prime_number
                0x000000000000a480                _dl_strtoul
                0x000000000000a640                _dl_add_to_namespace_list
                0x000000000000a6d0                _dl_new_object
                0x000000000000aed0                __GI__dl_find_dso_for_object
                0x000000000000aed0                _dl_find_dso_for_object
                0x000000000000af70                _dl_open
                0x000000000000b350                _dl_show_scope
                0x000000000000be80                _dl_get_origin
                0x000000000000c000                _dl_canonicalize
                0x000000000000c630                _dl_debug_printf
                0x000000000000c6e0                _dl_debug_printf_c
                0x000000000000c790                _dl_dprintf
                0x000000000000c830                _dl_printf
                0x000000000000c8d0                _dl_error_printf
                0x000000000000c970                _dl_fatal_printf
                0x000000000000c970                __GI__dl_fatal_printf
                0x000000000000ca10                _dl_readonly_area
                0x000000000000cb80                _dl_try_allocate_static_tls
                0x000000000000ccb0                _dl_allocate_static_tls
                0x000000000000cce0                _dl_protect_relro
                0x000000000000cd50                _dl_reloc_bad_type
                0x000000000000ce20                _dl_relocate_object_no_relro
                0x000000000000f670                _dl_relocate_object
                0x000000000000f6a0                _dl_fixup
                0x000000000000f950                _dl_profile_fixup
                0x000000000000fc90                _dl_scope_free
                0x000000000000fd60                _dl_setup_hash
                0x000000000000ff30                _dl_sort_maps_init
                0x000000000000ff60                _dl_sort_maps
                0x00000000000103d0                __thread_gscope_wait
                0x00000000000108b0                _dl_tls_static_surplus_init
                0x0000000000010940                _dl_assign_tls_modid
                0x0000000000010a30                _dl_count_modids
                0x0000000000010ab0                _dl_determine_tlsoffset
                0x0000000000010c90                _dl_get_tls_static_info
                0x0000000000010cb0                _dl_allocate_tls_storage
                0x0000000000010db0                __GI__dl_allocate_tls_init
                0x0000000000010db0                _dl_allocate_tls_init
                0x0000000000010fb0                __GI__dl_allocate_tls
                0x0000000000010fb0                _dl_allocate_tls
                0x0000000000010ff0                _dl_deallocate_tls
                0x0000000000010ff0                __GI__dl_deallocate_tls
                0x00000000000110a0                _dl_update_slotinfo
                0x0000000000011290                __GI___tls_get_addr
                0x0000000000011290                ___tls_get_addr
                0x00000000000112f0                _dl_tls_get_addr_soft
                0x0000000000011370                _dl_tls_initial_modid_limit_setup
                0x00000000000113c0                _dl_add_to_slotinfo
                0x0000000000011520                _dl_init_static_tls
                0x0000000000011650                __tls_get_addr_slow
                0x00000000000116a0                __tls_pre_init_tp
                0x00000000000116f0                __tls_init_tp
                0x0000000000011850                _dl_runtime_profile_sse
                0x00000000000119e0                _dl_runtime_resolve_fxsave
                0x0000000000011a60                _dl_runtime_resolve_xsave
                0x0000000000011b30                _dl_runtime_resolve_xsavec
                0x0000000000011df0                __tunable_is_initialized
                0x0000000000011df0                __GI___tunable_is_initialized
                0x0000000000011e10                __GI___tunable_set_val
                0x0000000000011e30                __GI___tunables_init
                0x00000000000122d0                __GI___tunables_print
                0x00000000000123d0                __tunable_get_default
                0x00000000000123d0                __GI___tunable_get_default
                0x0000000000012420                __tunable_get_val
                0x0000000000012420                __GI___tunable_get_val
                0x0000000000012480                _dl_check_map_versions
                0x0000000000012cf0                _dl_check_all_versions
                0x0000000000012d70                _dl_write
                0x0000000000012d80                _dl_cache_libcmp
                0x00000000000134f0                _dl_load_cache_lookup
                0x0000000000013810                _dl_unload_cache
                0x00000000000163b0                __x86_cpu_features
                0x00000000000163d0                _dl_x86_init_cpu_features
                0x00000000000163f0                _dl_x86_get_cpu_features
                0x0000000000016400                _dl_tlsdesc_return
                0x0000000000016410                _dl_tlsdesc_undefweak
                0x0000000000016420                _dl_tlsdesc_dynamic_fxsave
                0x00000000000164d0                _dl_tlsdesc_dynamic_xsave
                0x00000000000165e0                _dl_tlsdesc_dynamic_xsavec
                0x00000000000166e0                __tls_get_addr
                0x0000000000016740                _dl_make_tlsdesc_dynamic
                0x0000000000016a70                _dl_unmap
                0x0000000000016af0                _dl_audit_activity_map
                0x0000000000016ba0                _dl_audit_activity_nsid
                0x0000000000016bd0                _dl_audit_objsearch
                0x0000000000016ca0                _dl_audit_objopen
                0x0000000000016d80                _dl_audit_objclose
                0x0000000000016e30                _dl_audit_preinit
                0x0000000000016ec0                _dl_audit_symbind_alt
                0x0000000000016ec0                __GI__dl_audit_symbind_alt
                0x0000000000017070                _dl_audit_symbind
                0x00000000000172e0                _dl_audit_pltenter
                0x00000000000174f0                _dl_audit_pltexit
                0x00000000000176f0                _dl_diagnostics_print_string
                0x0000000000017770                _dl_diagnostics_print_labeled_string
                0x00000000000177b0                _dl_diagnostics_print_labeled_value
                0x00000000000177d0                _dl_print_diagnostics
                0x0000000000018580                _dl_diagnostics_cpu
                0x0000000000018d80                _dl_diagnostics_kernel
                0x0000000000018e20                _dl_next_ld_env_entry
                0x0000000000018e80                unsetenv
                0x0000000000018fc0                _dl_important_hwcaps
                0x0000000000019340                _dl_hwcaps_subdirs_active
                0x00000000000193c0                _dl_hwcaps_split
                0x0000000000019450                _dl_hwcaps_contains
                0x0000000000019500                _dl_hwcaps_split_masked
                0x00000000000195c0                __rtld_libc_freeres
                0x0000000000019740                __rtld_malloc_init_stubs
                0x0000000000019780                __sigjmp_save
                0x0000000000019790                __strerror_r
                0x0000000000019840                __GI___libc_fatal
                0x0000000000019840                __libc_fatal
                0x0000000000019860                __GI___chk_fail
                0x0000000000019860                __chk_fail
                0x0000000000019870                __rtld_malloc_is_complete
                0x0000000000019960                __rtld_malloc_init_real
                0x0000000000019a70                _itoa
                0x0000000000019ac0                __strsep
                0x0000000000019ac0                strsep
                0x0000000000019ac0                __strsep_g
                0x0000000000019b20                __rtld_mutex_init
                0x0000000000019c00                _dl_start_profile
                0x000000000001a350                __GI__dl_mcount
                0x000000000001a350                _dl_mcount
                0x000000000001a780                _dl_tunable_set_hwcaps
                0x000000000001b320                _dl_sysdep_start
                0x000000000001b3e0                _dl_sysdep_start_cleanup
                0x000000000001b3f0                _dl_show_auxv
                0x000000000001b5a0                _dl_usage
                0x000000000001b5f0                _dl_version
                0x000000000001b610                _dl_help
                0x000000000001b900                _start
                0x000000000001b908                _dl_start_user
                0x000000000001ca30                handle_preload_list
                0x00000000000205e0                __brk
                0x00000000000205e0                brk
                0x0000000000020610                __getcwd
                0x0000000000020610                getcwd
                0x0000000000020c10                openat64
                0x0000000000020c50                __alloc_dir
                0x0000000000020d20                __opendir
                0x0000000000020d20                opendir
                0x0000000000020db0                sbrk
                0x0000000000020db0                __sbrk
 *fill*         0x0000000000020e3c        0x4 
 .text          0x0000000000020e40       0xe2 /home/eidengenossen/code/ware/warey/gnu/libc_pic.a(check_fds.os)
                0x0000000000020ef0                __libc_check_standard_fds
 .text          0x0000000000020f22        0x0 /home/eidengenossen/code/ware/warey/gnu/libc_pic.a(errno.os)
 *fill*         0x0000000000020f22        0xe 
 .text          0x0000000000020f30       0x57 /home/eidengenossen/code/ware/warey/gnu/libc_pic.a(setjmp.os)
                0x0000000000020f30                __sigsetjmp
                0x0000000000020f30                __GI___sigsetjmp
 *fill*         0x0000000000020f87        0x9 
 .text          0x0000000000020f90       0x50 /home/eidengenossen/code/ware/warey/gnu/libc_pic.a(__longjmp.os)
                0x0000000000020f90                __longjmp
 .text          0x0000000000020fe0       0xa5 /home/eidengenossen/code/ware/warey/gnu/libc_pic.a(getenv.os)
                0x0000000000020fe0                getenv
                0x0000000000020fe0                __GI_getenv
 *fill*         0x0000000000021085       0x3b 
 .text          0x00000000000210c0      0x188 /home/eidengenossen/code/ware/warey/gnu/libc_pic.a(_fitoa_word.os)
                0x00000000000210c0                _itoa_word
                0x00000000000211f0                _fitoa_word
 .text          0x0000000000021248        0x0 /home/eidengenossen/code/ware/warey/gnu/libc_pic.a(itoa-udigits.os)
 *fill*         0x0000000000021248        0x8 
 .text          0x0000000000021250       0xe4 /home/eidengenossen/code/ware/warey/gnu/libc_pic.a(lowlevellock.os)
                0x0000000000021250                __GI___lll_lock_wait_private
                0x0000000000021250                __lll_lock_wait_private
                0x00000000000212a0                __lll_lock_wait
                0x00000000000212a0                __GI___lll_lock_wait
                0x0000000000021300                __lll_lock_wake_private
                0x0000000000021300                __GI___lll_lock_wake_private
                0x0000000000021320                __lll_lock_wake
                0x0000000000021320                __GI___lll_lock_wake
 *fill*         0x0000000000021334        0xc 
 .text          0x0000000000021340       0xa8 /home/eidengenossen/code/ware/warey/gnu/libc_pic.a(scratch_buffer_set_array_size.os)
                0x0000000000021340                __libc_scratch_buffer_set_array_size
                0x0000000000021340                __GI___libc_scratch_buffer_set_array_size
 *fill*         0x00000000000213e8        0x8 
 .text          0x00000000000213f0       0x76 /home/eidengenossen/code/ware/warey/gnu/libc_pic.a(memchr.os)
                0x00000000000213f0                __GI_memchr
                0x00000000000213f0                memchr
                0x00000000000213f0                __memchr
 *fill*         0x0000000000021466        0xa 
 .text          0x0000000000021470       0x70 /home/eidengenossen/code/ware/warey/gnu/libc_pic.a(memcmp.os)
                0x0000000000021470                bcmp
                0x0000000000021470                __GI_memcmp
                0x0000000000021470                memcmp
 .text          0x00000000000214e0      0x101 /home/eidengenossen/code/ware/warey/gnu/libc_pic.a(memcpy.os)
                0x00000000000214e0                __GI_memcpy
                0x00000000000214e0                __new_memcpy
                0x00000000000214e0                memcpy@@GLIBC_2.14
 *fill*         0x00000000000215e1        0xf 
 .text          0x00000000000215f0      0x101 /home/eidengenossen/code/ware/warey/gnu/libc_pic.a(memmove.os)
                0x00000000000215f0                memmove
                0x00000000000215f0                __GI_memmove
                0x00000000000215f0                __libc_memmove
 *fill*         0x00000000000216f1        0xf 
 .text          0x0000000000021700      0x101 /home/eidengenossen/code/ware/warey/gnu/libc_pic.a(mempcpy.os)
                0x0000000000021700                mempcpy
                0x0000000000021700                __GI_mempcpy
                0x0000000000021700                __mempcpy
                0x0000000000021700                __GI___mempcpy
 *fill*         0x0000000000021801        0xf 
 .text          0x0000000000021810      0x116 /home/eidengenossen/code/ware/warey/gnu/libc_pic.a(memset.os)
                0x0000000000021810                __GI_memset
                0x0000000000021810                memset
 *fill*         0x0000000000021926        0xa 
 .text          0x0000000000021930       0x68 /home/eidengenossen/code/ware/warey/gnu/libc_pic.a(stpcpy.os)
                0x0000000000021930                stpcpy
                0x0000000000021930                __GI_stpcpy
                0x0000000000021930                __stpcpy
                0x0000000000021930                __GI___stpcpy
 *fill*         0x0000000000021998        0x8 
 .text          0x00000000000219a0       0x68 /home/eidengenossen/code/ware/warey/gnu/libc_pic.a(strcat.os)
                0x00000000000219a0                strcat
                0x00000000000219a0                __GI_strcat
 *fill*         0x0000000000021a08        0x8 
 .text          0x0000000000021a10       0x70 /home/eidengenossen/code/ware/warey/gnu/libc_pic.a(strchr.os)
                0x0000000000021a10                __GI_strchr
                0x0000000000021a10                index
                0x0000000000021a10                strchr
 .text          0x0000000000021a80       0x90 /home/eidengenossen/code/ware/warey/gnu/libc_pic.a(strcmp.os)
                0x0000000000021a80                __GI_strcmp
                0x0000000000021a80                strcmp
 .text          0x0000000000021b10       0x68 /home/eidengenossen/code/ware/warey/gnu/libc_pic.a(strcpy.os)
                0x0000000000021b10                strcpy
                0x0000000000021b10                __GI_strcpy
 *fill*         0x0000000000021b78        0x8 
 .text          0x0000000000021b80       0x21 /home/eidengenossen/code/ware/warey/gnu/libc_pic.a(strcspn.os)
                0x0000000000021b80                strcspn
                0x0000000000021b80                __GI_strcspn
 *fill*         0x0000000000021ba1        0xf 
 .text          0x0000000000021bb0       0x39 /home/eidengenossen/code/ware/warey/gnu/libc_pic.a(strdup.os)
                0x0000000000021bb0                __GI___strdup
                0x0000000000021bb0                __strdup
                0x0000000000021bb0                strdup
 *fill*         0x0000000000021be9        0x7 
 .text          0x0000000000021bf0        0x5 /home/eidengenossen/code/ware/warey/gnu/libc_pic.a(strerrorname_np.os)
                0x0000000000021bf0                strerrorname_np
 *fill*         0x0000000000021bf5        0xb 
 .text          0x0000000000021c00       0x78 /home/eidengenossen/code/ware/warey/gnu/libc_pic.a(strlen.os)
                0x0000000000021c00                strlen
                0x0000000000021c00                __GI_strlen
 *fill*         0x0000000000021c78        0x8 
 .text          0x0000000000021c80       0x99 /home/eidengenossen/code/ware/warey/gnu/libc_pic.a(strncmp.os)
                0x0000000000021c80                __GI_strncmp
                0x0000000000021c80                strncmp
 *fill*         0x0000000000021d19        0x7 
 .text          0x0000000000021d20       0x60 /home/eidengenossen/code/ware/warey/gnu/libc_pic.a(strncpy.os)
                0x0000000000021d20                strncpy
                0x0000000000021d20                __GI_strncpy
 .text          0x0000000000021d80       0x78 /home/eidengenossen/code/ware/warey/gnu/libc_pic.a(strnlen.os)
                0x0000000000021d80                __strnlen
                0x0000000000021d80                strnlen
                0x0000000000021d80                __GI___strnlen
                0x0000000000021d80                __GI_strnlen
 .text          0x0000000000021df8        0x0 /home/eidengenossen/code/ware/warey/gnu/libc_pic.a(memchr-avx2.os)
 .text          0x0000000000021df8        0x0 /home/eidengenossen/code/ware/warey/gnu/libc_pic.a(memchr-avx2-rtm.os)
 .text          0x0000000000021df8        0x0 /home/eidengenossen/code/ware/warey/gnu/libc_pic.a(memchr-evex.os)
 .text          0x0000000000021df8        0x0 /home/eidengenossen/code/ware/warey/gnu/libc_pic.a(memchr-evex-rtm.os)
 *fill*         0x0000000000021df8        0x8 
 .text          0x0000000000021e00      0x323 /home/eidengenossen/code/ware/warey/gnu/libc_pic.a(memchr-sse2.os)
                0x0000000000021e00                __memchr_sse2
 .text          0x0000000000022123        0x0 /home/eidengenossen/code/ware/warey/gnu/libc_pic.a(memcmp-avx2-movbe.os)
 .text          0x0000000000022123        0x0 /home/eidengenossen/code/ware/warey/gnu/libc_pic.a(memcmp-avx2-movbe-rtm.os)
 .text          0x0000000000022123        0x0 /home/eidengenossen/code/ware/warey/gnu/libc_pic.a(memcmp-evex-movbe.os)
 *fill*         0x0000000000022123       0x1d 
 .text          0x0000000000022140      0x2d0 /home/eidengenossen/code/ware/warey/gnu/libc_pic.a(memcmp-sse2.os)
                0x0000000000022140                __memcmp_sse2
 .text          0x0000000000022410        0x0 /home/eidengenossen/code/ware/warey/gnu/libc_pic.a(memmove-avx-unaligned-erms.os)
 .text          0x0000000000022410        0x0 /home/eidengenossen/code/ware/warey/gnu/libc_pic.a(memmove-avx-unaligned-erms-rtm.os)
 .text          0x0000000000022410        0x0 /home/eidengenossen/code/ware/warey/gnu/libc_pic.a(memmove-avx512-no-vzeroupper.os)
 .text          0x0000000000022410        0x0 /home/eidengenossen/code/ware/warey/gnu/libc_pic.a(memmove-avx512-unaligned-erms.os)
 .text          0x0000000000022410       0x5d /home/eidengenossen/code/ware/warey/gnu/libc_pic.a(memmove-erms.os)
                0x0000000000022410                __mempcpy_chk_erms
                0x0000000000022420                __mempcpy_erms
                0x0000000000022430                __memcpy_chk_erms
                0x0000000000022430                __memmove_chk_erms
                0x0000000000022440                __memmove_erms
                0x0000000000022440                __memcpy_erms
 .text          0x000000000002246d        0x0 /home/eidengenossen/code/ware/warey/gnu/libc_pic.a(memmove-evex-unaligned-erms.os)
 *fill*         0x000000000002246d       0x13 
 .text          0x0000000000022480      0x612 /home/eidengenossen/code/ware/warey/gnu/libc_pic.a(memmove-sse2-unaligned-erms.os)
                0x0000000000022480                __mempcpy_chk_sse2_unaligned
                0x0000000000022490                __mempcpy_sse2_unaligned
                0x00000000000224a0                __memcpy_chk_sse2_unaligned
                0x00000000000224a0                __memmove_chk_sse2_unaligned
                0x00000000000224b0                __memmove_sse2_unaligned
                0x00000000000224b0                __memcpy_sse2_unaligned
                0x00000000000224b0                memcpy@GLIBC_2.2.5
                0x00000000000224e0                __mempcpy_chk_sse2_unaligned_erms
                0x00000000000224f0                __mempcpy_sse2_unaligned_erms
                0x0000000000022500                __memmove_chk_sse2_unaligned_erms
                0x0000000000022500                __memcpy_chk_sse2_unaligned_erms
                0x0000000000022540                __memmove_sse2_unaligned_erms
                0x0000000000022540                __memcpy_sse2_unaligned_erms
 .text          0x0000000000022a92        0x0 /home/eidengenossen/code/ware/warey/gnu/libc_pic.a(memmove-ssse3.os)
 .text          0x0000000000022a92        0x0 /home/eidengenossen/code/ware/warey/gnu/libc_pic.a(memset-avx2-unaligned-erms.os)
 .text          0x0000000000022a92        0x0 /home/eidengenossen/code/ware/warey/gnu/libc_pic.a(memset-avx2-unaligned-erms-rtm.os)
 .text          0x0000000000022a92        0x0 /home/eidengenossen/code/ware/warey/gnu/libc_pic.a(memset-avx512-no-vzeroupper.os)
 .text          0x0000000000022a92        0x0 /home/eidengenossen/code/ware/warey/gnu/libc_pic.a(memset-avx512-unaligned-erms.os)
 *fill*         0x0000000000022a92        0xe 
 .text          0x0000000000022aa0       0x29 /home/eidengenossen/code/ware/warey/gnu/libc_pic.a(memset-erms.os)
                0x0000000000022aa0                __memset_chk_erms
                0x0000000000022ab0                __memset_erms
 .text          0x0000000000022ac9        0x0 /home/eidengenossen/code/ware/warey/gnu/libc_pic.a(memset-evex-unaligned-erms.os)
 *fill*         0x0000000000022ac9       0x37 
 .text          0x0000000000022b00      0x1bf /home/eidengenossen/code/ware/warey/gnu/libc_pic.a(memset-sse2-unaligned-erms.os)
                0x0000000000022b00                __wmemset_chk_sse2_unaligned
                0x0000000000022b10                __wmemset_sse2_unaligned
                0x0000000000022b30                __memset_chk_sse2_unaligned
                0x0000000000022b40                __memset_sse2_unaligned
                0x0000000000022b70                __memset_chk_sse2_unaligned_erms
                0x0000000000022b80                __memset_sse2_unaligned_erms
 .text          0x0000000000022cbf        0x0 /home/eidengenossen/code/ware/warey/gnu/libc_pic.a(stpcpy-avx2.os)
 .text          0x0000000000022cbf        0x0 /home/eidengenossen/code/ware/warey/gnu/libc_pic.a(stpcpy-avx2-rtm.os)
 .text          0x0000000000022cbf        0x0 /home/eidengenossen/code/ware/warey/gnu/libc_pic.a(stpcpy-evex.os)
 *fill*         0x0000000000022cbf        0x1 
 .text          0x0000000000022cc0       0xdc /home/eidengenossen/code/ware/warey/gnu/libc_pic.a(stpcpy-sse2.os)
                0x0000000000022cc0                __stpcpy_sse2
 *fill*         0x0000000000022d9c        0x4 
 .text          0x0000000000022da0      0x6b0 /home/eidengenossen/code/ware/warey/gnu/libc_pic.a(stpcpy-sse2-unaligned.os)
                0x0000000000022da0                __stpcpy_sse2_unaligned
 .text          0x0000000000023450        0x0 /home/eidengenossen/code/ware/warey/gnu/libc_pic.a(strcat-avx2.os)
 .text          0x0000000000023450        0x0 /home/eidengenossen/code/ware/warey/gnu/libc_pic.a(strcat-avx2-rtm.os)
 .text          0x0000000000023450        0x0 /home/eidengenossen/code/ware/warey/gnu/libc_pic.a(strcat-evex.os)
 .text          0x0000000000023450      0x1bc /home/eidengenossen/code/ware/warey/gnu/libc_pic.a(strcat-sse2.os)
                0x0000000000023450                __strcat_sse2
 *fill*         0x000000000002360c        0x4 
 .text          0x0000000000023610      0x8f0 /home/eidengenossen/code/ware/warey/gnu/libc_pic.a(strcat-sse2-unaligned.os)
                0x0000000000023610                __strcat_sse2_unaligned
 .text          0x0000000000023f00        0x0 /home/eidengenossen/code/ware/warey/gnu/libc_pic.a(strchr-avx2.os)
 .text          0x0000000000023f00        0x0 /home/eidengenossen/code/ware/warey/gnu/libc_pic.a(strchr-avx2-rtm.os)
 .text          0x0000000000023f00        0x0 /home/eidengenossen/code/ware/warey/gnu/libc_pic.a(strchr-evex.os)
 .text          0x0000000000023f00      0x21a /home/eidengenossen/code/ware/warey/gnu/libc_pic.a(strchr-sse2.os)
                0x0000000000023f00                __strchr_sse2
 .text          0x000000000002411a        0x0 /home/eidengenossen/code/ware/warey/gnu/libc_pic.a(strchr-sse2-no-bsf.os)
 .text          0x000000000002411a        0x0 /home/eidengenossen/code/ware/warey/gnu/libc_pic.a(strcmp-avx2.os)
 .text          0x000000000002411a        0x0 /home/eidengenossen/code/ware/warey/gnu/libc_pic.a(strcmp-avx2-rtm.os)
 .text          0x000000000002411a        0x0 /home/eidengenossen/code/ware/warey/gnu/libc_pic.a(strcmp-evex.os)
 *fill*         0x000000000002411a        0x6 
 .text          0x0000000000024120     0x1439 /home/eidengenossen/code/ware/warey/gnu/libc_pic.a(strcmp-sse2.os)
                0x0000000000024120                __strcmp_sse2
 *fill*         0x0000000000025559        0x7 
 .text          0x0000000000025560      0x2a3 /home/eidengenossen/code/ware/warey/gnu/libc_pic.a(strcmp-sse2-unaligned.os)
                0x0000000000025560                __strcmp_sse2_unaligned
 .text          0x0000000000025803        0x0 /home/eidengenossen/code/ware/warey/gnu/libc_pic.a(strcmp-sse4_2.os)
 .text          0x0000000000025803        0x0 /home/eidengenossen/code/ware/warey/gnu/libc_pic.a(strcpy-avx2.os)
 .text          0x0000000000025803        0x0 /home/eidengenossen/code/ware/warey/gnu/libc_pic.a(strcpy-avx2-rtm.os)
 .text          0x0000000000025803        0x0 /home/eidengenossen/code/ware/warey/gnu/libc_pic.a(strcpy-evex.os)
 *fill*         0x0000000000025803        0xd 
 .text          0x0000000000025810       0xdc /home/eidengenossen/code/ware/warey/gnu/libc_pic.a(strcpy-sse2.os)
                0x0000000000025810                __strcpy_sse2
 *fill*         0x00000000000258ec        0x4 
 .text          0x00000000000258f0      0x630 /home/eidengenossen/code/ware/warey/gnu/libc_pic.a(strcpy-sse2-unaligned.os)
                0x00000000000258f0                __strcpy_sse2_unaligned
 .text          0x0000000000025f20        0x0 /home/eidengenossen/code/ware/warey/gnu/libc_pic.a(strcspn-sse4.os)
 .text          0x0000000000025f20        0x0 /home/eidengenossen/code/ware/warey/gnu/libc_pic.a(strlen-avx2.os)
 .text          0x0000000000025f20        0x0 /home/eidengenossen/code/ware/warey/gnu/libc_pic.a(strlen-avx2-rtm.os)
 .text          0x0000000000025f20        0x0 /home/eidengenossen/code/ware/warey/gnu/libc_pic.a(strlen-evex.os)
 .text          0x0000000000025f20      0x19c /home/eidengenossen/code/ware/warey/gnu/libc_pic.a(strlen-sse2.os)
                0x0000000000025f20                __strlen_sse2
 .text          0x00000000000260bc        0x0 /home/eidengenossen/code/ware/warey/gnu/libc_pic.a(strncmp-avx2.os)
 .text          0x00000000000260bc        0x0 /home/eidengenossen/code/ware/warey/gnu/libc_pic.a(strncmp-avx2-rtm.os)
 .text          0x00000000000260bc        0x0 /home/eidengenossen/code/ware/warey/gnu/libc_pic.a(strncmp-evex.os)
 *fill*         0x00000000000260bc        0x4 
 .text          0x00000000000260c0     0x1849 /home/eidengenossen/code/ware/warey/gnu/libc_pic.a(strncmp-sse2.os)
                0x00000000000260c0                __strncmp_sse2
 .text          0x0000000000027909        0x0 /home/eidengenossen/code/ware/warey/gnu/libc_pic.a(strncmp-sse4_2.os)
 .text          0x0000000000027909        0x0 /home/eidengenossen/code/ware/warey/gnu/libc_pic.a(strncpy-avx2.os)
 .text          0x0000000000027909        0x0 /home/eidengenossen/code/ware/warey/gnu/libc_pic.a(strncpy-avx2-rtm.os)
 .text          0x0000000000027909        0x0 /home/eidengenossen/code/ware/warey/gnu/libc_pic.a(strncpy-evex.os)
 *fill*         0x0000000000027909        0x7 
 .text          0x0000000000027910      0xfe0 /home/eidengenossen/code/ware/warey/gnu/libc_pic.a(strncpy-sse2-unaligned.os)
                0x0000000000027910                __strncpy_sse2_unaligned
 .text          0x00000000000288f0        0x0 /home/eidengenossen/code/ware/warey/gnu/libc_pic.a(strnlen-avx2.os)
 .text          0x00000000000288f0        0x0 /home/eidengenossen/code/ware/warey/gnu/libc_pic.a(strnlen-avx2-rtm.os)
 .text          0x00000000000288f0        0x0 /home/eidengenossen/code/ware/warey/gnu/libc_pic.a(strnlen-evex.os)
 .text          0x00000000000288f0      0x218 /home/eidengenossen/code/ware/warey/gnu/libc_pic.a(strnlen-sse2.os)
                0x00000000000288f0                __strnlen_sse2
 .text          0x0000000000028b08        0x0 /home/eidengenossen/code/ware/warey/gnu/libc_pic.a(varshift.os)
 *fill*         0x0000000000028b08       0x38 
 .text          0x0000000000028b40      0x17d /home/eidengenossen/code/ware/warey/gnu/libc_pic.a(strcspn-generic.os)
                0x0000000000028b40                __strcspn_generic
 *fill*         0x0000000000028cbd        0x3 
 .text          0x0000000000028cc0      0x198 /home/eidengenossen/code/ware/warey/gnu/libc_pic.a(cacheinfo.os)
                0x0000000000028cc0                __x86_cacheinfo
                0x0000000000028d70                __cache_sysconf
 *fill*         0x0000000000028e58        0x8 
 .text          0x0000000000028e60       0x29 /home/eidengenossen/code/ware/warey/gnu/libc_pic.a(closedir.os)
                0x0000000000028e60                __closedir
                0x0000000000028e60                closedir
 *fill*         0x0000000000028e89        0x7 
 .text          0x0000000000028e90       0xb2 /home/eidengenossen/code/ware/warey/gnu/libc_pic.a(fdopendir.os)
                0x0000000000028e90                fdopendir
                0x0000000000028e90                __fdopendir
 *fill*         0x0000000000028f42        0xe 
 .text          0x0000000000028f50      0x111 /home/eidengenossen/code/ware/warey/gnu/libc_pic.a(readdir64.os)
                0x0000000000028f50                readdir
                0x0000000000028f50                __readdir64
                0x0000000000028f50                __readdir
                0x0000000000028f50                __GI___readdir64
                0x0000000000028f50                readdir64
 *fill*         0x0000000000029061        0xf 
 .text          0x0000000000029070       0x6e /home/eidengenossen/code/ware/warey/gnu/libc_pic.a(rewinddir.os)
                0x0000000000029070                rewinddir
                0x0000000000029070                __rewinddir
                0x0000000000029070                __GI___rewinddir
 *fill*         0x00000000000290de        0x2 
 .text          0x00000000000290e0       0x27 /home/eidengenossen/code/ware/warey/gnu/libc_pic.a(_exit.os)
                0x00000000000290e0                _Exit
                0x00000000000290e0                __GI__exit
                0x00000000000290e0                _exit
 *fill*         0x0000000000029107        0x9 
 .text          0x0000000000029110        0x8 /home/eidengenossen/code/ware/warey/gnu/libc_pic.a(getpid.os)
                0x0000000000029110                __getpid
                0x0000000000029110                getpid
                0x0000000000029110                __GI_getpid
                0x0000000000029110                __GI___getpid
 *fill*         0x0000000000029118        0x8 
 .text          0x0000000000029120       0x21 /home/eidengenossen/code/ware/warey/gnu/libc_pic.a(uname.os)
                0x0000000000029120                uname
                0x0000000000029120                __GI_uname
                0x0000000000029120                __uname
                0x0000000000029120                __GI___uname
 .text          0x0000000000029141        0x0 /home/eidengenossen/code/ware/warey/gnu/libc_pic.a(environ.os)
 *fill*         0x0000000000029141        0xf 
 .text          0x0000000000029150       0x22 /home/eidengenossen/code/ware/warey/gnu/libc_pic.a(access.os)
                0x0000000000029150                __GI___access
                0x0000000000029150                access
                0x0000000000029150                __access
 *fill*         0x0000000000029172        0xe 
 .text          0x0000000000029180       0x22 /home/eidengenossen/code/ware/warey/gnu/libc_pic.a(fstat64.os)
                0x0000000000029180                __GI___fstat64
                0x0000000000029180                fstat64
                0x0000000000029180                fstat
                0x0000000000029180                __fstat64
                0x0000000000029180                __fstat
 *fill*         0x00000000000291a2        0xe 
 .text          0x00000000000291b0       0x2a /home/eidengenossen/code/ware/warey/gnu/libc_pic.a(fstatat64.os)
                0x00000000000291b0                fstatat
                0x00000000000291b0                __fstatat
                0x00000000000291b0                fstatat64
                0x00000000000291b0                __fstatat64
                0x00000000000291b0                __GI___fstatat
                0x00000000000291b0                __GI___fstatat64
 *fill*         0x00000000000291da        0x6 
 .text          0x00000000000291e0       0x24 /home/eidengenossen/code/ware/warey/gnu/libc_pic.a(lseek64.os)
                0x00000000000291e0                __GI___lseek
                0x00000000000291e0                __lseek64
                0x00000000000291e0                lseek
                0x00000000000291e0                __libc_lseek64
                0x00000000000291e0                llseek@GLIBC_2.2.5
                0x00000000000291e0                __lseek
                0x00000000000291e0                __libc_lseek
                0x00000000000291e0                lseek64
 *fill*         0x0000000000029204        0xc 
 .text          0x0000000000029210       0x15 /home/eidengenossen/code/ware/warey/gnu/libc_pic.a(lstat64.os)
                0x0000000000029210                __lstat64
                0x0000000000029210                lstat
                0x0000000000029210                lstat64
                0x0000000000029210                __GI___lstat64
                0x0000000000029210                __lstat
 *fill*         0x0000000000029225        0xb 
 .text          0x0000000000029230       0x62 /home/eidengenossen/code/ware/warey/gnu/libc_pic.a(openat64.os)
                0x0000000000029230                __openat64
                0x0000000000029230                __GI___openat
                0x0000000000029230                __GI___openat64
                0x0000000000029230                __libc_openat64
                0x0000000000029230                __openat
                0x0000000000029230                openat
 *fill*         0x0000000000029292        0xe 
 .text          0x00000000000292a0       0x12 /home/eidengenossen/code/ware/warey/gnu/libc_pic.a(stat64.os)
                0x00000000000292a0                stat64
                0x00000000000292a0                __stat
                0x00000000000292a0                __stat64
                0x00000000000292a0                stat
                0x00000000000292a0                __GI___stat64
 *fill*         0x00000000000292b2        0xe 
 .text          0x00000000000292c0       0x22 /home/eidengenossen/code/ware/warey/gnu/libc_pic.a(close_nocancel.os)
                0x00000000000292c0                __GI___close_nocancel
                0x00000000000292c0                __close_nocancel
 *fill*         0x00000000000292e2        0xe 
 .text          0x00000000000292f0        0x8 /home/eidengenossen/code/ware/warey/gnu/libc_pic.a(close_nocancel_nostatus.os)
                0x00000000000292f0                __GI___close_nocancel_nostatus
                0x00000000000292f0                __close_nocancel_nostatus
 *fill*         0x00000000000292f8        0x8 
 .text          0x0000000000029300       0xe9 /home/eidengenossen/code/ware/warey/gnu/libc_pic.a(fcntl_nocancel.os)
                0x0000000000029300                __fcntl64_nocancel
                0x0000000000029300                __GI___fcntl64_nocancel
                0x0000000000029390                __fcntl64_nocancel_adjusted
 *fill*         0x00000000000293e9        0x7 
 .text          0x00000000000293f0       0x72 /home/eidengenossen/code/ware/warey/gnu/libc_pic.a(open64_nocancel.os)
                0x00000000000293f0                __GI___open_nocancel
                0x00000000000293f0                __open_nocancel
                0x00000000000293f0                __GI___open64_nocancel
                0x00000000000293f0                __open64_nocancel
 *fill*         0x0000000000029462        0xe 
 .text          0x0000000000029470       0x2c /home/eidengenossen/code/ware/warey/gnu/libc_pic.a(pread64_nocancel.os)
                0x0000000000029470                __GI___pread64_nocancel
                0x0000000000029470                __pread64_nocancel
 *fill*         0x000000000002949c        0x4 
 .text          0x00000000000294a0       0x24 /home/eidengenossen/code/ware/warey/gnu/libc_pic.a(read_nocancel.os)
                0x00000000000294a0                __read_nocancel
                0x00000000000294a0                __GI___read_nocancel
 *fill*         0x00000000000294c4        0xc 
 .text          0x00000000000294d0       0x24 /home/eidengenossen/code/ware/warey/gnu/libc_pic.a(write_nocancel.os)
                0x00000000000294d0                __GI___write_nocancel
                0x00000000000294d0                __write_nocancel
 *fill*         0x00000000000294f4        0xc 
 .text          0x0000000000029500       0x5e /home/eidengenossen/code/ware/warey/gnu/libc_pic.a(fd_to_filename.os)
                0x0000000000029500                __fd_to_filename
 *fill*         0x000000000002955e        0x2 
 .text          0x0000000000029560       0xb8 /home/eidengenossen/code/ware/warey/gnu/libc_pic.a(mmap64.os)
                0x0000000000029560                __GI___mmap
                0x0000000000029560                __mmap
                0x0000000000029560                mmap
                0x0000000000029560                __GI___mmap64
                0x0000000000029560                __mmap64
                0x0000000000029560                mmap64
 *fill*         0x0000000000029618        0x8 
 .text          0x0000000000029620       0x21 /home/eidengenossen/code/ware/warey/gnu/libc_pic.a(mprotect.os)
                0x0000000000029620                __mprotect
                0x0000000000029620                __GI___mprotect
                0x0000000000029620                __GI_mprotect
                0x0000000000029620                mprotect
 *fill*         0x0000000000029641        0xf 
 .text          0x0000000000029650       0x21 /home/eidengenossen/code/ware/warey/gnu/libc_pic.a(munmap.os)
                0x0000000000029650                munmap
                0x0000000000029650                __GI___munmap
                0x0000000000029650                __GI_munmap
                0x0000000000029650                __munmap
 *fill*         0x0000000000029671        0xf 
 .text          0x0000000000029680       0xc0 /home/eidengenossen/code/ware/warey/gnu/libc_pic.a(setvmaname.os)
                0x0000000000029680                __is_decorate_maps_enabled
                0x00000000000296f0                __set_vma_name
 .text          0x0000000000029740        0xb /home/eidengenossen/code/ware/warey/gnu/libc_pic.a(prof-freq.os)
                0x0000000000029740                __GI___profile_frequency
                0x0000000000029740                __profile_frequency
 *fill*         0x000000000002974b        0x5 
 .text          0x0000000000029750      0x1df /home/eidengenossen/code/ware/warey/gnu/libc_pic.a(profil.os)
                0x00000000000297a0                __profil
                0x00000000000297a0                profil
 *fill*         0x000000000002992f        0x1 
 .text          0x0000000000029930      0x101 /home/eidengenossen/code/ware/warey/gnu/libc_pic.a(memcpy_chk.os)
                0x0000000000029930                __GI___memcpy_chk
                0x0000000000029930                __memcpy_chk
 *fill*         0x0000000000029a31        0xf 
 .text          0x0000000000029a40      0x101 /home/eidengenossen/code/ware/warey/gnu/libc_pic.a(memmove_chk.os)
                0x0000000000029a40                __GI___memmove_chk
                0x0000000000029a40                __memmove_chk
 *fill*         0x0000000000029b41        0xf 
 .text          0x0000000000029b50      0x101 /home/eidengenossen/code/ware/warey/gnu/libc_pic.a(mempcpy_chk.os)
                0x0000000000029b50                __GI___mempcpy_chk
                0x0000000000029b50                __mempcpy_chk
 *fill*         0x0000000000029c51        0xf 
 .text          0x0000000000029c60      0x116 /home/eidengenossen/code/ware/warey/gnu/libc_pic.a(memset_chk.os)
                0x0000000000029c60                __GI___memset_chk
                0x0000000000029c60                __memset_chk
 *fill*         0x0000000000029d76        0xa 
 .text          0x0000000000029d80       0x45 /home/eidengenossen/code/ware/warey/gnu/libc_pic.a(stpcpy_chk.os)
                0x0000000000029d80                __stpcpy_chk
                0x0000000000029d80                __GI___stpcpy_chk
 *fill*         0x0000000000029dc5        0xb 
 .text          0x0000000000029dd0       0x3a /home/eidengenossen/code/ware/warey/gnu/libc_pic.a(strcpy_chk.os)
                0x0000000000029dd0                __strcpy_chk
                0x0000000000029dd0                __GI___strcpy_chk
 *fill*         0x0000000000029e0a        0x6 
 .text          0x0000000000029e10       0x6b /home/eidengenossen/code/ware/warey/gnu/libc_pic.a(dl-addr-obj.os)
                0x0000000000029e10                _dl_addr_inside_object
 *fill*         0x0000000000029e7b        0x5 
 .text          0x0000000000029e80      0x1ab /home/eidengenossen/code/ware/warey/gnu/libc_pic.a(libc_sigaction.os)
                0x0000000000029ea0                __libc_sigaction
                0x0000000000029ea0                __GI___libc_sigaction
 *fill*         0x000000000002a02b        0x5 
 .text          0x000000000002a030       0x33 /home/eidengenossen/code/ware/warey/gnu/libc_pic.a(errname.os)
                0x000000000002a030                __get_errname
 *fill*         0x000000000002a063        0xd 
 .text          0x000000000002a070       0x78 /home/eidengenossen/code/ware/warey/gnu/libc_pic.a(strchrnul.os)
                0x000000000002a070                __GI___strchrnul
                0x000000000002a070                __strchrnul
                0x000000000002a070                strchrnul
 .text          0x000000000002a0e8        0x0 /home/eidengenossen/code/ware/warey/gnu/libc_pic.a(strchrnul-avx2.os)
 .text          0x000000000002a0e8        0x0 /home/eidengenossen/code/ware/warey/gnu/libc_pic.a(strchrnul-avx2-rtm.os)
 .text          0x000000000002a0e8        0x0 /home/eidengenossen/code/ware/warey/gnu/libc_pic.a(strchrnul-evex.os)
 *fill*         0x000000000002a0e8        0x8 
 .text          0x000000000002a0f0      0x20a /home/eidengenossen/code/ware/warey/gnu/libc_pic.a(strchrnul-sse2.os)
                0x000000000002a0f0                __strchrnul_sse2
 *fill*         0x000000000002a2fa        0x6 
 .text          0x000000000002a300       0x22 /home/eidengenossen/code/ware/warey/gnu/libc_pic.a(setitimer.os)
                0x000000000002a300                setitimer
                0x000000000002a300                __setitimer
 *fill*         0x000000000002a322        0xe 
 .text          0x000000000002a330       0x34 /home/eidengenossen/code/ware/warey/gnu/libc_pic.a(getdents64.os)
                0x000000000002a330                __GI___getdents64
                0x000000000002a330                getdents64
                0x000000000002a330                __getdents64
 *(.gnu.warning)

.text.unlikely  0x0000000000000000      0xee8
 .text.unlikely
                0x0000000000000000      0xee8 /home/eidengenossen/code/ware/warey/gnu/elf/dl-allobjs.os
                0x0000000000000916                __GI___assert_fail
                0x0000000000000916                __assert_fail
                0x000000000000097d                __GI___assert_perror_fail
                0x000000000000097d                __assert_perror_fail

.text.evex512   0x0000000000000000      0xedb
 .text.evex512  0x0000000000000000      0x3f9 /home/eidengenossen/code/ware/warey/gnu/elf/dl-allobjs.os
                0x0000000000000000                _dl_runtime_profile_avx512
 *fill*         0x00000000000003f9        0x7 
 .text.evex512  0x0000000000000400      0x860 /home/eidengenossen/code/ware/warey/gnu/libc_pic.a(memmove-avx512-unaligned-erms.os)
                0x0000000000000400                __mempcpy_chk_avx512_unaligned
                0x0000000000000410                __mempcpy_avx512_unaligned
                0x0000000000000420                __memcpy_chk_avx512_unaligned
                0x0000000000000420                __memmove_chk_avx512_unaligned
                0x0000000000000430                __memmove_avx512_unaligned
                0x0000000000000430                __memcpy_avx512_unaligned
                0x0000000000000470                __mempcpy_chk_avx512_unaligned_erms
                0x0000000000000480                __mempcpy_avx512_unaligned_erms
                0x0000000000000490                __memcpy_chk_avx512_unaligned_erms
                0x0000000000000490                __memmove_chk_avx512_unaligned_erms
                0x00000000000004c0                __memmove_avx512_unaligned_erms
                0x00000000000004c0                __memcpy_avx512_unaligned_erms
 *fill*         0x0000000000000c60       0x20 
 .text.evex512  0x0000000000000c80      0x25b /home/eidengenossen/code/ware/warey/gnu/libc_pic.a(memset-avx512-unaligned-erms.os)
                0x0000000000000c80                __wmemset_chk_avx512_unaligned
                0x0000000000000c90                __wmemset_avx512_unaligned
                0x0000000000000cb0                __memset_chk_avx512_unaligned
                0x0000000000000cc0                __memset_avx512_unaligned
                0x0000000000000d30                __memset_chk_avx512_unaligned_erms
                0x0000000000000d40                __memset_avx512_unaligned_erms

.text.avx       0x0000000000000000     0x3524
 .text.avx      0x0000000000000000      0x3eb /home/eidengenossen/code/ware/warey/gnu/elf/dl-allobjs.os
                0x0000000000000000                _dl_runtime_profile_avx
 *fill*         0x00000000000003eb       0x15 
 .text.avx      0x0000000000000400      0x297 /home/eidengenossen/code/ware/warey/gnu/libc_pic.a(memchr-avx2.os)
                0x0000000000000400                __memchr_avx2
 *fill*         0x0000000000000697        0x9 
 .text.avx      0x00000000000006a0      0x3ff /home/eidengenossen/code/ware/warey/gnu/libc_pic.a(memcmp-avx2-movbe.os)
                0x00000000000006a0                __memcmp_avx2_movbe
 *fill*         0x0000000000000a9f       0x21 
 .text.avx      0x0000000000000ac0      0x79e /home/eidengenossen/code/ware/warey/gnu/libc_pic.a(memmove-avx-unaligned-erms.os)
                0x0000000000000ac0                __mempcpy_chk_avx_unaligned
                0x0000000000000ad0                __mempcpy_avx_unaligned
                0x0000000000000ae0                __memcpy_chk_avx_unaligned
                0x0000000000000ae0                __memmove_chk_avx_unaligned
                0x0000000000000af0                __memcpy_avx_unaligned
                0x0000000000000af0                __memmove_avx_unaligned
                0x0000000000000b20                __mempcpy_chk_avx_unaligned_erms
                0x0000000000000b30                __mempcpy_avx_unaligned_erms
                0x0000000000000b40                __memmove_chk_avx_unaligned_erms
                0x0000000000000b40                __memcpy_chk_avx_unaligned_erms
                0x0000000000000b80                __memcpy_avx_unaligned_erms
                0x0000000000000b80                __memmove_avx_unaligned_erms
 *fill*         0x000000000000125e       0x22 
 .text.avx      0x0000000000001280      0x246 /home/eidengenossen/code/ware/warey/gnu/libc_pic.a(memset-avx2-unaligned-erms.os)
                0x0000000000001280                __wmemset_chk_avx2_unaligned
                0x0000000000001290                __wmemset_avx2_unaligned
                0x00000000000012c0                __memset_chk_avx2_unaligned
                0x00000000000012d0                __memset_avx2_unaligned
                0x0000000000001300                __memset_chk_avx2_unaligned_erms
                0x0000000000001340                __memset_avx2_unaligned_erms
 *fill*         0x00000000000014c6        0xa 
 .text.avx      0x00000000000014d0      0x241 /home/eidengenossen/code/ware/warey/gnu/libc_pic.a(stpcpy-avx2.os)
                0x00000000000014d0                __stpcpy_avx2
 *fill*         0x0000000000001711        0xf 
 .text.avx      0x0000000000001720      0x2fe /home/eidengenossen/code/ware/warey/gnu/libc_pic.a(strcat-avx2.os)
                0x0000000000001720                __strcat_avx2
 *fill*         0x0000000000001a1e        0x2 
 .text.avx      0x0000000000001a20      0x22c /home/eidengenossen/code/ware/warey/gnu/libc_pic.a(strchr-avx2.os)
                0x0000000000001a20                __strchr_avx2
 *fill*         0x0000000000001c4c        0x4 
 .text.avx      0x0000000000001c50      0x555 /home/eidengenossen/code/ware/warey/gnu/libc_pic.a(strcmp-avx2.os)
                0x0000000000001c50                __strcmp_avx2
 *fill*         0x00000000000021a5        0xb 
 .text.avx      0x00000000000021b0      0x221 /home/eidengenossen/code/ware/warey/gnu/libc_pic.a(strcpy-avx2.os)
                0x00000000000021b0                __strcpy_avx2
 *fill*         0x00000000000023d1        0xf 
 .text.avx      0x00000000000023e0      0x172 /home/eidengenossen/code/ware/warey/gnu/libc_pic.a(strlen-avx2.os)
                0x00000000000023e0                __strlen_avx2
 *fill*         0x0000000000002552        0xe 
 .text.avx      0x0000000000002560      0x64e /home/eidengenossen/code/ware/warey/gnu/libc_pic.a(strncmp-avx2.os)
                0x0000000000002560                __strncmp_avx2
 *fill*         0x0000000000002bae       0x12 
 .text.avx      0x0000000000002bc0      0x48d /home/eidengenossen/code/ware/warey/gnu/libc_pic.a(strncpy-avx2.os)
                0x0000000000002bc0                __strncpy_avx2
 *fill*         0x000000000000304d       0x13 
 .text.avx      0x0000000000003060      0x2ce /home/eidengenossen/code/ware/warey/gnu/libc_pic.a(strnlen-avx2.os)
                0x0000000000003060                __strnlen_avx2
 *fill*         0x000000000000332e       0x12 
 .text.avx      0x0000000000003340      0x1e4 /home/eidengenossen/code/ware/warey/gnu/libc_pic.a(strchrnul-avx2.os)
                0x0000000000003340                __strchrnul_avx2

.text.compat    0x0000000000000000        0x1
 .text.compat   0x0000000000000000        0x1 /home/eidengenossen/code/ware/warey/gnu/elf/dl-allobjs.os
                0x0000000000000000                __rtld_version_placeholder_1
                0x0000000000000000                __rtld_version_placeholder@GLIBC_2.34

.text.avx.rtm   0x0000000000000000     0x3185
 .text.avx.rtm  0x0000000000000000      0x2b8 /home/eidengenossen/code/ware/warey/gnu/libc_pic.a(memchr-avx2-rtm.os)
                0x0000000000000000                __memchr_avx2_rtm
 *fill*         0x00000000000002b8        0x8 
 .text.avx.rtm  0x00000000000002c0      0x3ff /home/eidengenossen/code/ware/warey/gnu/libc_pic.a(memcmp-avx2-movbe-rtm.os)
                0x00000000000002c0                __memcmp_avx2_movbe_rtm
 *fill*         0x00000000000006bf        0x1 
 .text.avx.rtm  0x00000000000006c0      0x79f /home/eidengenossen/code/ware/warey/gnu/libc_pic.a(memmove-avx-unaligned-erms-rtm.os)
                0x00000000000006c0                __mempcpy_chk_avx_unaligned_rtm
                0x00000000000006d0                __mempcpy_avx_unaligned_rtm
                0x00000000000006e0                __memmove_chk_avx_unaligned_rtm
                0x00000000000006e0                __memcpy_chk_avx_unaligned_rtm
                0x00000000000006f0                __memcpy_avx_unaligned_rtm
                0x00000000000006f0                __memmove_avx_unaligned_rtm
                0x0000000000000720                __mempcpy_chk_avx_unaligned_erms_rtm
                0x0000000000000730                __mempcpy_avx_unaligned_erms_rtm
                0x0000000000000740                __memcpy_chk_avx_unaligned_erms_rtm
                0x0000000000000740                __memmove_chk_avx_unaligned_erms_rtm
                0x0000000000000780                __memmove_avx_unaligned_erms_rtm
                0x0000000000000780                __memcpy_avx_unaligned_erms_rtm
 *fill*         0x0000000000000e5f       0x21 
 .text.avx.rtm  0x0000000000000e80      0x247 /home/eidengenossen/code/ware/warey/gnu/libc_pic.a(memset-avx2-unaligned-erms-rtm.os)
                0x0000000000000e80                __wmemset_chk_avx2_unaligned_rtm
                0x0000000000000e90                __wmemset_avx2_unaligned_rtm
                0x0000000000000ec0                __memset_chk_avx2_unaligned_rtm
                0x0000000000000ed0                __memset_avx2_unaligned_rtm
                0x0000000000000f00                __memset_chk_avx2_unaligned_erms_rtm
                0x0000000000000f40                __memset_avx2_unaligned_erms_rtm
 *fill*         0x00000000000010c7        0x9 
 .text.avx.rtm  0x00000000000010d0      0x24d /home/eidengenossen/code/ware/warey/gnu/libc_pic.a(stpcpy-avx2-rtm.os)
                0x00000000000010d0                __stpcpy_avx2_rtm
 *fill*         0x000000000000131d        0x3 
 .text.avx.rtm  0x0000000000001320      0x305 /home/eidengenossen/code/ware/warey/gnu/libc_pic.a(strcat-avx2-rtm.os)
                0x0000000000001320                __strcat_avx2_rtm
 *fill*         0x0000000000001625       0x1b 
 .text.avx.rtm  0x0000000000001640      0x22f /home/eidengenossen/code/ware/warey/gnu/libc_pic.a(strchr-avx2-rtm.os)
                0x0000000000001640                __strchr_avx2_rtm
 *fill*         0x000000000000186f        0x1 
 .text.avx.rtm  0x0000000000001870      0x555 /home/eidengenossen/code/ware/warey/gnu/libc_pic.a(strcmp-avx2-rtm.os)
                0x0000000000001870                __strcmp_avx2_rtm
 *fill*         0x0000000000001dc5        0xb 
 .text.avx.rtm  0x0000000000001dd0      0x238 /home/eidengenossen/code/ware/warey/gnu/libc_pic.a(strcpy-avx2-rtm.os)
                0x0000000000001dd0                __strcpy_avx2_rtm
 *fill*         0x0000000000002008       0x18 
 .text.avx.rtm  0x0000000000002020      0x16b /home/eidengenossen/code/ware/warey/gnu/libc_pic.a(strlen-avx2-rtm.os)
                0x0000000000002020                __strlen_avx2_rtm
 *fill*         0x000000000000218b        0x5 
 .text.avx.rtm  0x0000000000002190      0x66e /home/eidengenossen/code/ware/warey/gnu/libc_pic.a(strncmp-avx2-rtm.os)
                0x0000000000002190                __strncmp_avx2_rtm
 *fill*         0x00000000000027fe        0x2 
 .text.avx.rtm  0x0000000000002800      0x4b5 /home/eidengenossen/code/ware/warey/gnu/libc_pic.a(strncpy-avx2-rtm.os)
                0x0000000000002800                __strncpy_avx2_rtm
 *fill*         0x0000000000002cb5        0xb 
 .text.avx.rtm  0x0000000000002cc0      0x2cc /home/eidengenossen/code/ware/warey/gnu/libc_pic.a(strnlen-avx2-rtm.os)
                0x0000000000002cc0                __strnlen_avx2_rtm
 *fill*         0x0000000000002f8c       0x14 
 .text.avx.rtm  0x0000000000002fa0      0x1e5 /home/eidengenossen/code/ware/warey/gnu/libc_pic.a(strchrnul-avx2-rtm.os)
                0x0000000000002fa0                __strchrnul_avx2_rtm

.text.evex      0x0000000000000000     0x3217
 .text.evex     0x0000000000000000      0x24f /home/eidengenossen/code/ware/warey/gnu/libc_pic.a(memchr-evex.os)
                0x0000000000000000                __memchr_evex
 *fill*         0x000000000000024f       0x31 
 .text.evex     0x0000000000000280      0x2fe /home/eidengenossen/code/ware/warey/gnu/libc_pic.a(memcmp-evex-movbe.os)
                0x0000000000000280                __memcmp_evex_movbe
 *fill*         0x000000000000057e        0x2 
 .text.evex     0x0000000000000580      0x87b /home/eidengenossen/code/ware/warey/gnu/libc_pic.a(memmove-evex-unaligned-erms.os)
                0x0000000000000580                __mempcpy_chk_evex_unaligned
                0x0000000000000590                __mempcpy_evex_unaligned
                0x00000000000005a0                __memcpy_chk_evex_unaligned
                0x00000000000005a0                __memmove_chk_evex_unaligned
                0x00000000000005b0                __memmove_evex_unaligned
                0x00000000000005b0                __memcpy_evex_unaligned
                0x00000000000005f0                __mempcpy_chk_evex_unaligned_erms
                0x0000000000000600                __mempcpy_evex_unaligned_erms
                0x0000000000000610                __memcpy_chk_evex_unaligned_erms
                0x0000000000000610                __memmove_chk_evex_unaligned_erms
                0x0000000000000640                __memmove_evex_unaligned_erms
                0x0000000000000640                __memcpy_evex_unaligned_erms
 *fill*         0x0000000000000dfb        0x5 
 .text.evex     0x0000000000000e00      0x243 /home/eidengenossen/code/ware/warey/gnu/libc_pic.a(memset-evex-unaligned-erms.os)
                0x0000000000000e00                __wmemset_chk_evex_unaligned
                0x0000000000000e10                __wmemset_evex_unaligned
                0x0000000000000e30                __memset_chk_evex_unaligned
                0x0000000000000e40                __memset_evex_unaligned
                0x0000000000000eb0                __memset_chk_evex_unaligned_erms
                0x0000000000000ec0                __memset_evex_unaligned_erms
 *fill*         0x0000000000001043        0xd 
 .text.evex     0x0000000000001050      0x2d0 /home/eidengenossen/code/ware/warey/gnu/libc_pic.a(stpcpy-evex.os)
                0x0000000000001050                __stpcpy_evex
 .text.evex     0x0000000000001320      0x394 /home/eidengenossen/code/ware/warey/gnu/libc_pic.a(strcat-evex.os)
                0x0000000000001320                __strcat_evex
 *fill*         0x00000000000016b4        0xc 
 .text.evex     0x00000000000016c0      0x1ff /home/eidengenossen/code/ware/warey/gnu/libc_pic.a(strchr-evex.os)
                0x00000000000016c0                __strchr_evex
 *fill*         0x00000000000018bf        0x1 
 .text.evex     0x00000000000018c0      0x540 /home/eidengenossen/code/ware/warey/gnu/libc_pic.a(strcmp-evex.os)
                0x00000000000018c0                __strcmp_evex
 .text.evex     0x0000000000001e00      0x2bd /home/eidengenossen/code/ware/warey/gnu/libc_pic.a(strcpy-evex.os)
                0x0000000000001e00                __strcpy_evex
 *fill*         0x00000000000020bd        0x3 
 .text.evex     0x00000000000020c0      0x15d /home/eidengenossen/code/ware/warey/gnu/libc_pic.a(strlen-evex.os)
                0x00000000000020c0                __strlen_evex
 *fill*         0x000000000000221d       0x23 
 .text.evex     0x0000000000002240      0x639 /home/eidengenossen/code/ware/warey/gnu/libc_pic.a(strncmp-evex.os)
                0x0000000000002240                __strncmp_evex
 *fill*         0x0000000000002879        0x7 
 .text.evex     0x0000000000002880      0x57a /home/eidengenossen/code/ware/warey/gnu/libc_pic.a(strncpy-evex.os)
                0x0000000000002880                __strncpy_evex
 *fill*         0x0000000000002dfa        0x6 
 .text.evex     0x0000000000002e00      0x236 /home/eidengenossen/code/ware/warey/gnu/libc_pic.a(strnlen-evex.os)
                0x0000000000002e00                __strnlen_evex
 *fill*         0x0000000000003036        0xa 
 .text.evex     0x0000000000003040      0x1d7 /home/eidengenossen/code/ware/warey/gnu/libc_pic.a(strchrnul-evex.os)
                0x0000000000003040                __strchrnul_evex

.text.evex.rtm  0x0000000000000000      0x24f
 .text.evex.rtm
                0x0000000000000000      0x24f /home/eidengenossen/code/ware/warey/gnu/libc_pic.a(memchr-evex-rtm.os)
                0x0000000000000000                __memchr_evex_rtm

.text.avx512    0x0000000000000000      0x9f0
 .text.avx512   0x0000000000000000      0x76b /home/eidengenossen/code/ware/warey/gnu/libc_pic.a(memmove-avx512-no-vzeroupper.os)
                0x0000000000000000                __mempcpy_chk_avx512_no_vzeroupper
                0x0000000000000010                __mempcpy_avx512_no_vzeroupper
                0x0000000000000020                __memcpy_chk_avx512_no_vzeroupper
                0x0000000000000020                __memmove_chk_avx512_no_vzeroupper
                0x0000000000000030                __memcpy_avx512_no_vzeroupper
                0x0000000000000030                __memmove_avx512_no_vzeroupper
 *fill*         0x000000000000076b        0x5 
 .text.avx512   0x0000000000000770      0x280 /home/eidengenossen/code/ware/warey/gnu/libc_pic.a(memset-avx512-no-vzeroupper.os)
                0x0000000000000770                __memset_chk_avx512_no_vzeroupper
                0x0000000000000780                __memset_avx512_no_vzeroupper

.text.ssse3     0x0000000000000000      0xf7d
 .text.ssse3    0x0000000000000000      0xf7d /home/eidengenossen/code/ware/warey/gnu/libc_pic.a(memmove-ssse3.os)
                0x0000000000000000                __mempcpy_chk_ssse3
                0x0000000000000010                __mempcpy_ssse3
                0x0000000000000020                __memcpy_chk_ssse3
                0x0000000000000020                __memmove_chk_ssse3
                0x0000000000000040                __memcpy_ssse3
                0x0000000000000040                __memmove_ssse3

.text.atom      0x0000000000000000      0x315
 .text.atom     0x0000000000000000      0x315 /home/eidengenossen/code/ware/warey/gnu/libc_pic.a(strchr-sse2-no-bsf.os)
                0x0000000000000000                __strchr_sse2_no_bsf

.text.sse4.2    0x0000000000000000     0x1f19
 .text.sse4.2   0x0000000000000000      0xda9 /home/eidengenossen/code/ware/warey/gnu/libc_pic.a(strcmp-sse4_2.os)
                0x0000000000000000                __strcmp_sse42
 *fill*         0x0000000000000da9       0x17 
 .text.sse4.2   0x0000000000000dc0      0x17b /home/eidengenossen/code/ware/warey/gnu/libc_pic.a(strcspn-sse4.os)
                0x0000000000000dc0                __strcspn_sse42
 *fill*         0x0000000000000f3b        0x5 
 .text.sse4.2   0x0000000000000f40      0xfd9 /home/eidengenossen/code/ware/warey/gnu/libc_pic.a(strncmp-sse4_2.os)
                0x0000000000000f40                __strncmp_sse42

.fini
 *(SORT_NONE(.fini))

.rodata         0x0000000000000000     0x1cf5
 *(.rodata)
 .rodata        0x0000000000000000     0x13be /home/eidengenossen/code/ware/warey/gnu/elf/dl-allobjs.os
 .rodata        0x00000000000013be       0x80 /home/eidengenossen/code/ware/warey/gnu/libc_pic.a(stpcpy-sse2-unaligned.os)
 .rodata        0x000000000000143e       0x80 /home/eidengenossen/code/ware/warey/gnu/libc_pic.a(strcat-sse2-unaligned.os)
 *fill*         0x00000000000014be        0x2 
 .rodata        0x00000000000014c0       0x40 /home/eidengenossen/code/ware/warey/gnu/libc_pic.a(strcmp-sse2.os)
 .rodata        0x0000000000001500       0x80 /home/eidengenossen/code/ware/warey/gnu/libc_pic.a(strcpy-sse2-unaligned.os)
 .rodata        0x0000000000001580       0x40 /home/eidengenossen/code/ware/warey/gnu/libc_pic.a(strncmp-sse2.os)
 .rodata        0x00000000000015c0      0x154 /home/eidengenossen/code/ware/warey/gnu/libc_pic.a(strncpy-sse2-unaligned.os)
 *fill*         0x0000000000001714        0xc 
 .rodata        0x0000000000001720       0x1f /home/eidengenossen/code/ware/warey/gnu/libc_pic.a(varshift.os)
                0x0000000000001720                ___m128i_shift_right
 *fill*         0x000000000000173f        0x1 
 .rodata        0x0000000000001740       0x34 /home/eidengenossen/code/ware/warey/gnu/libc_pic.a(cacheinfo.os)
 *fill*         0x0000000000001774        0xc 
 .rodata        0x0000000000001780      0x575 /home/eidengenossen/code/ware/warey/gnu/libc_pic.a(errname.os)

.rodata.str1.1  0x0000000000000000     0x192a
 .rodata.str1.1
                0x0000000000000000     0x18f5 /home/eidengenossen/code/ware/warey/gnu/elf/dl-allobjs.os
 .rodata.str1.1
                0x00000000000018f5       0x14 /home/eidengenossen/code/ware/warey/gnu/libc_pic.a(check_fds.os)
 .rodata.str1.1
                0x0000000000001909       0x21 /home/eidengenossen/code/ware/warey/gnu/libc_pic.a(fd_to_filename.os)

.rodata.str1.16
                0x0000000000000000      0x571
 .rodata.str1.16
                0x0000000000000000      0x555 /home/eidengenossen/code/ware/warey/gnu/elf/dl-allobjs.os
                0x0000000000000390                _dl_hwcaps_subdirs
                0x00000000000003f0                __GI__itoa_lower_digits
                0x00000000000003f0                _itoa_lower_digits
 *fill*         0x0000000000000555        0xb 
 .rodata.str1.16
                0x0000000000000560       0x11 /home/eidengenossen/code/ware/warey/gnu/libc_pic.a(fd_to_filename.os)

.rodata.str1.8  0x0000000000000000     0x317f
 .rodata.str1.8
                0x0000000000000000     0x3141 /home/eidengenossen/code/ware/warey/gnu/elf/dl-allobjs.os
 *fill*         0x0000000000003141        0x7 
 .rodata.str1.8
                0x0000000000003148       0x37 /home/eidengenossen/code/ware/warey/gnu/libc_pic.a(lowlevellock.os)

.rodata.str1.32
                0x0000000000000000       0x85
 .rodata.str1.32
                0x0000000000000000       0x5b /home/eidengenossen/code/ware/warey/gnu/elf/dl-allobjs.os
 *fill*         0x000000000000005b        0x5 
 .rodata.str1.32
                0x0000000000000060       0x25 /home/eidengenossen/code/ware/warey/gnu/libc_pic.a(itoa-udigits.os)
                0x0000000000000060                __GI__itoa_upper_digits
                0x0000000000000060                _itoa_upper_digits

.rodata.cst4    0x0000000000000000        0x8
 .rodata.cst4   0x0000000000000000        0x8 /home/eidengenossen/code/ware/warey/gnu/elf/dl-allobjs.os
                0x0000000000000004                __rseq_flags

.rodata.cst16   0x0000000000000000       0x50
 .rodata.cst16  0x0000000000000000       0x50 /home/eidengenossen/code/ware/warey/gnu/elf/dl-allobjs.os

.rodata.cst2    0x0000000000000000        0x2
 .rodata.cst2   0x0000000000000000        0x2 /home/eidengenossen/code/ware/warey/gnu/elf/dl-allobjs.os

.rodata.cst8    0x0000000000000000        0x8
 .rodata.cst8   0x0000000000000000        0x8 /home/eidengenossen/code/ware/warey/gnu/elf/dl-allobjs.os

.rodata.sse4.2  0x0000000000000000       0x80
 .rodata.sse4.2
                0x0000000000000000       0x40 /home/eidengenossen/code/ware/warey/gnu/libc_pic.a(strcmp-sse4_2.os)
 .rodata.sse4.2
                0x0000000000000040       0x40 /home/eidengenossen/code/ware/warey/gnu/libc_pic.a(strncmp-sse4_2.os)

.rodata1
 *(.rodata1)

.eh_frame_hdr
 *(.eh_frame_hdr)

.eh_frame       0x0000000000000000     0x5d14
 *(.eh_frame)
 .eh_frame      0x0000000000000000     0x3a68 /home/eidengenossen/code/ware/warey/gnu/elf/dl-allobjs.os
                                       0x3ae0 (size before relaxing)
 .eh_frame      0x0000000000003a68       0x60 /home/eidengenossen/code/ware/warey/gnu/libc_pic.a(check_fds.os)
 .eh_frame      0x0000000000003ac8       0x30 /home/eidengenossen/code/ware/warey/gnu/libc_pic.a(setjmp.os)
 .eh_frame      0x0000000000003af8       0x48 /home/eidengenossen/code/ware/warey/gnu/libc_pic.a(__longjmp.os)
 .eh_frame      0x0000000000003b40       0x78 /home/eidengenossen/code/ware/warey/gnu/libc_pic.a(getenv.os)
 .eh_frame      0x0000000000003bb8       0x50 /home/eidengenossen/code/ware/warey/gnu/libc_pic.a(_fitoa_word.os)
 .eh_frame      0x0000000000003c08       0x70 /home/eidengenossen/code/ware/warey/gnu/libc_pic.a(lowlevellock.os)
 .eh_frame      0x0000000000003c78       0x58 /home/eidengenossen/code/ware/warey/gnu/libc_pic.a(scratch_buffer_set_array_size.os)
 .eh_frame      0x0000000000003cd0       0x30 /home/eidengenossen/code/ware/warey/gnu/libc_pic.a(memchr.os)
 .eh_frame      0x0000000000003d00       0x30 /home/eidengenossen/code/ware/warey/gnu/libc_pic.a(memcmp.os)
 .eh_frame      0x0000000000003d30       0x30 /home/eidengenossen/code/ware/warey/gnu/libc_pic.a(memcpy.os)
 .eh_frame      0x0000000000003d60       0x30 /home/eidengenossen/code/ware/warey/gnu/libc_pic.a(memmove.os)
 .eh_frame      0x0000000000003d90       0x30 /home/eidengenossen/code/ware/warey/gnu/libc_pic.a(mempcpy.os)
 .eh_frame      0x0000000000003dc0       0x30 /home/eidengenossen/code/ware/warey/gnu/libc_pic.a(memset.os)
 .eh_frame      0x0000000000003df0       0x30 /home/eidengenossen/code/ware/warey/gnu/libc_pic.a(stpcpy.os)
 .eh_frame      0x0000000000003e20       0x30 /home/eidengenossen/code/ware/warey/gnu/libc_pic.a(strcat.os)
 .eh_frame      0x0000000000003e50       0x30 /home/eidengenossen/code/ware/warey/gnu/libc_pic.a(strchr.os)
 .eh_frame      0x0000000000003e80       0x30 /home/eidengenossen/code/ware/warey/gnu/libc_pic.a(strcmp.os)
 .eh_frame      0x0000000000003eb0       0x30 /home/eidengenossen/code/ware/warey/gnu/libc_pic.a(strcpy.os)
 .eh_frame      0x0000000000003ee0       0x30 /home/eidengenossen/code/ware/warey/gnu/libc_pic.a(strcspn.os)
 .eh_frame      0x0000000000003f10       0x50 /home/eidengenossen/code/ware/warey/gnu/libc_pic.a(strdup.os)
 .eh_frame      0x0000000000003f60       0x30 /home/eidengenossen/code/ware/warey/gnu/libc_pic.a(strerrorname_np.os)
 .eh_frame      0x0000000000003f90       0x30 /home/eidengenossen/code/ware/warey/gnu/libc_pic.a(strlen.os)
 .eh_frame      0x0000000000003fc0       0x30 /home/eidengenossen/code/ware/warey/gnu/libc_pic.a(strncmp.os)
 .eh_frame      0x0000000000003ff0       0x30 /home/eidengenossen/code/ware/warey/gnu/libc_pic.a(strncpy.os)
 .eh_frame      0x0000000000004020       0x30 /home/eidengenossen/code/ware/warey/gnu/libc_pic.a(strnlen.os)
 .eh_frame      0x0000000000004050       0x30 /home/eidengenossen/code/ware/warey/gnu/libc_pic.a(memchr-avx2.os)
 .eh_frame      0x0000000000004080       0x30 /home/eidengenossen/code/ware/warey/gnu/libc_pic.a(memchr-avx2-rtm.os)
 .eh_frame      0x00000000000040b0       0x30 /home/eidengenossen/code/ware/warey/gnu/libc_pic.a(memchr-evex.os)
 .eh_frame      0x00000000000040e0       0x30 /home/eidengenossen/code/ware/warey/gnu/libc_pic.a(memchr-evex-rtm.os)
 .eh_frame      0x0000000000004110       0x30 /home/eidengenossen/code/ware/warey/gnu/libc_pic.a(memchr-sse2.os)
 .eh_frame      0x0000000000004140       0x30 /home/eidengenossen/code/ware/warey/gnu/libc_pic.a(memcmp-avx2-movbe.os)
 .eh_frame      0x0000000000004170       0x30 /home/eidengenossen/code/ware/warey/gnu/libc_pic.a(memcmp-avx2-movbe-rtm.os)
 .eh_frame      0x00000000000041a0       0x30 /home/eidengenossen/code/ware/warey/gnu/libc_pic.a(memcmp-evex-movbe.os)
 .eh_frame      0x00000000000041d0       0x30 /home/eidengenossen/code/ware/warey/gnu/libc_pic.a(memcmp-sse2.os)
 .eh_frame      0x0000000000004200       0xb8 /home/eidengenossen/code/ware/warey/gnu/libc_pic.a(memmove-avx-unaligned-erms.os)
 .eh_frame      0x00000000000042b8       0xb8 /home/eidengenossen/code/ware/warey/gnu/libc_pic.a(memmove-avx-unaligned-erms-rtm.os)
 .eh_frame      0x0000000000004370       0x68 /home/eidengenossen/code/ware/warey/gnu/libc_pic.a(memmove-avx512-no-vzeroupper.os)
 .eh_frame      0x00000000000043d8       0xb8 /home/eidengenossen/code/ware/warey/gnu/libc_pic.a(memmove-avx512-unaligned-erms.os)
 .eh_frame      0x0000000000004490       0x68 /home/eidengenossen/code/ware/warey/gnu/libc_pic.a(memmove-erms.os)
 .eh_frame      0x00000000000044f8       0xb8 /home/eidengenossen/code/ware/warey/gnu/libc_pic.a(memmove-evex-unaligned-erms.os)
 .eh_frame      0x00000000000045b0       0xb8 /home/eidengenossen/code/ware/warey/gnu/libc_pic.a(memmove-sse2-unaligned-erms.os)
 .eh_frame      0x0000000000004668       0x68 /home/eidengenossen/code/ware/warey/gnu/libc_pic.a(memmove-ssse3.os)
 .eh_frame      0x00000000000046d0       0x90 /home/eidengenossen/code/ware/warey/gnu/libc_pic.a(memset-avx2-unaligned-erms.os)
 .eh_frame      0x0000000000004760       0x90 /home/eidengenossen/code/ware/warey/gnu/libc_pic.a(memset-avx2-unaligned-erms-rtm.os)
 .eh_frame      0x00000000000047f0       0x40 /home/eidengenossen/code/ware/warey/gnu/libc_pic.a(memset-avx512-no-vzeroupper.os)
 .eh_frame      0x0000000000004830       0x90 /home/eidengenossen/code/ware/warey/gnu/libc_pic.a(memset-avx512-unaligned-erms.os)
 .eh_frame      0x00000000000048c0       0x40 /home/eidengenossen/code/ware/warey/gnu/libc_pic.a(memset-erms.os)
 .eh_frame      0x0000000000004900       0x90 /home/eidengenossen/code/ware/warey/gnu/libc_pic.a(memset-evex-unaligned-erms.os)
 .eh_frame      0x0000000000004990       0x90 /home/eidengenossen/code/ware/warey/gnu/libc_pic.a(memset-sse2-unaligned-erms.os)
 .eh_frame      0x0000000000004a20       0x30 /home/eidengenossen/code/ware/warey/gnu/libc_pic.a(stpcpy-avx2.os)
 .eh_frame      0x0000000000004a50       0x30 /home/eidengenossen/code/ware/warey/gnu/libc_pic.a(stpcpy-avx2-rtm.os)
 .eh_frame      0x0000000000004a80       0x30 /home/eidengenossen/code/ware/warey/gnu/libc_pic.a(stpcpy-evex.os)
 .eh_frame      0x0000000000004ab0       0x30 /home/eidengenossen/code/ware/warey/gnu/libc_pic.a(stpcpy-sse2.os)
 .eh_frame      0x0000000000004ae0       0x30 /home/eidengenossen/code/ware/warey/gnu/libc_pic.a(stpcpy-sse2-unaligned.os)
 .eh_frame      0x0000000000004b10       0x30 /home/eidengenossen/code/ware/warey/gnu/libc_pic.a(strcat-avx2.os)
 .eh_frame      0x0000000000004b40       0x30 /home/eidengenossen/code/ware/warey/gnu/libc_pic.a(strcat-avx2-rtm.os)
 .eh_frame      0x0000000000004b70       0x30 /home/eidengenossen/code/ware/warey/gnu/libc_pic.a(strcat-evex.os)
 .eh_frame      0x0000000000004ba0       0x30 /home/eidengenossen/code/ware/warey/gnu/libc_pic.a(strcat-sse2.os)
 .eh_frame      0x0000000000004bd0       0x30 /home/eidengenossen/code/ware/warey/gnu/libc_pic.a(strcat-sse2-unaligned.os)
 .eh_frame      0x0000000000004c00       0x30 /home/eidengenossen/code/ware/warey/gnu/libc_pic.a(strchr-avx2.os)
 .eh_frame      0x0000000000004c30       0x30 /home/eidengenossen/code/ware/warey/gnu/libc_pic.a(strchr-avx2-rtm.os)
 .eh_frame      0x0000000000004c60       0x30 /home/eidengenossen/code/ware/warey/gnu/libc_pic.a(strchr-evex.os)
 .eh_frame      0x0000000000004c90       0x30 /home/eidengenossen/code/ware/warey/gnu/libc_pic.a(strchr-sse2.os)
 .eh_frame      0x0000000000004cc0       0x30 /home/eidengenossen/code/ware/warey/gnu/libc_pic.a(strchr-sse2-no-bsf.os)
 .eh_frame      0x0000000000004cf0       0x30 /home/eidengenossen/code/ware/warey/gnu/libc_pic.a(strcmp-avx2.os)
 .eh_frame      0x0000000000004d20       0x30 /home/eidengenossen/code/ware/warey/gnu/libc_pic.a(strcmp-avx2-rtm.os)
 .eh_frame      0x0000000000004d50       0x30 /home/eidengenossen/code/ware/warey/gnu/libc_pic.a(strcmp-evex.os)
 .eh_frame      0x0000000000004d80       0x30 /home/eidengenossen/code/ware/warey/gnu/libc_pic.a(strcmp-sse2.os)
 .eh_frame      0x0000000000004db0       0x30 /home/eidengenossen/code/ware/warey/gnu/libc_pic.a(strcmp-sse2-unaligned.os)
 .eh_frame      0x0000000000004de0       0x30 /home/eidengenossen/code/ware/warey/gnu/libc_pic.a(strcmp-sse4_2.os)
 .eh_frame      0x0000000000004e10       0x30 /home/eidengenossen/code/ware/warey/gnu/libc_pic.a(strcpy-avx2.os)
 .eh_frame      0x0000000000004e40       0x30 /home/eidengenossen/code/ware/warey/gnu/libc_pic.a(strcpy-avx2-rtm.os)
 .eh_frame      0x0000000000004e70       0x30 /home/eidengenossen/code/ware/warey/gnu/libc_pic.a(strcpy-evex.os)
 .eh_frame      0x0000000000004ea0       0x30 /home/eidengenossen/code/ware/warey/gnu/libc_pic.a(strcpy-sse2.os)
 .eh_frame      0x0000000000004ed0       0x30 /home/eidengenossen/code/ware/warey/gnu/libc_pic.a(strcpy-sse2-unaligned.os)
 .eh_frame      0x0000000000004f00       0x30 /home/eidengenossen/code/ware/warey/gnu/libc_pic.a(strcspn-sse4.os)
 .eh_frame      0x0000000000004f30       0x30 /home/eidengenossen/code/ware/warey/gnu/libc_pic.a(strlen-avx2.os)
 .eh_frame      0x0000000000004f60       0x30 /home/eidengenossen/code/ware/warey/gnu/libc_pic.a(strlen-avx2-rtm.os)
 .eh_frame      0x0000000000004f90       0x30 /home/eidengenossen/code/ware/warey/gnu/libc_pic.a(strlen-evex.os)
 .eh_frame      0x0000000000004fc0       0x30 /home/eidengenossen/code/ware/warey/gnu/libc_pic.a(strlen-sse2.os)
 .eh_frame      0x0000000000004ff0       0x30 /home/eidengenossen/code/ware/warey/gnu/libc_pic.a(strncmp-avx2.os)
 .eh_frame      0x0000000000005020       0x30 /home/eidengenossen/code/ware/warey/gnu/libc_pic.a(strncmp-avx2-rtm.os)
 .eh_frame      0x0000000000005050       0x30 /home/eidengenossen/code/ware/warey/gnu/libc_pic.a(strncmp-evex.os)
 .eh_frame      0x0000000000005080       0x30 /home/eidengenossen/code/ware/warey/gnu/libc_pic.a(strncmp-sse2.os)
 .eh_frame      0x00000000000050b0       0x30 /home/eidengenossen/code/ware/warey/gnu/libc_pic.a(strncmp-sse4_2.os)
 .eh_frame      0x00000000000050e0       0x30 /home/eidengenossen/code/ware/warey/gnu/libc_pic.a(strncpy-avx2.os)
 .eh_frame      0x0000000000005110       0x30 /home/eidengenossen/code/ware/warey/gnu/libc_pic.a(strncpy-avx2-rtm.os)
 .eh_frame      0x0000000000005140       0x30 /home/eidengenossen/code/ware/warey/gnu/libc_pic.a(strncpy-evex.os)
 .eh_frame      0x0000000000005170       0x30 /home/eidengenossen/code/ware/warey/gnu/libc_pic.a(strncpy-sse2-unaligned.os)
 .eh_frame      0x00000000000051a0       0x30 /home/eidengenossen/code/ware/warey/gnu/libc_pic.a(strnlen-avx2.os)
 .eh_frame      0x00000000000051d0       0x30 /home/eidengenossen/code/ware/warey/gnu/libc_pic.a(strnlen-avx2-rtm.os)
 .eh_frame      0x0000000000005200       0x30 /home/eidengenossen/code/ware/warey/gnu/libc_pic.a(strnlen-evex.os)
 .eh_frame      0x0000000000005230       0x30 /home/eidengenossen/code/ware/warey/gnu/libc_pic.a(strnlen-sse2.os)
 .eh_frame      0x0000000000005260       0x40 /home/eidengenossen/code/ware/warey/gnu/libc_pic.a(strcspn-generic.os)
 .eh_frame      0x00000000000052a0       0x40 /home/eidengenossen/code/ware/warey/gnu/libc_pic.a(cacheinfo.os)
 .eh_frame      0x00000000000052e0       0x38 /home/eidengenossen/code/ware/warey/gnu/libc_pic.a(closedir.os)
 .eh_frame      0x0000000000005318       0x50 /home/eidengenossen/code/ware/warey/gnu/libc_pic.a(fdopendir.os)
 .eh_frame      0x0000000000005368       0x48 /home/eidengenossen/code/ware/warey/gnu/libc_pic.a(readdir64.os)
 .eh_frame      0x00000000000053b0       0x50 /home/eidengenossen/code/ware/warey/gnu/libc_pic.a(rewinddir.os)
 .eh_frame      0x0000000000005400       0x30 /home/eidengenossen/code/ware/warey/gnu/libc_pic.a(_exit.os)
 .eh_frame      0x0000000000005430       0x30 /home/eidengenossen/code/ware/warey/gnu/libc_pic.a(getpid.os)
 .eh_frame      0x0000000000005460       0x30 /home/eidengenossen/code/ware/warey/gnu/libc_pic.a(uname.os)
 .eh_frame      0x0000000000005490       0x30 /home/eidengenossen/code/ware/warey/gnu/libc_pic.a(access.os)
 .eh_frame      0x00000000000054c0       0x30 /home/eidengenossen/code/ware/warey/gnu/libc_pic.a(fstat64.os)
 .eh_frame      0x00000000000054f0       0x30 /home/eidengenossen/code/ware/warey/gnu/libc_pic.a(fstatat64.os)
 .eh_frame      0x0000000000005520       0x30 /home/eidengenossen/code/ware/warey/gnu/libc_pic.a(lseek64.os)
 .eh_frame      0x0000000000005550       0x30 /home/eidengenossen/code/ware/warey/gnu/libc_pic.a(lstat64.os)
 .eh_frame      0x0000000000005580       0x38 /home/eidengenossen/code/ware/warey/gnu/libc_pic.a(openat64.os)
 .eh_frame      0x00000000000055b8       0x30 /home/eidengenossen/code/ware/warey/gnu/libc_pic.a(stat64.os)
 .eh_frame      0x00000000000055e8       0x30 /home/eidengenossen/code/ware/warey/gnu/libc_pic.a(close_nocancel.os)
 .eh_frame      0x0000000000005618       0x30 /home/eidengenossen/code/ware/warey/gnu/libc_pic.a(close_nocancel_nostatus.os)
 .eh_frame      0x0000000000005648       0x40 /home/eidengenossen/code/ware/warey/gnu/libc_pic.a(fcntl_nocancel.os)
 .eh_frame      0x0000000000005688       0x30 /home/eidengenossen/code/ware/warey/gnu/libc_pic.a(open64_nocancel.os)
 .eh_frame      0x00000000000056b8       0x30 /home/eidengenossen/code/ware/warey/gnu/libc_pic.a(pread64_nocancel.os)
 .eh_frame      0x00000000000056e8       0x30 /home/eidengenossen/code/ware/warey/gnu/libc_pic.a(read_nocancel.os)
 .eh_frame      0x0000000000005718       0x30 /home/eidengenossen/code/ware/warey/gnu/libc_pic.a(write_nocancel.os)
 .eh_frame      0x0000000000005748       0x38 /home/eidengenossen/code/ware/warey/gnu/libc_pic.a(fd_to_filename.os)
 .eh_frame      0x0000000000005780       0x48 /home/eidengenossen/code/ware/warey/gnu/libc_pic.a(mmap64.os)
 .eh_frame      0x00000000000057c8       0x30 /home/eidengenossen/code/ware/warey/gnu/libc_pic.a(mprotect.os)
 .eh_frame      0x00000000000057f8       0x30 /home/eidengenossen/code/ware/warey/gnu/libc_pic.a(munmap.os)
 .eh_frame      0x0000000000005828       0x70 /home/eidengenossen/code/ware/warey/gnu/libc_pic.a(setvmaname.os)
 .eh_frame      0x0000000000005898       0x30 /home/eidengenossen/code/ware/warey/gnu/libc_pic.a(prof-freq.os)
 .eh_frame      0x00000000000058c8       0x80 /home/eidengenossen/code/ware/warey/gnu/libc_pic.a(profil.os)
 .eh_frame      0x0000000000005948       0x30 /home/eidengenossen/code/ware/warey/gnu/libc_pic.a(memcpy_chk.os)
 .eh_frame      0x0000000000005978       0x30 /home/eidengenossen/code/ware/warey/gnu/libc_pic.a(memmove_chk.os)
 .eh_frame      0x00000000000059a8       0x30 /home/eidengenossen/code/ware/warey/gnu/libc_pic.a(mempcpy_chk.os)
 .eh_frame      0x00000000000059d8       0x30 /home/eidengenossen/code/ware/warey/gnu/libc_pic.a(memset_chk.os)
 .eh_frame      0x0000000000005a08       0x50 /home/eidengenossen/code/ware/warey/gnu/libc_pic.a(stpcpy_chk.os)
 .eh_frame      0x0000000000005a58       0x48 /home/eidengenossen/code/ware/warey/gnu/libc_pic.a(strcpy_chk.os)
 .eh_frame      0x0000000000005aa0       0x30 /home/eidengenossen/code/ware/warey/gnu/libc_pic.a(dl-addr-obj.os)
 .eh_frame      0x0000000000005ad0       0xc8 /home/eidengenossen/code/ware/warey/gnu/libc_pic.a(libc_sigaction.os)
                                         0xd0 (size before relaxing)
 .eh_frame      0x0000000000005b98       0x30 /home/eidengenossen/code/ware/warey/gnu/libc_pic.a(errname.os)
 .eh_frame      0x0000000000005bc8       0x30 /home/eidengenossen/code/ware/warey/gnu/libc_pic.a(strchrnul.os)
 .eh_frame      0x0000000000005bf8       0x30 /home/eidengenossen/code/ware/warey/gnu/libc_pic.a(strchrnul-avx2.os)
 .eh_frame      0x0000000000005c28       0x30 /home/eidengenossen/code/ware/warey/gnu/libc_pic.a(strchrnul-avx2-rtm.os)
 .eh_frame      0x0000000000005c58       0x30 /home/eidengenossen/code/ware/warey/gnu/libc_pic.a(strchrnul-evex.os)
 .eh_frame      0x0000000000005c88       0x30 /home/eidengenossen/code/ware/warey/gnu/libc_pic.a(strchrnul-sse2.os)
 .eh_frame      0x0000000000005cb8       0x30 /home/eidengenossen/code/ware/warey/gnu/libc_pic.a(setitimer.os)
 .eh_frame      0x0000000000005ce8       0x2c /home/eidengenossen/code/ware/warey/gnu/libc_pic.a(getdents64.os)
                                         0x30 (size before relaxing)

.sframe
 *(.sframe)

.gcc_except_table
 *(.gcc_except_table)

.gnu_extab
 *(.gnu_extab*)

.exception_ranges
 *(.exception_ranges)

.note.build-id
 *(.note.build-id)

.note.GNU-stack
                0x0000000000005d14        0x0
 *(.note.GNU-stack)
 .note.GNU-stack
                0x0000000000005d14        0x0 /home/eidengenossen/code/ware/warey/gnu/elf/librtld.mapT.o
 .note.GNU-stack
                0x0000000000005d14        0x0 /home/eidengenossen/code/ware/warey/gnu/elf/dl-allobjs.os
 .note.GNU-stack
                0x0000000000005d14        0x0 /home/eidengenossen/code/ware/warey/gnu/libc_pic.a(check_fds.os)
 .note.GNU-stack
                0x0000000000005d14        0x0 /home/eidengenossen/code/ware/warey/gnu/libc_pic.a(errno.os)
 .note.GNU-stack
                0x0000000000005d14        0x0 /home/eidengenossen/code/ware/warey/gnu/libc_pic.a(setjmp.os)
 .note.GNU-stack
                0x0000000000005d14        0x0 /home/eidengenossen/code/ware/warey/gnu/libc_pic.a(__longjmp.os)
 .note.GNU-stack
                0x0000000000005d14        0x0 /home/eidengenossen/code/ware/warey/gnu/libc_pic.a(getenv.os)
 .note.GNU-stack
                0x0000000000005d14        0x0 /home/eidengenossen/code/ware/warey/gnu/libc_pic.a(_fitoa_word.os)
 .note.GNU-stack
                0x0000000000005d14        0x0 /home/eidengenossen/code/ware/warey/gnu/libc_pic.a(itoa-udigits.os)
 .note.GNU-stack
                0x0000000000005d14        0x0 /home/eidengenossen/code/ware/warey/gnu/libc_pic.a(lowlevellock.os)
 .note.GNU-stack
                0x0000000000005d14        0x0 /home/eidengenossen/code/ware/warey/gnu/libc_pic.a(scratch_buffer_set_array_size.os)
 .note.GNU-stack
                0x0000000000005d14        0x0 /home/eidengenossen/code/ware/warey/gnu/libc_pic.a(memchr.os)
 .note.GNU-stack
                0x0000000000005d14        0x0 /home/eidengenossen/code/ware/warey/gnu/libc_pic.a(memcmp.os)
 .note.GNU-stack
                0x0000000000005d14        0x0 /home/eidengenossen/code/ware/warey/gnu/libc_pic.a(memcpy.os)
 .note.GNU-stack
                0x0000000000005d14        0x0 /home/eidengenossen/code/ware/warey/gnu/libc_pic.a(memmove.os)
 .note.GNU-stack
                0x0000000000005d14        0x0 /home/eidengenossen/code/ware/warey/gnu/libc_pic.a(mempcpy.os)
 .note.GNU-stack
                0x0000000000005d14        0x0 /home/eidengenossen/code/ware/warey/gnu/libc_pic.a(memset.os)
 .note.GNU-stack
                0x0000000000005d14        0x0 /home/eidengenossen/code/ware/warey/gnu/libc_pic.a(stpcpy.os)
 .note.GNU-stack
                0x0000000000005d14        0x0 /home/eidengenossen/code/ware/warey/gnu/libc_pic.a(strcat.os)
 .note.GNU-stack
                0x0000000000005d14        0x0 /home/eidengenossen/code/ware/warey/gnu/libc_pic.a(strchr.os)
 .note.GNU-stack
                0x0000000000005d14        0x0 /home/eidengenossen/code/ware/warey/gnu/libc_pic.a(strcmp.os)
 .note.GNU-stack
                0x0000000000005d14        0x0 /home/eidengenossen/code/ware/warey/gnu/libc_pic.a(strcpy.os)
 .note.GNU-stack
                0x0000000000005d14        0x0 /home/eidengenossen/code/ware/warey/gnu/libc_pic.a(strcspn.os)
 .note.GNU-stack
                0x0000000000005d14        0x0 /home/eidengenossen/code/ware/warey/gnu/libc_pic.a(strdup.os)
 .note.GNU-stack
                0x0000000000005d14        0x0 /home/eidengenossen/code/ware/warey/gnu/libc_pic.a(strerrorname_np.os)
 .note.GNU-stack